Linked: (/home/abscissa/dx_final/devel/.private/rm_msgs/lib/python3/dist-packages/rm_msgs/__init__.py, /home/abscissa/dx_final/devel/lib/python3/dist-packages/rm_msgs/__init__.py)
Linked: (/home/abscissa/dx_final/devel/.private/rm_msgs/lib/python3/dist-packages/rm_msgs/srv/_EnableImuTrigger.py, /home/abscissa/dx_final/devel/lib/python3/dist-packages/rm_msgs/srv/_EnableImuTrigger.py)
Linked: (/home/abscissa/dx_final/devel/.private/rm_msgs/lib/python3/dist-packages/rm_msgs/srv/__init__.py, /home/abscissa/dx_final/devel/lib/python3/dist-packages/rm_msgs/srv/__init__.py)
Linked: (/home/abscissa/dx_final/devel/.private/rm_msgs/lib/python3/dist-packages/rm_msgs/srv/_StatusChange.py, /home/abscissa/dx_final/devel/lib/python3/dist-packages/rm_msgs/srv/_StatusChange.py)
Linked: (/home/abscissa/dx_final/devel/.private/rm_msgs/lib/python3/dist-packages/rm_msgs/srv/_CameraStatus.py, /home/abscissa/dx_final/devel/lib/python3/dist-packages/rm_msgs/srv/_CameraStatus.py)
Linked: (/home/abscissa/dx_final/devel/.private/rm_msgs/lib/python3/dist-packages/rm_msgs/srv/_SetLimitVel.py, /home/abscissa/dx_final/devel/lib/python3/dist-packages/rm_msgs/srv/_SetLimitVel.py)
Linked: (/home/abscissa/dx_final/devel/.private/rm_msgs/lib/python3/dist-packages/rm_msgs/srv/_ContinousDetectorSwitch.py, /home/abscissa/dx_final/devel/lib/python3/dist-packages/rm_msgs/srv/_ContinousDetectorSwitch.py)
Linked: (/home/abscissa/dx_final/devel/.private/rm_msgs/lib/python3/dist-packages/rm_msgs/srv/_EnableGyro.py, /home/abscissa/dx_final/devel/lib/python3/dist-packages/rm_msgs/srv/_EnableGyro.py)
Linked: (/home/abscissa/dx_final/devel/.private/rm_msgs/lib/python3/dist-packages/rm_msgs/msg/_PowerManagementProcessStackOverflowData.py, /home/abscissa/dx_final/devel/lib/python3/dist-packages/rm_msgs/msg/_PowerManagementProcessStackOverflowData.py)
Linked: (/home/abscissa/dx_final/devel/.private/rm_msgs/lib/python3/dist-packages/rm_msgs/msg/_GameRobotHp.py, /home/abscissa/dx_final/devel/lib/python3/dist-packages/rm_msgs/msg/_GameRobotHp.py)
Linked: (/home/abscissa/dx_final/devel/.private/rm_msgs/lib/python3/dist-packages/rm_msgs/msg/_SentryDeviate.py, /home/abscissa/dx_final/devel/lib/python3/dist-packages/rm_msgs/msg/_SentryDeviate.py)
Linked: (/home/abscissa/dx_final/devel/.private/rm_msgs/lib/python3/dist-packages/rm_msgs/msg/_EngineerActionGoal.py, /home/abscissa/dx_final/devel/lib/python3/dist-packages/rm_msgs/msg/_EngineerActionGoal.py)
Linked: (/home/abscissa/dx_final/devel/.private/rm_msgs/lib/python3/dist-packages/rm_msgs/msg/_TargetDetectionArray.py, /home/abscissa/dx_final/devel/lib/python3/dist-packages/rm_msgs/msg/_TargetDetectionArray.py)
Linked: (/home/abscissa/dx_final/devel/.private/rm_msgs/lib/python3/dist-packages/rm_msgs/msg/_ShootState.py, /home/abscissa/dx_final/devel/lib/python3/dist-packages/rm_msgs/msg/_ShootState.py)
Linked: (/home/abscissa/dx_final/devel/.private/rm_msgs/lib/python3/dist-packages/rm_msgs/msg/_KalmanData.py, /home/abscissa/dx_final/devel/lib/python3/dist-packages/rm_msgs/msg/_KalmanData.py)
Linked: (/home/abscissa/dx_final/devel/.private/rm_msgs/lib/python3/dist-packages/rm_msgs/msg/_PowerManagementInitializationExceptionData.py, /home/abscissa/dx_final/devel/lib/python3/dist-packages/rm_msgs/msg/_PowerManagementInitializationExceptionData.py)
Linked: (/home/abscissa/dx_final/devel/.private/rm_msgs/lib/python3/dist-packages/rm_msgs/msg/_EngineerGoal.py, /home/abscissa/dx_final/devel/lib/python3/dist-packages/rm_msgs/msg/_EngineerGoal.py)
Linked: (/home/abscissa/dx_final/devel/.private/rm_msgs/lib/python3/dist-packages/rm_msgs/msg/_PowerManagementSystemExceptionData.py, /home/abscissa/dx_final/devel/lib/python3/dist-packages/rm_msgs/msg/_PowerManagementSystemExceptionData.py)
Linked: (/home/abscissa/dx_final/devel/.private/rm_msgs/lib/python3/dist-packages/rm_msgs/msg/_TofRadarData.py, /home/abscissa/dx_final/devel/lib/python3/dist-packages/rm_msgs/msg/_TofRadarData.py)
Linked: (/home/abscissa/dx_final/devel/.private/rm_msgs/lib/python3/dist-packages/rm_msgs/msg/_SentryCmd.py, /home/abscissa/dx_final/devel/lib/python3/dist-packages/rm_msgs/msg/_SentryCmd.py)
Linked: (/home/abscissa/dx_final/devel/.private/rm_msgs/lib/python3/dist-packages/rm_msgs/msg/_ShootCmd.py, /home/abscissa/dx_final/devel/lib/python3/dist-packages/rm_msgs/msg/_ShootCmd.py)
Linked: (/home/abscissa/dx_final/devel/.private/rm_msgs/lib/python3/dist-packages/rm_msgs/msg/_PowerHeatData.py, /home/abscissa/dx_final/devel/lib/python3/dist-packages/rm_msgs/msg/_PowerHeatData.py)
Linked: (/home/abscissa/dx_final/devel/.private/rm_msgs/lib/python3/dist-packages/rm_msgs/msg/_TagMsgArray.py, /home/abscissa/dx_final/devel/lib/python3/dist-packages/rm_msgs/msg/_TagMsgArray.py)
Linked: (/home/abscissa/dx_final/devel/.private/rm_msgs/lib/python3/dist-packages/rm_msgs/msg/_ShootData.py, /home/abscissa/dx_final/devel/lib/python3/dist-packages/rm_msgs/msg/_ShootData.py)
Linked: (/home/abscissa/dx_final/devel/.private/rm_msgs/lib/python3/dist-packages/rm_msgs/msg/_MultiDofCmd.py, /home/abscissa/dx_final/devel/lib/python3/dist-packages/rm_msgs/msg/_MultiDofCmd.py)
Linked: (/home/abscissa/dx_final/devel/.private/rm_msgs/lib/python3/dist-packages/rm_msgs/msg/_VTKeyboardMouseData.py, /home/abscissa/dx_final/devel/lib/python3/dist-packages/rm_msgs/msg/_VTKeyboardMouseData.py)
Linked: (/home/abscissa/dx_final/devel/.private/rm_msgs/lib/python3/dist-packages/rm_msgs/msg/_BalanceState.py, /home/abscissa/dx_final/devel/lib/python3/dist-packages/rm_msgs/msg/_BalanceState.py)
Linked: (/home/abscissa/dx_final/devel/.private/rm_msgs/lib/python3/dist-packages/rm_msgs/msg/_GameRobotPosData.py, /home/abscissa/dx_final/devel/lib/python3/dist-packages/rm_msgs/msg/_GameRobotPosData.py)
Linked: (/home/abscissa/dx_final/devel/.private/rm_msgs/lib/python3/dist-packages/rm_msgs/msg/_ExchangerMsg.py, /home/abscissa/dx_final/devel/lib/python3/dist-packages/rm_msgs/msg/_ExchangerMsg.py)
Linked: (/home/abscissa/dx_final/devel/.private/rm_msgs/lib/python3/dist-packages/rm_msgs/msg/_ManualToReferee.py, /home/abscissa/dx_final/devel/lib/python3/dist-packages/rm_msgs/msg/_ManualToReferee.py)
Linked: (/home/abscissa/dx_final/devel/.private/rm_msgs/lib/python3/dist-packages/rm_msgs/msg/_GameRobotStatus.py, /home/abscissa/dx_final/devel/lib/python3/dist-packages/rm_msgs/msg/_GameRobotStatus.py)
Linked: (/home/abscissa/dx_final/devel/.private/rm_msgs/lib/python3/dist-packages/rm_msgs/msg/_SupplyProjectileAction.py, /home/abscissa/dx_final/devel/lib/python3/dist-packages/rm_msgs/msg/_SupplyProjectileAction.py)
Linked: (/home/abscissa/dx_final/devel/.private/rm_msgs/lib/python3/dist-packages/rm_msgs/msg/__init__.py, /home/abscissa/dx_final/devel/lib/python3/dist-packages/rm_msgs/msg/__init__.py)
Linked: (/home/abscissa/dx_final/devel/.private/rm_msgs/lib/python3/dist-packages/rm_msgs/msg/_DartStatus.py, /home/abscissa/dx_final/devel/lib/python3/dist-packages/rm_msgs/msg/_DartStatus.py)
Linked: (/home/abscissa/dx_final/devel/.private/rm_msgs/lib/python3/dist-packages/rm_msgs/msg/_PowerManagementSampleAndStatusData.py, /home/abscissa/dx_final/devel/lib/python3/dist-packages/rm_msgs/msg/_PowerManagementSampleAndStatusData.py)
Linked: (/home/abscissa/dx_final/devel/.private/rm_msgs/lib/python3/dist-packages/rm_msgs/msg/_GimbalPosState.py, /home/abscissa/dx_final/devel/lib/python3/dist-packages/rm_msgs/msg/_GimbalPosState.py)
Linked: (/home/abscissa/dx_final/devel/.private/rm_msgs/lib/python3/dist-packages/rm_msgs/msg/_DartInfo.py, /home/abscissa/dx_final/devel/lib/python3/dist-packages/rm_msgs/msg/_DartInfo.py)
Linked: (/home/abscissa/dx_final/devel/.private/rm_msgs/lib/python3/dist-packages/rm_msgs/msg/_EventData.py, /home/abscissa/dx_final/devel/lib/python3/dist-packages/rm_msgs/msg/_EventData.py)
Linked: (/home/abscissa/dx_final/devel/.private/rm_msgs/lib/python3/dist-packages/rm_msgs/msg/_EngineerResult.py, /home/abscissa/dx_final/devel/lib/python3/dist-packages/rm_msgs/msg/_EngineerResult.py)
Linked: (/home/abscissa/dx_final/devel/.private/rm_msgs/lib/python3/dist-packages/rm_msgs/msg/_RadarToSentry.py, /home/abscissa/dx_final/devel/lib/python3/dist-packages/rm_msgs/msg/_RadarToSentry.py)
Linked: (/home/abscissa/dx_final/devel/.private/rm_msgs/lib/python3/dist-packages/rm_msgs/msg/_ClientMapReceiveData.py, /home/abscissa/dx_final/devel/lib/python3/dist-packages/rm_msgs/msg/_ClientMapReceiveData.py)
Linked: (/home/abscissa/dx_final/devel/.private/rm_msgs/lib/python3/dist-packages/rm_msgs/msg/_RobotsPositionData.py, /home/abscissa/dx_final/devel/lib/python3/dist-packages/rm_msgs/msg/_RobotsPositionData.py)
Linked: (/home/abscissa/dx_final/devel/.private/rm_msgs/lib/python3/dist-packages/rm_msgs/msg/_GpioData.py, /home/abscissa/dx_final/devel/lib/python3/dist-packages/rm_msgs/msg/_GpioData.py)
Linked: (/home/abscissa/dx_final/devel/.private/rm_msgs/lib/python3/dist-packages/rm_msgs/msg/_DbusData.py, /home/abscissa/dx_final/devel/lib/python3/dist-packages/rm_msgs/msg/_DbusData.py)
Linked: (/home/abscissa/dx_final/devel/.private/rm_msgs/lib/python3/dist-packages/rm_msgs/msg/_IcraBuffDebuffZoneStatus.py, /home/abscissa/dx_final/devel/lib/python3/dist-packages/rm_msgs/msg/_IcraBuffDebuffZoneStatus.py)
Linked: (/home/abscissa/dx_final/devel/.private/rm_msgs/lib/python3/dist-packages/rm_msgs/msg/_StateCmd.py, /home/abscissa/dx_final/devel/lib/python3/dist-packages/rm_msgs/msg/_StateCmd.py)
Linked: (/home/abscissa/dx_final/devel/.private/rm_msgs/lib/python3/dist-packages/rm_msgs/msg/_LegCmd.py, /home/abscissa/dx_final/devel/lib/python3/dist-packages/rm_msgs/msg/_LegCmd.py)
Linked: (/home/abscissa/dx_final/devel/.private/rm_msgs/lib/python3/dist-packages/rm_msgs/msg/_ShootBeforehandCmd.py, /home/abscissa/dx_final/devel/lib/python3/dist-packages/rm_msgs/msg/_ShootBeforehandCmd.py)
Linked: (/home/abscissa/dx_final/devel/.private/rm_msgs/lib/python3/dist-packages/rm_msgs/msg/_RadarInfo.py, /home/abscissa/dx_final/devel/lib/python3/dist-packages/rm_msgs/msg/_RadarInfo.py)
Linked: (/home/abscissa/dx_final/devel/.private/rm_msgs/lib/python3/dist-packages/rm_msgs/msg/_GimbalCmd.py, /home/abscissa/dx_final/devel/lib/python3/dist-packages/rm_msgs/msg/_GimbalCmd.py)
Linked: (/home/abscissa/dx_final/devel/.private/rm_msgs/lib/python3/dist-packages/rm_msgs/msg/_SentryAttackingTarget.py, /home/abscissa/dx_final/devel/lib/python3/dist-packages/rm_msgs/msg/_SentryAttackingTarget.py)
Linked: (/home/abscissa/dx_final/devel/.private/rm_msgs/lib/python3/dist-packages/rm_msgs/msg/_EngineerActionResult.py, /home/abscissa/dx_final/devel/lib/python3/dist-packages/rm_msgs/msg/_EngineerActionResult.py)
Linked: (/home/abscissa/dx_final/devel/.private/rm_msgs/lib/python3/dist-packages/rm_msgs/msg/_DartClientCmd.py, /home/abscissa/dx_final/devel/lib/python3/dist-packages/rm_msgs/msg/_DartClientCmd.py)
Linked: (/home/abscissa/dx_final/devel/.private/rm_msgs/lib/python3/dist-packages/rm_msgs/msg/_EngineerUi.py, /home/abscissa/dx_final/devel/lib/python3/dist-packages/rm_msgs/msg/_EngineerUi.py)
Linked: (/home/abscissa/dx_final/devel/.private/rm_msgs/lib/python3/dist-packages/rm_msgs/msg/_GameStatus.py, /home/abscissa/dx_final/devel/lib/python3/dist-packages/rm_msgs/msg/_GameStatus.py)
Linked: (/home/abscissa/dx_final/devel/.private/rm_msgs/lib/python3/dist-packages/rm_msgs/msg/_LpData.py, /home/abscissa/dx_final/devel/lib/python3/dist-packages/rm_msgs/msg/_LpData.py)
Linked: (/home/abscissa/dx_final/devel/.private/rm_msgs/lib/python3/dist-packages/rm_msgs/msg/_TagMsg.py, /home/abscissa/dx_final/devel/lib/python3/dist-packages/rm_msgs/msg/_TagMsg.py)
Linked: (/home/abscissa/dx_final/devel/.private/rm_msgs/lib/python3/dist-packages/rm_msgs/msg/_EngineerActionFeedback.py, /home/abscissa/dx_final/devel/lib/python3/dist-packages/rm_msgs/msg/_EngineerActionFeedback.py)
Linked: (/home/abscissa/dx_final/devel/.private/rm_msgs/lib/python3/dist-packages/rm_msgs/msg/_RadarMarkData.py, /home/abscissa/dx_final/devel/lib/python3/dist-packages/rm_msgs/msg/_RadarMarkData.py)
Linked: (/home/abscissa/dx_final/devel/.private/rm_msgs/lib/python3/dist-packages/rm_msgs/msg/_RobotHurt.py, /home/abscissa/dx_final/devel/lib/python3/dist-packages/rm_msgs/msg/_RobotHurt.py)
Linked: (/home/abscissa/dx_final/devel/.private/rm_msgs/lib/python3/dist-packages/rm_msgs/msg/_LocalHeatState.py, /home/abscissa/dx_final/devel/lib/python3/dist-packages/rm_msgs/msg/_LocalHeatState.py)
Linked: (/home/abscissa/dx_final/devel/.private/rm_msgs/lib/python3/dist-packages/rm_msgs/msg/_EngineerAction.py, /home/abscissa/dx_final/devel/lib/python3/dist-packages/rm_msgs/msg/_EngineerAction.py)
Linked: (/home/abscissa/dx_final/devel/.private/rm_msgs/lib/python3/dist-packages/rm_msgs/msg/_ChassisCmd.py, /home/abscissa/dx_final/devel/lib/python3/dist-packages/rm_msgs/msg/_ChassisCmd.py)
Linked: (/home/abscissa/dx_final/devel/.private/rm_msgs/lib/python3/dist-packages/rm_msgs/msg/_ClientMapSendData.py, /home/abscissa/dx_final/devel/lib/python3/dist-packages/rm_msgs/msg/_ClientMapSendData.py)
Linked: (/home/abscissa/dx_final/devel/.private/rm_msgs/lib/python3/dist-packages/rm_msgs/msg/_VTReceiverControlData.py, /home/abscissa/dx_final/devel/lib/python3/dist-packages/rm_msgs/msg/_VTReceiverControlData.py)
Linked: (/home/abscissa/dx_final/devel/.private/rm_msgs/lib/python3/dist-packages/rm_msgs/msg/_Dart.py, /home/abscissa/dx_final/devel/lib/python3/dist-packages/rm_msgs/msg/_Dart.py)
Linked: (/home/abscissa/dx_final/devel/.private/rm_msgs/lib/python3/dist-packages/rm_msgs/msg/_CustomControllerData.py, /home/abscissa/dx_final/devel/lib/python3/dist-packages/rm_msgs/msg/_CustomControllerData.py)
Linked: (/home/abscissa/dx_final/devel/.private/rm_msgs/lib/python3/dist-packages/rm_msgs/msg/_RadarData.py, /home/abscissa/dx_final/devel/lib/python3/dist-packages/rm_msgs/msg/_RadarData.py)
Linked: (/home/abscissa/dx_final/devel/.private/rm_msgs/lib/python3/dist-packages/rm_msgs/msg/_TrackData.py, /home/abscissa/dx_final/devel/lib/python3/dist-packages/rm_msgs/msg/_TrackData.py)
Linked: (/home/abscissa/dx_final/devel/.private/rm_msgs/lib/python3/dist-packages/rm_msgs/msg/_PriorityArray.py, /home/abscissa/dx_final/devel/lib/python3/dist-packages/rm_msgs/msg/_PriorityArray.py)
Linked: (/home/abscissa/dx_final/devel/.private/rm_msgs/lib/python3/dist-packages/rm_msgs/msg/_VisualizeStateData.py, /home/abscissa/dx_final/devel/lib/python3/dist-packages/rm_msgs/msg/_VisualizeStateData.py)
Linked: (/home/abscissa/dx_final/devel/.private/rm_msgs/lib/python3/dist-packages/rm_msgs/msg/_CapacityData.py, /home/abscissa/dx_final/devel/lib/python3/dist-packages/rm_msgs/msg/_CapacityData.py)
Linked: (/home/abscissa/dx_final/devel/.private/rm_msgs/lib/python3/dist-packages/rm_msgs/msg/_EngineerFeedback.py, /home/abscissa/dx_final/devel/lib/python3/dist-packages/rm_msgs/msg/_EngineerFeedback.py)
Linked: (/home/abscissa/dx_final/devel/.private/rm_msgs/lib/python3/dist-packages/rm_msgs/msg/_PowerManagementUnknownExceptionData.py, /home/abscissa/dx_final/devel/lib/python3/dist-packages/rm_msgs/msg/_PowerManagementUnknownExceptionData.py)
Linked: (/home/abscissa/dx_final/devel/.private/rm_msgs/lib/python3/dist-packages/rm_msgs/msg/_MovingAverageData.py, /home/abscissa/dx_final/devel/lib/python3/dist-packages/rm_msgs/msg/_MovingAverageData.py)
Linked: (/home/abscissa/dx_final/devel/.private/rm_msgs/lib/python3/dist-packages/rm_msgs/msg/_MapSentryData.py, /home/abscissa/dx_final/devel/lib/python3/dist-packages/rm_msgs/msg/_MapSentryData.py)
Linked: (/home/abscissa/dx_final/devel/.private/rm_msgs/lib/python3/dist-packages/rm_msgs/msg/_RfidStatus.py, /home/abscissa/dx_final/devel/lib/python3/dist-packages/rm_msgs/msg/_RfidStatus.py)
Linked: (/home/abscissa/dx_final/devel/.private/rm_msgs/lib/python3/dist-packages/rm_msgs/msg/_BusState.py, /home/abscissa/dx_final/devel/lib/python3/dist-packages/rm_msgs/msg/_BusState.py)
Linked: (/home/abscissa/dx_final/devel/.private/rm_msgs/lib/python3/dist-packages/rm_msgs/msg/_ActuatorState.py, /home/abscissa/dx_final/devel/lib/python3/dist-packages/rm_msgs/msg/_ActuatorState.py)
Linked: (/home/abscissa/dx_final/devel/.private/rm_msgs/lib/python3/dist-packages/rm_msgs/msg/_GimbalDesError.py, /home/abscissa/dx_final/devel/lib/python3/dist-packages/rm_msgs/msg/_GimbalDesError.py)
Linked: (/home/abscissa/dx_final/devel/.private/rm_msgs/lib/python3/dist-packages/rm_msgs/msg/_TargetDetection.py, /home/abscissa/dx_final/devel/lib/python3/dist-packages/rm_msgs/msg/_TargetDetection.py)
Linked: (/home/abscissa/dx_final/devel/.private/rm_msgs/lib/python3/dist-packages/rm_msgs/msg/_BulletAllowance.py, /home/abscissa/dx_final/devel/lib/python3/dist-packages/rm_msgs/msg/_BulletAllowance.py)
Linked: (/home/abscissa/dx_final/devel/.private/rm_msgs/lib/python3/dist-packages/rm_msgs/msg/_Buff.py, /home/abscissa/dx_final/devel/lib/python3/dist-packages/rm_msgs/msg/_Buff.py)
Linked: (/home/abscissa/dx_final/devel/.private/rm_msgs/lib/python3/dist-packages/rm_msgs/msg/_SentryInfo.py, /home/abscissa/dx_final/devel/lib/python3/dist-packages/rm_msgs/msg/_SentryInfo.py)
Linked: (/home/abscissa/dx_final/devel/.private/rm_msgs/lib/pkgconfig/rm_msgs.pc, /home/abscissa/dx_final/devel/lib/pkgconfig/rm_msgs.pc)
Linked: (/home/abscissa/dx_final/devel/.private/rm_msgs/share/gennodejs/ros/rm_msgs/_index.js, /home/abscissa/dx_final/devel/share/gennodejs/ros/rm_msgs/_index.js)
Linked: (/home/abscissa/dx_final/devel/.private/rm_msgs/share/gennodejs/ros/rm_msgs/srv/_index.js, /home/abscissa/dx_final/devel/share/gennodejs/ros/rm_msgs/srv/_index.js)
Linked: (/home/abscissa/dx_final/devel/.private/rm_msgs/share/gennodejs/ros/rm_msgs/srv/EnableImuTrigger.js, /home/abscissa/dx_final/devel/share/gennodejs/ros/rm_msgs/srv/EnableImuTrigger.js)
Linked: (/home/abscissa/dx_final/devel/.private/rm_msgs/share/gennodejs/ros/rm_msgs/srv/StatusChange.js, /home/abscissa/dx_final/devel/share/gennodejs/ros/rm_msgs/srv/StatusChange.js)
Linked: (/home/abscissa/dx_final/devel/.private/rm_msgs/share/gennodejs/ros/rm_msgs/srv/ContinousDetectorSwitch.js, /home/abscissa/dx_final/devel/share/gennodejs/ros/rm_msgs/srv/ContinousDetectorSwitch.js)
Linked: (/home/abscissa/dx_final/devel/.private/rm_msgs/share/gennodejs/ros/rm_msgs/srv/EnableGyro.js, /home/abscissa/dx_final/devel/share/gennodejs/ros/rm_msgs/srv/EnableGyro.js)
Linked: (/home/abscissa/dx_final/devel/.private/rm_msgs/share/gennodejs/ros/rm_msgs/srv/CameraStatus.js, /home/abscissa/dx_final/devel/share/gennodejs/ros/rm_msgs/srv/CameraStatus.js)
Linked: (/home/abscissa/dx_final/devel/.private/rm_msgs/share/gennodejs/ros/rm_msgs/srv/SetLimitVel.js, /home/abscissa/dx_final/devel/share/gennodejs/ros/rm_msgs/srv/SetLimitVel.js)
Linked: (/home/abscissa/dx_final/devel/.private/rm_msgs/share/gennodejs/ros/rm_msgs/msg/ClientMapSendData.js, /home/abscissa/dx_final/devel/share/gennodejs/ros/rm_msgs/msg/ClientMapSendData.js)
Linked: (/home/abscissa/dx_final/devel/.private/rm_msgs/share/gennodejs/ros/rm_msgs/msg/VTReceiverControlData.js, /home/abscissa/dx_final/devel/share/gennodejs/ros/rm_msgs/msg/VTReceiverControlData.js)
Linked: (/home/abscissa/dx_final/devel/.private/rm_msgs/share/gennodejs/ros/rm_msgs/msg/_index.js, /home/abscissa/dx_final/devel/share/gennodejs/ros/rm_msgs/msg/_index.js)
Linked: (/home/abscissa/dx_final/devel/.private/rm_msgs/share/gennodejs/ros/rm_msgs/msg/EngineerActionFeedback.js, /home/abscissa/dx_final/devel/share/gennodejs/ros/rm_msgs/msg/EngineerActionFeedback.js)
Linked: (/home/abscissa/dx_final/devel/.private/rm_msgs/share/gennodejs/ros/rm_msgs/msg/ShootState.js, /home/abscissa/dx_final/devel/share/gennodejs/ros/rm_msgs/msg/ShootState.js)
Linked: (/home/abscissa/dx_final/devel/.private/rm_msgs/share/gennodejs/ros/rm_msgs/msg/KalmanData.js, /home/abscissa/dx_final/devel/share/gennodejs/ros/rm_msgs/msg/KalmanData.js)
Linked: (/home/abscissa/dx_final/devel/.private/rm_msgs/share/gennodejs/ros/rm_msgs/msg/PowerManagementSystemExceptionData.js, /home/abscissa/dx_final/devel/share/gennodejs/ros/rm_msgs/msg/PowerManagementSystemExceptionData.js)
Linked: (/home/abscissa/dx_final/devel/.private/rm_msgs/share/gennodejs/ros/rm_msgs/msg/MovingAverageData.js, /home/abscissa/dx_final/devel/share/gennodejs/ros/rm_msgs/msg/MovingAverageData.js)
Linked: (/home/abscissa/dx_final/devel/.private/rm_msgs/share/gennodejs/ros/rm_msgs/msg/ChassisCmd.js, /home/abscissa/dx_final/devel/share/gennodejs/ros/rm_msgs/msg/ChassisCmd.js)
Linked: (/home/abscissa/dx_final/devel/.private/rm_msgs/share/gennodejs/ros/rm_msgs/msg/RobotsPositionData.js, /home/abscissa/dx_final/devel/share/gennodejs/ros/rm_msgs/msg/RobotsPositionData.js)
Linked: (/home/abscissa/dx_final/devel/.private/rm_msgs/share/gennodejs/ros/rm_msgs/msg/TofRadarData.js, /home/abscissa/dx_final/devel/share/gennodejs/ros/rm_msgs/msg/TofRadarData.js)
Linked: (/home/abscissa/dx_final/devel/.private/rm_msgs/share/gennodejs/ros/rm_msgs/msg/SentryAttackingTarget.js, /home/abscissa/dx_final/devel/share/gennodejs/ros/rm_msgs/msg/SentryAttackingTarget.js)
Linked: (/home/abscissa/dx_final/devel/.private/rm_msgs/share/gennodejs/ros/rm_msgs/msg/MultiDofCmd.js, /home/abscissa/dx_final/devel/share/gennodejs/ros/rm_msgs/msg/MultiDofCmd.js)
Linked: (/home/abscissa/dx_final/devel/.private/rm_msgs/share/gennodejs/ros/rm_msgs/msg/StateCmd.js, /home/abscissa/dx_final/devel/share/gennodejs/ros/rm_msgs/msg/StateCmd.js)
Linked: (/home/abscissa/dx_final/devel/.private/rm_msgs/share/gennodejs/ros/rm_msgs/msg/MapSentryData.js, /home/abscissa/dx_final/devel/share/gennodejs/ros/rm_msgs/msg/MapSentryData.js)
Linked: (/home/abscissa/dx_final/devel/.private/rm_msgs/share/gennodejs/ros/rm_msgs/msg/EngineerUi.js, /home/abscissa/dx_final/devel/share/gennodejs/ros/rm_msgs/msg/EngineerUi.js)
Linked: (/home/abscissa/dx_final/devel/.private/rm_msgs/share/gennodejs/ros/rm_msgs/msg/GameRobotStatus.js, /home/abscissa/dx_final/devel/share/gennodejs/ros/rm_msgs/msg/GameRobotStatus.js)
Linked: (/home/abscissa/dx_final/devel/.private/rm_msgs/share/gennodejs/ros/rm_msgs/msg/Dart.js, /home/abscissa/dx_final/devel/share/gennodejs/ros/rm_msgs/msg/Dart.js)
Linked: (/home/abscissa/dx_final/devel/.private/rm_msgs/share/gennodejs/ros/rm_msgs/msg/EngineerGoal.js, /home/abscissa/dx_final/devel/share/gennodejs/ros/rm_msgs/msg/EngineerGoal.js)
Linked: (/home/abscissa/dx_final/devel/.private/rm_msgs/share/gennodejs/ros/rm_msgs/msg/TrackData.js, /home/abscissa/dx_final/devel/share/gennodejs/ros/rm_msgs/msg/TrackData.js)
Linked: (/home/abscissa/dx_final/devel/.private/rm_msgs/share/gennodejs/ros/rm_msgs/msg/LocalHeatState.js, /home/abscissa/dx_final/devel/share/gennodejs/ros/rm_msgs/msg/LocalHeatState.js)
Linked: (/home/abscissa/dx_final/devel/.private/rm_msgs/share/gennodejs/ros/rm_msgs/msg/SentryCmd.js, /home/abscissa/dx_final/devel/share/gennodejs/ros/rm_msgs/msg/SentryCmd.js)
Linked: (/home/abscissa/dx_final/devel/.private/rm_msgs/share/gennodejs/ros/rm_msgs/msg/PowerManagementUnknownExceptionData.js, /home/abscissa/dx_final/devel/share/gennodejs/ros/rm_msgs/msg/PowerManagementUnknownExceptionData.js)
Linked: (/home/abscissa/dx_final/devel/.private/rm_msgs/share/gennodejs/ros/rm_msgs/msg/RadarToSentry.js, /home/abscissa/dx_final/devel/share/gennodejs/ros/rm_msgs/msg/RadarToSentry.js)
Linked: (/home/abscissa/dx_final/devel/.private/rm_msgs/share/gennodejs/ros/rm_msgs/msg/ShootData.js, /home/abscissa/dx_final/devel/share/gennodejs/ros/rm_msgs/msg/ShootData.js)
Linked: (/home/abscissa/dx_final/devel/.private/rm_msgs/share/gennodejs/ros/rm_msgs/msg/GimbalDesError.js, /home/abscissa/dx_final/devel/share/gennodejs/ros/rm_msgs/msg/GimbalDesError.js)
Linked: (/home/abscissa/dx_final/devel/.private/rm_msgs/share/gennodejs/ros/rm_msgs/msg/TagMsg.js, /home/abscissa/dx_final/devel/share/gennodejs/ros/rm_msgs/msg/TagMsg.js)
Linked: (/home/abscissa/dx_final/devel/.private/rm_msgs/share/gennodejs/ros/rm_msgs/msg/EngineerFeedback.js, /home/abscissa/dx_final/devel/share/gennodejs/ros/rm_msgs/msg/EngineerFeedback.js)
Linked: (/home/abscissa/dx_final/devel/.private/rm_msgs/share/gennodejs/ros/rm_msgs/msg/ExchangerMsg.js, /home/abscissa/dx_final/devel/share/gennodejs/ros/rm_msgs/msg/ExchangerMsg.js)
Linked: (/home/abscissa/dx_final/devel/.private/rm_msgs/share/gennodejs/ros/rm_msgs/msg/Buff.js, /home/abscissa/dx_final/devel/share/gennodejs/ros/rm_msgs/msg/Buff.js)
Linked: (/home/abscissa/dx_final/devel/.private/rm_msgs/share/gennodejs/ros/rm_msgs/msg/RadarData.js, /home/abscissa/dx_final/devel/share/gennodejs/ros/rm_msgs/msg/RadarData.js)
Linked: (/home/abscissa/dx_final/devel/.private/rm_msgs/share/gennodejs/ros/rm_msgs/msg/VTKeyboardMouseData.js, /home/abscissa/dx_final/devel/share/gennodejs/ros/rm_msgs/msg/VTKeyboardMouseData.js)
Linked: (/home/abscissa/dx_final/devel/.private/rm_msgs/share/gennodejs/ros/rm_msgs/msg/DartStatus.js, /home/abscissa/dx_final/devel/share/gennodejs/ros/rm_msgs/msg/DartStatus.js)
Linked: (/home/abscissa/dx_final/devel/.private/rm_msgs/share/gennodejs/ros/rm_msgs/msg/BulletAllowance.js, /home/abscissa/dx_final/devel/share/gennodejs/ros/rm_msgs/msg/BulletAllowance.js)
Linked: (/home/abscissa/dx_final/devel/.private/rm_msgs/share/gennodejs/ros/rm_msgs/msg/CustomControllerData.js, /home/abscissa/dx_final/devel/share/gennodejs/ros/rm_msgs/msg/CustomControllerData.js)
Linked: (/home/abscissa/dx_final/devel/.private/rm_msgs/share/gennodejs/ros/rm_msgs/msg/ShootCmd.js, /home/abscissa/dx_final/devel/share/gennodejs/ros/rm_msgs/msg/ShootCmd.js)
Linked: (/home/abscissa/dx_final/devel/.private/rm_msgs/share/gennodejs/ros/rm_msgs/msg/EngineerResult.js, /home/abscissa/dx_final/devel/share/gennodejs/ros/rm_msgs/msg/EngineerResult.js)
Linked: (/home/abscissa/dx_final/devel/.private/rm_msgs/share/gennodejs/ros/rm_msgs/msg/ShootBeforehandCmd.js, /home/abscissa/dx_final/devel/share/gennodejs/ros/rm_msgs/msg/ShootBeforehandCmd.js)
Linked: (/home/abscissa/dx_final/devel/.private/rm_msgs/share/gennodejs/ros/rm_msgs/msg/LegCmd.js, /home/abscissa/dx_final/devel/share/gennodejs/ros/rm_msgs/msg/LegCmd.js)
Linked: (/home/abscissa/dx_final/devel/.private/rm_msgs/share/gennodejs/ros/rm_msgs/msg/RadarMarkData.js, /home/abscissa/dx_final/devel/share/gennodejs/ros/rm_msgs/msg/RadarMarkData.js)
Linked: (/home/abscissa/dx_final/devel/.private/rm_msgs/share/gennodejs/ros/rm_msgs/msg/GameRobotPosData.js, /home/abscissa/dx_final/devel/share/gennodejs/ros/rm_msgs/msg/GameRobotPosData.js)
Linked: (/home/abscissa/dx_final/devel/.private/rm_msgs/share/gennodejs/ros/rm_msgs/msg/CapacityData.js, /home/abscissa/dx_final/devel/share/gennodejs/ros/rm_msgs/msg/CapacityData.js)
Linked: (/home/abscissa/dx_final/devel/.private/rm_msgs/share/gennodejs/ros/rm_msgs/msg/SentryInfo.js, /home/abscissa/dx_final/devel/share/gennodejs/ros/rm_msgs/msg/SentryInfo.js)
Linked: (/home/abscissa/dx_final/devel/.private/rm_msgs/share/gennodejs/ros/rm_msgs/msg/PowerManagementProcessStackOverflowData.js, /home/abscissa/dx_final/devel/share/gennodejs/ros/rm_msgs/msg/PowerManagementProcessStackOverflowData.js)
Linked: (/home/abscissa/dx_final/devel/.private/rm_msgs/share/gennodejs/ros/rm_msgs/msg/DbusData.js, /home/abscissa/dx_final/devel/share/gennodejs/ros/rm_msgs/msg/DbusData.js)
Linked: (/home/abscissa/dx_final/devel/.private/rm_msgs/share/gennodejs/ros/rm_msgs/msg/EngineerActionResult.js, /home/abscissa/dx_final/devel/share/gennodejs/ros/rm_msgs/msg/EngineerActionResult.js)
Linked: (/home/abscissa/dx_final/devel/.private/rm_msgs/share/gennodejs/ros/rm_msgs/msg/EventData.js, /home/abscissa/dx_final/devel/share/gennodejs/ros/rm_msgs/msg/EventData.js)
Linked: (/home/abscissa/dx_final/devel/.private/rm_msgs/share/gennodejs/ros/rm_msgs/msg/EngineerActionGoal.js, /home/abscissa/dx_final/devel/share/gennodejs/ros/rm_msgs/msg/EngineerActionGoal.js)
Linked: (/home/abscissa/dx_final/devel/.private/rm_msgs/share/gennodejs/ros/rm_msgs/msg/LpData.js, /home/abscissa/dx_final/devel/share/gennodejs/ros/rm_msgs/msg/LpData.js)
Linked: (/home/abscissa/dx_final/devel/.private/rm_msgs/share/gennodejs/ros/rm_msgs/msg/ManualToReferee.js, /home/abscissa/dx_final/devel/share/gennodejs/ros/rm_msgs/msg/ManualToReferee.js)
Linked: (/home/abscissa/dx_final/devel/.private/rm_msgs/share/gennodejs/ros/rm_msgs/msg/TargetDetectionArray.js, /home/abscissa/dx_final/devel/share/gennodejs/ros/rm_msgs/msg/TargetDetectionArray.js)
Linked: (/home/abscissa/dx_final/devel/.private/rm_msgs/share/gennodejs/ros/rm_msgs/msg/DartClientCmd.js, /home/abscissa/dx_final/devel/share/gennodejs/ros/rm_msgs/msg/DartClientCmd.js)
Linked: (/home/abscissa/dx_final/devel/.private/rm_msgs/share/gennodejs/ros/rm_msgs/msg/GpioData.js, /home/abscissa/dx_final/devel/share/gennodejs/ros/rm_msgs/msg/GpioData.js)
Linked: (/home/abscissa/dx_final/devel/.private/rm_msgs/share/gennodejs/ros/rm_msgs/msg/EngineerAction.js, /home/abscissa/dx_final/devel/share/gennodejs/ros/rm_msgs/msg/EngineerAction.js)
Linked: (/home/abscissa/dx_final/devel/.private/rm_msgs/share/gennodejs/ros/rm_msgs/msg/GimbalPosState.js, /home/abscissa/dx_final/devel/share/gennodejs/ros/rm_msgs/msg/GimbalPosState.js)
Linked: (/home/abscissa/dx_final/devel/.private/rm_msgs/share/gennodejs/ros/rm_msgs/msg/ActuatorState.js, /home/abscissa/dx_final/devel/share/gennodejs/ros/rm_msgs/msg/ActuatorState.js)
Linked: (/home/abscissa/dx_final/devel/.private/rm_msgs/share/gennodejs/ros/rm_msgs/msg/VisualizeStateData.js, /home/abscissa/dx_final/devel/share/gennodejs/ros/rm_msgs/msg/VisualizeStateData.js)
Linked: (/home/abscissa/dx_final/devel/.private/rm_msgs/share/gennodejs/ros/rm_msgs/msg/ClientMapReceiveData.js, /home/abscissa/dx_final/devel/share/gennodejs/ros/rm_msgs/msg/ClientMapReceiveData.js)
Linked: (/home/abscissa/dx_final/devel/.private/rm_msgs/share/gennodejs/ros/rm_msgs/msg/GimbalCmd.js, /home/abscissa/dx_final/devel/share/gennodejs/ros/rm_msgs/msg/GimbalCmd.js)
Linked: (/home/abscissa/dx_final/devel/.private/rm_msgs/share/gennodejs/ros/rm_msgs/msg/BusState.js, /home/abscissa/dx_final/devel/share/gennodejs/ros/rm_msgs/msg/BusState.js)
Linked: (/home/abscissa/dx_final/devel/.private/rm_msgs/share/gennodejs/ros/rm_msgs/msg/RadarInfo.js, /home/abscissa/dx_final/devel/share/gennodejs/ros/rm_msgs/msg/RadarInfo.js)
Linked: (/home/abscissa/dx_final/devel/.private/rm_msgs/share/gennodejs/ros/rm_msgs/msg/RobotHurt.js, /home/abscissa/dx_final/devel/share/gennodejs/ros/rm_msgs/msg/RobotHurt.js)
Linked: (/home/abscissa/dx_final/devel/.private/rm_msgs/share/gennodejs/ros/rm_msgs/msg/RfidStatus.js, /home/abscissa/dx_final/devel/share/gennodejs/ros/rm_msgs/msg/RfidStatus.js)
Linked: (/home/abscissa/dx_final/devel/.private/rm_msgs/share/gennodejs/ros/rm_msgs/msg/GameStatus.js, /home/abscissa/dx_final/devel/share/gennodejs/ros/rm_msgs/msg/GameStatus.js)
Linked: (/home/abscissa/dx_final/devel/.private/rm_msgs/share/gennodejs/ros/rm_msgs/msg/SupplyProjectileAction.js, /home/abscissa/dx_final/devel/share/gennodejs/ros/rm_msgs/msg/SupplyProjectileAction.js)
Linked: (/home/abscissa/dx_final/devel/.private/rm_msgs/share/gennodejs/ros/rm_msgs/msg/PowerManagementSampleAndStatusData.js, /home/abscissa/dx_final/devel/share/gennodejs/ros/rm_msgs/msg/PowerManagementSampleAndStatusData.js)
Linked: (/home/abscissa/dx_final/devel/.private/rm_msgs/share/gennodejs/ros/rm_msgs/msg/GameRobotHp.js, /home/abscissa/dx_final/devel/share/gennodejs/ros/rm_msgs/msg/GameRobotHp.js)
Linked: (/home/abscissa/dx_final/devel/.private/rm_msgs/share/gennodejs/ros/rm_msgs/msg/PowerHeatData.js, /home/abscissa/dx_final/devel/share/gennodejs/ros/rm_msgs/msg/PowerHeatData.js)
Linked: (/home/abscissa/dx_final/devel/.private/rm_msgs/share/gennodejs/ros/rm_msgs/msg/PriorityArray.js, /home/abscissa/dx_final/devel/share/gennodejs/ros/rm_msgs/msg/PriorityArray.js)
Linked: (/home/abscissa/dx_final/devel/.private/rm_msgs/share/gennodejs/ros/rm_msgs/msg/BalanceState.js, /home/abscissa/dx_final/devel/share/gennodejs/ros/rm_msgs/msg/BalanceState.js)
Linked: (/home/abscissa/dx_final/devel/.private/rm_msgs/share/gennodejs/ros/rm_msgs/msg/TargetDetection.js, /home/abscissa/dx_final/devel/share/gennodejs/ros/rm_msgs/msg/TargetDetection.js)
Linked: (/home/abscissa/dx_final/devel/.private/rm_msgs/share/gennodejs/ros/rm_msgs/msg/PowerManagementInitializationExceptionData.js, /home/abscissa/dx_final/devel/share/gennodejs/ros/rm_msgs/msg/PowerManagementInitializationExceptionData.js)
Linked: (/home/abscissa/dx_final/devel/.private/rm_msgs/share/gennodejs/ros/rm_msgs/msg/IcraBuffDebuffZoneStatus.js, /home/abscissa/dx_final/devel/share/gennodejs/ros/rm_msgs/msg/IcraBuffDebuffZoneStatus.js)
Linked: (/home/abscissa/dx_final/devel/.private/rm_msgs/share/gennodejs/ros/rm_msgs/msg/DartInfo.js, /home/abscissa/dx_final/devel/share/gennodejs/ros/rm_msgs/msg/DartInfo.js)
Linked: (/home/abscissa/dx_final/devel/.private/rm_msgs/share/gennodejs/ros/rm_msgs/msg/SentryDeviate.js, /home/abscissa/dx_final/devel/share/gennodejs/ros/rm_msgs/msg/SentryDeviate.js)
Linked: (/home/abscissa/dx_final/devel/.private/rm_msgs/share/gennodejs/ros/rm_msgs/msg/TagMsgArray.js, /home/abscissa/dx_final/devel/share/gennodejs/ros/rm_msgs/msg/TagMsgArray.js)
Linked: (/home/abscissa/dx_final/devel/.private/rm_msgs/share/common-lisp/ros/rm_msgs/srv/EnableImuTrigger.lisp, /home/abscissa/dx_final/devel/share/common-lisp/ros/rm_msgs/srv/EnableImuTrigger.lisp)
Linked: (/home/abscissa/dx_final/devel/.private/rm_msgs/share/common-lisp/ros/rm_msgs/srv/_package_SetLimitVel.lisp, /home/abscissa/dx_final/devel/share/common-lisp/ros/rm_msgs/srv/_package_SetLimitVel.lisp)
Linked: (/home/abscissa/dx_final/devel/.private/rm_msgs/share/common-lisp/ros/rm_msgs/srv/SetLimitVel.lisp, /home/abscissa/dx_final/devel/share/common-lisp/ros/rm_msgs/srv/SetLimitVel.lisp)
Linked: (/home/abscissa/dx_final/devel/.private/rm_msgs/share/common-lisp/ros/rm_msgs/srv/CameraStatus.lisp, /home/abscissa/dx_final/devel/share/common-lisp/ros/rm_msgs/srv/CameraStatus.lisp)
Linked: (/home/abscissa/dx_final/devel/.private/rm_msgs/share/common-lisp/ros/rm_msgs/srv/_package.lisp, /home/abscissa/dx_final/devel/share/common-lisp/ros/rm_msgs/srv/_package.lisp)
Linked: (/home/abscissa/dx_final/devel/.private/rm_msgs/share/common-lisp/ros/rm_msgs/srv/_package_EnableGyro.lisp, /home/abscissa/dx_final/devel/share/common-lisp/ros/rm_msgs/srv/_package_EnableGyro.lisp)
Linked: (/home/abscissa/dx_final/devel/.private/rm_msgs/share/common-lisp/ros/rm_msgs/srv/ContinousDetectorSwitch.lisp, /home/abscissa/dx_final/devel/share/common-lisp/ros/rm_msgs/srv/ContinousDetectorSwitch.lisp)
Linked: (/home/abscissa/dx_final/devel/.private/rm_msgs/share/common-lisp/ros/rm_msgs/srv/_package_EnableImuTrigger.lisp, /home/abscissa/dx_final/devel/share/common-lisp/ros/rm_msgs/srv/_package_EnableImuTrigger.lisp)
Linked: (/home/abscissa/dx_final/devel/.private/rm_msgs/share/common-lisp/ros/rm_msgs/srv/_package_StatusChange.lisp, /home/abscissa/dx_final/devel/share/common-lisp/ros/rm_msgs/srv/_package_StatusChange.lisp)
Linked: (/home/abscissa/dx_final/devel/.private/rm_msgs/share/common-lisp/ros/rm_msgs/srv/EnableGyro.lisp, /home/abscissa/dx_final/devel/share/common-lisp/ros/rm_msgs/srv/EnableGyro.lisp)
Linked: (/home/abscissa/dx_final/devel/.private/rm_msgs/share/common-lisp/ros/rm_msgs/srv/_package_CameraStatus.lisp, /home/abscissa/dx_final/devel/share/common-lisp/ros/rm_msgs/srv/_package_CameraStatus.lisp)
Linked: (/home/abscissa/dx_final/devel/.private/rm_msgs/share/common-lisp/ros/rm_msgs/srv/StatusChange.lisp, /home/abscissa/dx_final/devel/share/common-lisp/ros/rm_msgs/srv/StatusChange.lisp)
Linked: (/home/abscissa/dx_final/devel/.private/rm_msgs/share/common-lisp/ros/rm_msgs/srv/_package_ContinousDetectorSwitch.lisp, /home/abscissa/dx_final/devel/share/common-lisp/ros/rm_msgs/srv/_package_ContinousDetectorSwitch.lisp)
Linked: (/home/abscissa/dx_final/devel/.private/rm_msgs/share/common-lisp/ros/rm_msgs/srv/rm_msgs-srv.asd, /home/abscissa/dx_final/devel/share/common-lisp/ros/rm_msgs/srv/rm_msgs-srv.asd)
Linked: (/home/abscissa/dx_final/devel/.private/rm_msgs/share/common-lisp/ros/rm_msgs/msg/MultiDofCmd.lisp, /home/abscissa/dx_final/devel/share/common-lisp/ros/rm_msgs/msg/MultiDofCmd.lisp)
Linked: (/home/abscissa/dx_final/devel/.private/rm_msgs/share/common-lisp/ros/rm_msgs/msg/EngineerUi.lisp, /home/abscissa/dx_final/devel/share/common-lisp/ros/rm_msgs/msg/EngineerUi.lisp)
Linked: (/home/abscissa/dx_final/devel/.private/rm_msgs/share/common-lisp/ros/rm_msgs/msg/ActuatorState.lisp, /home/abscissa/dx_final/devel/share/common-lisp/ros/rm_msgs/msg/ActuatorState.lisp)
Linked: (/home/abscissa/dx_final/devel/.private/rm_msgs/share/common-lisp/ros/rm_msgs/msg/rm_msgs-msg.asd, /home/abscissa/dx_final/devel/share/common-lisp/ros/rm_msgs/msg/rm_msgs-msg.asd)
Linked: (/home/abscissa/dx_final/devel/.private/rm_msgs/share/common-lisp/ros/rm_msgs/msg/LpData.lisp, /home/abscissa/dx_final/devel/share/common-lisp/ros/rm_msgs/msg/LpData.lisp)
Linked: (/home/abscissa/dx_final/devel/.private/rm_msgs/share/common-lisp/ros/rm_msgs/msg/_package_DbusData.lisp, /home/abscissa/dx_final/devel/share/common-lisp/ros/rm_msgs/msg/_package_DbusData.lisp)
Linked: (/home/abscissa/dx_final/devel/.private/rm_msgs/share/common-lisp/ros/rm_msgs/msg/CapacityData.lisp, /home/abscissa/dx_final/devel/share/common-lisp/ros/rm_msgs/msg/CapacityData.lisp)
Linked: (/home/abscissa/dx_final/devel/.private/rm_msgs/share/common-lisp/ros/rm_msgs/msg/_package_VisualizeStateData.lisp, /home/abscissa/dx_final/devel/share/common-lisp/ros/rm_msgs/msg/_package_VisualizeStateData.lisp)
Linked: (/home/abscissa/dx_final/devel/.private/rm_msgs/share/common-lisp/ros/rm_msgs/msg/RadarToSentry.lisp, /home/abscissa/dx_final/devel/share/common-lisp/ros/rm_msgs/msg/RadarToSentry.lisp)
Linked: (/home/abscissa/dx_final/devel/.private/rm_msgs/share/common-lisp/ros/rm_msgs/msg/_package_RadarToSentry.lisp, /home/abscissa/dx_final/devel/share/common-lisp/ros/rm_msgs/msg/_package_RadarToSentry.lisp)
Linked: (/home/abscissa/dx_final/devel/.private/rm_msgs/share/common-lisp/ros/rm_msgs/msg/_package_GameRobotStatus.lisp, /home/abscissa/dx_final/devel/share/common-lisp/ros/rm_msgs/msg/_package_GameRobotStatus.lisp)
Linked: (/home/abscissa/dx_final/devel/.private/rm_msgs/share/common-lisp/ros/rm_msgs/msg/_package_SentryCmd.lisp, /home/abscissa/dx_final/devel/share/common-lisp/ros/rm_msgs/msg/_package_SentryCmd.lisp)
Linked: (/home/abscissa/dx_final/devel/.private/rm_msgs/share/common-lisp/ros/rm_msgs/msg/EngineerResult.lisp, /home/abscissa/dx_final/devel/share/common-lisp/ros/rm_msgs/msg/EngineerResult.lisp)
Linked: (/home/abscissa/dx_final/devel/.private/rm_msgs/share/common-lisp/ros/rm_msgs/msg/TofRadarData.lisp, /home/abscissa/dx_final/devel/share/common-lisp/ros/rm_msgs/msg/TofRadarData.lisp)
Linked: (/home/abscissa/dx_final/devel/.private/rm_msgs/share/common-lisp/ros/rm_msgs/msg/_package_GimbalDesError.lisp, /home/abscissa/dx_final/devel/share/common-lisp/ros/rm_msgs/msg/_package_GimbalDesError.lisp)
Linked: (/home/abscissa/dx_final/devel/.private/rm_msgs/share/common-lisp/ros/rm_msgs/msg/GimbalPosState.lisp, /home/abscissa/dx_final/devel/share/common-lisp/ros/rm_msgs/msg/GimbalPosState.lisp)
Linked: (/home/abscissa/dx_final/devel/.private/rm_msgs/share/common-lisp/ros/rm_msgs/msg/EngineerGoal.lisp, /home/abscissa/dx_final/devel/share/common-lisp/ros/rm_msgs/msg/EngineerGoal.lisp)
Linked: (/home/abscissa/dx_final/devel/.private/rm_msgs/share/common-lisp/ros/rm_msgs/msg/BusState.lisp, /home/abscissa/dx_final/devel/share/common-lisp/ros/rm_msgs/msg/BusState.lisp)
Linked: (/home/abscissa/dx_final/devel/.private/rm_msgs/share/common-lisp/ros/rm_msgs/msg/_package_LegCmd.lisp, /home/abscissa/dx_final/devel/share/common-lisp/ros/rm_msgs/msg/_package_LegCmd.lisp)
Linked: (/home/abscissa/dx_final/devel/.private/rm_msgs/share/common-lisp/ros/rm_msgs/msg/_package_ChassisCmd.lisp, /home/abscissa/dx_final/devel/share/common-lisp/ros/rm_msgs/msg/_package_ChassisCmd.lisp)
Linked: (/home/abscissa/dx_final/devel/.private/rm_msgs/share/common-lisp/ros/rm_msgs/msg/_package_PowerManagementUnknownExceptionData.lisp, /home/abscissa/dx_final/devel/share/common-lisp/ros/rm_msgs/msg/_package_PowerManagementUnknownExceptionData.lisp)
Linked: (/home/abscissa/dx_final/devel/.private/rm_msgs/share/common-lisp/ros/rm_msgs/msg/_package_ActuatorState.lisp, /home/abscissa/dx_final/devel/share/common-lisp/ros/rm_msgs/msg/_package_ActuatorState.lisp)
Linked: (/home/abscissa/dx_final/devel/.private/rm_msgs/share/common-lisp/ros/rm_msgs/msg/ExchangerMsg.lisp, /home/abscissa/dx_final/devel/share/common-lisp/ros/rm_msgs/msg/ExchangerMsg.lisp)
Linked: (/home/abscissa/dx_final/devel/.private/rm_msgs/share/common-lisp/ros/rm_msgs/msg/_package_SentryDeviate.lisp, /home/abscissa/dx_final/devel/share/common-lisp/ros/rm_msgs/msg/_package_SentryDeviate.lisp)
Linked: (/home/abscissa/dx_final/devel/.private/rm_msgs/share/common-lisp/ros/rm_msgs/msg/_package_SentryInfo.lisp, /home/abscissa/dx_final/devel/share/common-lisp/ros/rm_msgs/msg/_package_SentryInfo.lisp)
Linked: (/home/abscissa/dx_final/devel/.private/rm_msgs/share/common-lisp/ros/rm_msgs/msg/PowerManagementSampleAndStatusData.lisp, /home/abscissa/dx_final/devel/share/common-lisp/ros/rm_msgs/msg/PowerManagementSampleAndStatusData.lisp)
Linked: (/home/abscissa/dx_final/devel/.private/rm_msgs/share/common-lisp/ros/rm_msgs/msg/_package_PowerManagementProcessStackOverflowData.lisp, /home/abscissa/dx_final/devel/share/common-lisp/ros/rm_msgs/msg/_package_PowerManagementProcessStackOverflowData.lisp)
Linked: (/home/abscissa/dx_final/devel/.private/rm_msgs/share/common-lisp/ros/rm_msgs/msg/_package_GameStatus.lisp, /home/abscissa/dx_final/devel/share/common-lisp/ros/rm_msgs/msg/_package_GameStatus.lisp)
Linked: (/home/abscissa/dx_final/devel/.private/rm_msgs/share/common-lisp/ros/rm_msgs/msg/PowerManagementSystemExceptionData.lisp, /home/abscissa/dx_final/devel/share/common-lisp/ros/rm_msgs/msg/PowerManagementSystemExceptionData.lisp)
Linked: (/home/abscissa/dx_final/devel/.private/rm_msgs/share/common-lisp/ros/rm_msgs/msg/GimbalDesError.lisp, /home/abscissa/dx_final/devel/share/common-lisp/ros/rm_msgs/msg/GimbalDesError.lisp)
Linked: (/home/abscissa/dx_final/devel/.private/rm_msgs/share/common-lisp/ros/rm_msgs/msg/_package_ExchangerMsg.lisp, /home/abscissa/dx_final/devel/share/common-lisp/ros/rm_msgs/msg/_package_ExchangerMsg.lisp)
Linked: (/home/abscissa/dx_final/devel/.private/rm_msgs/share/common-lisp/ros/rm_msgs/msg/_package_TofRadarData.lisp, /home/abscissa/dx_final/devel/share/common-lisp/ros/rm_msgs/msg/_package_TofRadarData.lisp)
Linked: (/home/abscissa/dx_final/devel/.private/rm_msgs/share/common-lisp/ros/rm_msgs/msg/IcraBuffDebuffZoneStatus.lisp, /home/abscissa/dx_final/devel/share/common-lisp/ros/rm_msgs/msg/IcraBuffDebuffZoneStatus.lisp)
Linked: (/home/abscissa/dx_final/devel/.private/rm_msgs/share/common-lisp/ros/rm_msgs/msg/Buff.lisp, /home/abscissa/dx_final/devel/share/common-lisp/ros/rm_msgs/msg/Buff.lisp)
Linked: (/home/abscissa/dx_final/devel/.private/rm_msgs/share/common-lisp/ros/rm_msgs/msg/LegCmd.lisp, /home/abscissa/dx_final/devel/share/common-lisp/ros/rm_msgs/msg/LegCmd.lisp)
Linked: (/home/abscissa/dx_final/devel/.private/rm_msgs/share/common-lisp/ros/rm_msgs/msg/_package_EngineerActionFeedback.lisp, /home/abscissa/dx_final/devel/share/common-lisp/ros/rm_msgs/msg/_package_EngineerActionFeedback.lisp)
Linked: (/home/abscissa/dx_final/devel/.private/rm_msgs/share/common-lisp/ros/rm_msgs/msg/ShootBeforehandCmd.lisp, /home/abscissa/dx_final/devel/share/common-lisp/ros/rm_msgs/msg/ShootBeforehandCmd.lisp)
Linked: (/home/abscissa/dx_final/devel/.private/rm_msgs/share/common-lisp/ros/rm_msgs/msg/PowerManagementUnknownExceptionData.lisp, /home/abscissa/dx_final/devel/share/common-lisp/ros/rm_msgs/msg/PowerManagementUnknownExceptionData.lisp)
Linked: (/home/abscissa/dx_final/devel/.private/rm_msgs/share/common-lisp/ros/rm_msgs/msg/_package_GameRobotHp.lisp, /home/abscissa/dx_final/devel/share/common-lisp/ros/rm_msgs/msg/_package_GameRobotHp.lisp)
Linked: (/home/abscissa/dx_final/devel/.private/rm_msgs/share/common-lisp/ros/rm_msgs/msg/_package_PowerManagementSystemExceptionData.lisp, /home/abscissa/dx_final/devel/share/common-lisp/ros/rm_msgs/msg/_package_PowerManagementSystemExceptionData.lisp)
Linked: (/home/abscissa/dx_final/devel/.private/rm_msgs/share/common-lisp/ros/rm_msgs/msg/_package_EngineerGoal.lisp, /home/abscissa/dx_final/devel/share/common-lisp/ros/rm_msgs/msg/_package_EngineerGoal.lisp)
Linked: (/home/abscissa/dx_final/devel/.private/rm_msgs/share/common-lisp/ros/rm_msgs/msg/ClientMapReceiveData.lisp, /home/abscissa/dx_final/devel/share/common-lisp/ros/rm_msgs/msg/ClientMapReceiveData.lisp)
Linked: (/home/abscissa/dx_final/devel/.private/rm_msgs/share/common-lisp/ros/rm_msgs/msg/_package_TagMsg.lisp, /home/abscissa/dx_final/devel/share/common-lisp/ros/rm_msgs/msg/_package_TagMsg.lisp)
Linked: (/home/abscissa/dx_final/devel/.private/rm_msgs/share/common-lisp/ros/rm_msgs/msg/_package_PowerManagementInitializationExceptionData.lisp, /home/abscissa/dx_final/devel/share/common-lisp/ros/rm_msgs/msg/_package_PowerManagementInitializationExceptionData.lisp)
Linked: (/home/abscissa/dx_final/devel/.private/rm_msgs/share/common-lisp/ros/rm_msgs/msg/_package_SupplyProjectileAction.lisp, /home/abscissa/dx_final/devel/share/common-lisp/ros/rm_msgs/msg/_package_SupplyProjectileAction.lisp)
Linked: (/home/abscissa/dx_final/devel/.private/rm_msgs/share/common-lisp/ros/rm_msgs/msg/_package_GimbalCmd.lisp, /home/abscissa/dx_final/devel/share/common-lisp/ros/rm_msgs/msg/_package_GimbalCmd.lisp)
Linked: (/home/abscissa/dx_final/devel/.private/rm_msgs/share/common-lisp/ros/rm_msgs/msg/RadarInfo.lisp, /home/abscissa/dx_final/devel/share/common-lisp/ros/rm_msgs/msg/RadarInfo.lisp)
Linked: (/home/abscissa/dx_final/devel/.private/rm_msgs/share/common-lisp/ros/rm_msgs/msg/EngineerActionGoal.lisp, /home/abscissa/dx_final/devel/share/common-lisp/ros/rm_msgs/msg/EngineerActionGoal.lisp)
Linked: (/home/abscissa/dx_final/devel/.private/rm_msgs/share/common-lisp/ros/rm_msgs/msg/_package_ManualToReferee.lisp, /home/abscissa/dx_final/devel/share/common-lisp/ros/rm_msgs/msg/_package_ManualToReferee.lisp)
Linked: (/home/abscissa/dx_final/devel/.private/rm_msgs/share/common-lisp/ros/rm_msgs/msg/TagMsg.lisp, /home/abscissa/dx_final/devel/share/common-lisp/ros/rm_msgs/msg/TagMsg.lisp)
Linked: (/home/abscissa/dx_final/devel/.private/rm_msgs/share/common-lisp/ros/rm_msgs/msg/_package_ClientMapSendData.lisp, /home/abscissa/dx_final/devel/share/common-lisp/ros/rm_msgs/msg/_package_ClientMapSendData.lisp)
Linked: (/home/abscissa/dx_final/devel/.private/rm_msgs/share/common-lisp/ros/rm_msgs/msg/_package_CustomControllerData.lisp, /home/abscissa/dx_final/devel/share/common-lisp/ros/rm_msgs/msg/_package_CustomControllerData.lisp)
Linked: (/home/abscissa/dx_final/devel/.private/rm_msgs/share/common-lisp/ros/rm_msgs/msg/MovingAverageData.lisp, /home/abscissa/dx_final/devel/share/common-lisp/ros/rm_msgs/msg/MovingAverageData.lisp)
Linked: (/home/abscissa/dx_final/devel/.private/rm_msgs/share/common-lisp/ros/rm_msgs/msg/RobotHurt.lisp, /home/abscissa/dx_final/devel/share/common-lisp/ros/rm_msgs/msg/RobotHurt.lisp)
Linked: (/home/abscissa/dx_final/devel/.private/rm_msgs/share/common-lisp/ros/rm_msgs/msg/_package_MapSentryData.lisp, /home/abscissa/dx_final/devel/share/common-lisp/ros/rm_msgs/msg/_package_MapSentryData.lisp)
Linked: (/home/abscissa/dx_final/devel/.private/rm_msgs/share/common-lisp/ros/rm_msgs/msg/_package_MultiDofCmd.lisp, /home/abscissa/dx_final/devel/share/common-lisp/ros/rm_msgs/msg/_package_MultiDofCmd.lisp)
Linked: (/home/abscissa/dx_final/devel/.private/rm_msgs/share/common-lisp/ros/rm_msgs/msg/RobotsPositionData.lisp, /home/abscissa/dx_final/devel/share/common-lisp/ros/rm_msgs/msg/RobotsPositionData.lisp)
Linked: (/home/abscissa/dx_final/devel/.private/rm_msgs/share/common-lisp/ros/rm_msgs/msg/EngineerActionFeedback.lisp, /home/abscissa/dx_final/devel/share/common-lisp/ros/rm_msgs/msg/EngineerActionFeedback.lisp)
Linked: (/home/abscissa/dx_final/devel/.private/rm_msgs/share/common-lisp/ros/rm_msgs/msg/_package_EngineerResult.lisp, /home/abscissa/dx_final/devel/share/common-lisp/ros/rm_msgs/msg/_package_EngineerResult.lisp)
Linked: (/home/abscissa/dx_final/devel/.private/rm_msgs/share/common-lisp/ros/rm_msgs/msg/EngineerActionResult.lisp, /home/abscissa/dx_final/devel/share/common-lisp/ros/rm_msgs/msg/EngineerActionResult.lisp)
Linked: (/home/abscissa/dx_final/devel/.private/rm_msgs/share/common-lisp/ros/rm_msgs/msg/ManualToReferee.lisp, /home/abscissa/dx_final/devel/share/common-lisp/ros/rm_msgs/msg/ManualToReferee.lisp)
Linked: (/home/abscissa/dx_final/devel/.private/rm_msgs/share/common-lisp/ros/rm_msgs/msg/BalanceState.lisp, /home/abscissa/dx_final/devel/share/common-lisp/ros/rm_msgs/msg/BalanceState.lisp)
Linked: (/home/abscissa/dx_final/devel/.private/rm_msgs/share/common-lisp/ros/rm_msgs/msg/EventData.lisp, /home/abscissa/dx_final/devel/share/common-lisp/ros/rm_msgs/msg/EventData.lisp)
Linked: (/home/abscissa/dx_final/devel/.private/rm_msgs/share/common-lisp/ros/rm_msgs/msg/TrackData.lisp, /home/abscissa/dx_final/devel/share/common-lisp/ros/rm_msgs/msg/TrackData.lisp)
Linked: (/home/abscissa/dx_final/devel/.private/rm_msgs/share/common-lisp/ros/rm_msgs/msg/KalmanData.lisp, /home/abscissa/dx_final/devel/share/common-lisp/ros/rm_msgs/msg/KalmanData.lisp)
Linked: (/home/abscissa/dx_final/devel/.private/rm_msgs/share/common-lisp/ros/rm_msgs/msg/SentryDeviate.lisp, /home/abscissa/dx_final/devel/share/common-lisp/ros/rm_msgs/msg/SentryDeviate.lisp)
Linked: (/home/abscissa/dx_final/devel/.private/rm_msgs/share/common-lisp/ros/rm_msgs/msg/_package_PowerHeatData.lisp, /home/abscissa/dx_final/devel/share/common-lisp/ros/rm_msgs/msg/_package_PowerHeatData.lisp)
Linked: (/home/abscissa/dx_final/devel/.private/rm_msgs/share/common-lisp/ros/rm_msgs/msg/ChassisCmd.lisp, /home/abscissa/dx_final/devel/share/common-lisp/ros/rm_msgs/msg/ChassisCmd.lisp)
Linked: (/home/abscissa/dx_final/devel/.private/rm_msgs/share/common-lisp/ros/rm_msgs/msg/VTReceiverControlData.lisp, /home/abscissa/dx_final/devel/share/common-lisp/ros/rm_msgs/msg/VTReceiverControlData.lisp)
Linked: (/home/abscissa/dx_final/devel/.private/rm_msgs/share/common-lisp/ros/rm_msgs/msg/_package_BusState.lisp, /home/abscissa/dx_final/devel/share/common-lisp/ros/rm_msgs/msg/_package_BusState.lisp)
Linked: (/home/abscissa/dx_final/devel/.private/rm_msgs/share/common-lisp/ros/rm_msgs/msg/ClientMapSendData.lisp, /home/abscissa/dx_final/devel/share/common-lisp/ros/rm_msgs/msg/ClientMapSendData.lisp)
Linked: (/home/abscissa/dx_final/devel/.private/rm_msgs/share/common-lisp/ros/rm_msgs/msg/ShootCmd.lisp, /home/abscissa/dx_final/devel/share/common-lisp/ros/rm_msgs/msg/ShootCmd.lisp)
Linked: (/home/abscissa/dx_final/devel/.private/rm_msgs/share/common-lisp/ros/rm_msgs/msg/_package.lisp, /home/abscissa/dx_final/devel/share/common-lisp/ros/rm_msgs/msg/_package.lisp)
Linked: (/home/abscissa/dx_final/devel/.private/rm_msgs/share/common-lisp/ros/rm_msgs/msg/MapSentryData.lisp, /home/abscissa/dx_final/devel/share/common-lisp/ros/rm_msgs/msg/MapSentryData.lisp)
Linked: (/home/abscissa/dx_final/devel/.private/rm_msgs/share/common-lisp/ros/rm_msgs/msg/GameRobotPosData.lisp, /home/abscissa/dx_final/devel/share/common-lisp/ros/rm_msgs/msg/GameRobotPosData.lisp)
Linked: (/home/abscissa/dx_final/devel/.private/rm_msgs/share/common-lisp/ros/rm_msgs/msg/_package_GimbalPosState.lisp, /home/abscissa/dx_final/devel/share/common-lisp/ros/rm_msgs/msg/_package_GimbalPosState.lisp)
Linked: (/home/abscissa/dx_final/devel/.private/rm_msgs/share/common-lisp/ros/rm_msgs/msg/DbusData.lisp, /home/abscissa/dx_final/devel/share/common-lisp/ros/rm_msgs/msg/DbusData.lisp)
Linked: (/home/abscissa/dx_final/devel/.private/rm_msgs/share/common-lisp/ros/rm_msgs/msg/_package_TargetDetectionArray.lisp, /home/abscissa/dx_final/devel/share/common-lisp/ros/rm_msgs/msg/_package_TargetDetectionArray.lisp)
Linked: (/home/abscissa/dx_final/devel/.private/rm_msgs/share/common-lisp/ros/rm_msgs/msg/_package_BalanceState.lisp, /home/abscissa/dx_final/devel/share/common-lisp/ros/rm_msgs/msg/_package_BalanceState.lisp)
Linked: (/home/abscissa/dx_final/devel/.private/rm_msgs/share/common-lisp/ros/rm_msgs/msg/GameStatus.lisp, /home/abscissa/dx_final/devel/share/common-lisp/ros/rm_msgs/msg/GameStatus.lisp)
Linked: (/home/abscissa/dx_final/devel/.private/rm_msgs/share/common-lisp/ros/rm_msgs/msg/DartStatus.lisp, /home/abscissa/dx_final/devel/share/common-lisp/ros/rm_msgs/msg/DartStatus.lisp)
Linked: (/home/abscissa/dx_final/devel/.private/rm_msgs/share/common-lisp/ros/rm_msgs/msg/_package_MovingAverageData.lisp, /home/abscissa/dx_final/devel/share/common-lisp/ros/rm_msgs/msg/_package_MovingAverageData.lisp)
Linked: (/home/abscissa/dx_final/devel/.private/rm_msgs/share/common-lisp/ros/rm_msgs/msg/_package_KalmanData.lisp, /home/abscissa/dx_final/devel/share/common-lisp/ros/rm_msgs/msg/_package_KalmanData.lisp)
Linked: (/home/abscissa/dx_final/devel/.private/rm_msgs/share/common-lisp/ros/rm_msgs/msg/_package_SentryAttackingTarget.lisp, /home/abscissa/dx_final/devel/share/common-lisp/ros/rm_msgs/msg/_package_SentryAttackingTarget.lisp)
Linked: (/home/abscissa/dx_final/devel/.private/rm_msgs/share/common-lisp/ros/rm_msgs/msg/TagMsgArray.lisp, /home/abscissa/dx_final/devel/share/common-lisp/ros/rm_msgs/msg/TagMsgArray.lisp)
Linked: (/home/abscissa/dx_final/devel/.private/rm_msgs/share/common-lisp/ros/rm_msgs/msg/PriorityArray.lisp, /home/abscissa/dx_final/devel/share/common-lisp/ros/rm_msgs/msg/PriorityArray.lisp)
Linked: (/home/abscissa/dx_final/devel/.private/rm_msgs/share/common-lisp/ros/rm_msgs/msg/ShootState.lisp, /home/abscissa/dx_final/devel/share/common-lisp/ros/rm_msgs/msg/ShootState.lisp)
Linked: (/home/abscissa/dx_final/devel/.private/rm_msgs/share/common-lisp/ros/rm_msgs/msg/StateCmd.lisp, /home/abscissa/dx_final/devel/share/common-lisp/ros/rm_msgs/msg/StateCmd.lisp)
Linked: (/home/abscissa/dx_final/devel/.private/rm_msgs/share/common-lisp/ros/rm_msgs/msg/RfidStatus.lisp, /home/abscissa/dx_final/devel/share/common-lisp/ros/rm_msgs/msg/RfidStatus.lisp)
Linked: (/home/abscissa/dx_final/devel/.private/rm_msgs/share/common-lisp/ros/rm_msgs/msg/_package_ClientMapReceiveData.lisp, /home/abscissa/dx_final/devel/share/common-lisp/ros/rm_msgs/msg/_package_ClientMapReceiveData.lisp)
Linked: (/home/abscissa/dx_final/devel/.private/rm_msgs/share/common-lisp/ros/rm_msgs/msg/DartInfo.lisp, /home/abscissa/dx_final/devel/share/common-lisp/ros/rm_msgs/msg/DartInfo.lisp)
Linked: (/home/abscissa/dx_final/devel/.private/rm_msgs/share/common-lisp/ros/rm_msgs/msg/RadarMarkData.lisp, /home/abscissa/dx_final/devel/share/common-lisp/ros/rm_msgs/msg/RadarMarkData.lisp)
Linked: (/home/abscissa/dx_final/devel/.private/rm_msgs/share/common-lisp/ros/rm_msgs/msg/EngineerAction.lisp, /home/abscissa/dx_final/devel/share/common-lisp/ros/rm_msgs/msg/EngineerAction.lisp)
Linked: (/home/abscissa/dx_final/devel/.private/rm_msgs/share/common-lisp/ros/rm_msgs/msg/_package_GpioData.lisp, /home/abscissa/dx_final/devel/share/common-lisp/ros/rm_msgs/msg/_package_GpioData.lisp)
Linked: (/home/abscissa/dx_final/devel/.private/rm_msgs/share/common-lisp/ros/rm_msgs/msg/_package_StateCmd.lisp, /home/abscissa/dx_final/devel/share/common-lisp/ros/rm_msgs/msg/_package_StateCmd.lisp)
Linked: (/home/abscissa/dx_final/devel/.private/rm_msgs/share/common-lisp/ros/rm_msgs/msg/_package_PriorityArray.lisp, /home/abscissa/dx_final/devel/share/common-lisp/ros/rm_msgs/msg/_package_PriorityArray.lisp)
Linked: (/home/abscissa/dx_final/devel/.private/rm_msgs/share/common-lisp/ros/rm_msgs/msg/_package_Buff.lisp, /home/abscissa/dx_final/devel/share/common-lisp/ros/rm_msgs/msg/_package_Buff.lisp)
Linked: (/home/abscissa/dx_final/devel/.private/rm_msgs/share/common-lisp/ros/rm_msgs/msg/LocalHeatState.lisp, /home/abscissa/dx_final/devel/share/common-lisp/ros/rm_msgs/msg/LocalHeatState.lisp)
Linked: (/home/abscissa/dx_final/devel/.private/rm_msgs/share/common-lisp/ros/rm_msgs/msg/RadarData.lisp, /home/abscissa/dx_final/devel/share/common-lisp/ros/rm_msgs/msg/RadarData.lisp)
Linked: (/home/abscissa/dx_final/devel/.private/rm_msgs/share/common-lisp/ros/rm_msgs/msg/_package_EngineerActionResult.lisp, /home/abscissa/dx_final/devel/share/common-lisp/ros/rm_msgs/msg/_package_EngineerActionResult.lisp)
Linked: (/home/abscissa/dx_final/devel/.private/rm_msgs/share/common-lisp/ros/rm_msgs/msg/_package_TagMsgArray.lisp, /home/abscissa/dx_final/devel/share/common-lisp/ros/rm_msgs/msg/_package_TagMsgArray.lisp)
Linked: (/home/abscissa/dx_final/devel/.private/rm_msgs/share/common-lisp/ros/rm_msgs/msg/_package_LpData.lisp, /home/abscissa/dx_final/devel/share/common-lisp/ros/rm_msgs/msg/_package_LpData.lisp)
Linked: (/home/abscissa/dx_final/devel/.private/rm_msgs/share/common-lisp/ros/rm_msgs/msg/TargetDetection.lisp, /home/abscissa/dx_final/devel/share/common-lisp/ros/rm_msgs/msg/TargetDetection.lisp)
Linked: (/home/abscissa/dx_final/devel/.private/rm_msgs/share/common-lisp/ros/rm_msgs/msg/BulletAllowance.lisp, /home/abscissa/dx_final/devel/share/common-lisp/ros/rm_msgs/msg/BulletAllowance.lisp)
Linked: (/home/abscissa/dx_final/devel/.private/rm_msgs/share/common-lisp/ros/rm_msgs/msg/_package_RadarData.lisp, /home/abscissa/dx_final/devel/share/common-lisp/ros/rm_msgs/msg/_package_RadarData.lisp)
Linked: (/home/abscissa/dx_final/devel/.private/rm_msgs/share/common-lisp/ros/rm_msgs/msg/GameRobotHp.lisp, /home/abscissa/dx_final/devel/share/common-lisp/ros/rm_msgs/msg/GameRobotHp.lisp)
Linked: (/home/abscissa/dx_final/devel/.private/rm_msgs/share/common-lisp/ros/rm_msgs/msg/TargetDetectionArray.lisp, /home/abscissa/dx_final/devel/share/common-lisp/ros/rm_msgs/msg/TargetDetectionArray.lisp)
Linked: (/home/abscissa/dx_final/devel/.private/rm_msgs/share/common-lisp/ros/rm_msgs/msg/DartClientCmd.lisp, /home/abscissa/dx_final/devel/share/common-lisp/ros/rm_msgs/msg/DartClientCmd.lisp)
Linked: (/home/abscissa/dx_final/devel/.private/rm_msgs/share/common-lisp/ros/rm_msgs/msg/_package_EngineerFeedback.lisp, /home/abscissa/dx_final/devel/share/common-lisp/ros/rm_msgs/msg/_package_EngineerFeedback.lisp)
Linked: (/home/abscissa/dx_final/devel/.private/rm_msgs/share/common-lisp/ros/rm_msgs/msg/_package_CapacityData.lisp, /home/abscissa/dx_final/devel/share/common-lisp/ros/rm_msgs/msg/_package_CapacityData.lisp)
Linked: (/home/abscissa/dx_final/devel/.private/rm_msgs/share/common-lisp/ros/rm_msgs/msg/SentryInfo.lisp, /home/abscissa/dx_final/devel/share/common-lisp/ros/rm_msgs/msg/SentryInfo.lisp)
Linked: (/home/abscissa/dx_final/devel/.private/rm_msgs/share/common-lisp/ros/rm_msgs/msg/_package_DartClientCmd.lisp, /home/abscissa/dx_final/devel/share/common-lisp/ros/rm_msgs/msg/_package_DartClientCmd.lisp)
Linked: (/home/abscissa/dx_final/devel/.private/rm_msgs/share/common-lisp/ros/rm_msgs/msg/_package_IcraBuffDebuffZoneStatus.lisp, /home/abscissa/dx_final/devel/share/common-lisp/ros/rm_msgs/msg/_package_IcraBuffDebuffZoneStatus.lisp)
Linked: (/home/abscissa/dx_final/devel/.private/rm_msgs/share/common-lisp/ros/rm_msgs/msg/_package_BulletAllowance.lisp, /home/abscissa/dx_final/devel/share/common-lisp/ros/rm_msgs/msg/_package_BulletAllowance.lisp)
Linked: (/home/abscissa/dx_final/devel/.private/rm_msgs/share/common-lisp/ros/rm_msgs/msg/_package_ShootBeforehandCmd.lisp, /home/abscissa/dx_final/devel/share/common-lisp/ros/rm_msgs/msg/_package_ShootBeforehandCmd.lisp)
Linked: (/home/abscissa/dx_final/devel/.private/rm_msgs/share/common-lisp/ros/rm_msgs/msg/_package_PowerManagementSampleAndStatusData.lisp, /home/abscissa/dx_final/devel/share/common-lisp/ros/rm_msgs/msg/_package_PowerManagementSampleAndStatusData.lisp)
Linked: (/home/abscissa/dx_final/devel/.private/rm_msgs/share/common-lisp/ros/rm_msgs/msg/_package_EventData.lisp, /home/abscissa/dx_final/devel/share/common-lisp/ros/rm_msgs/msg/_package_EventData.lisp)
Linked: (/home/abscissa/dx_final/devel/.private/rm_msgs/share/common-lisp/ros/rm_msgs/msg/_package_DartStatus.lisp, /home/abscissa/dx_final/devel/share/common-lisp/ros/rm_msgs/msg/_package_DartStatus.lisp)
Linked: (/home/abscissa/dx_final/devel/.private/rm_msgs/share/common-lisp/ros/rm_msgs/msg/EngineerFeedback.lisp, /home/abscissa/dx_final/devel/share/common-lisp/ros/rm_msgs/msg/EngineerFeedback.lisp)
Linked: (/home/abscissa/dx_final/devel/.private/rm_msgs/share/common-lisp/ros/rm_msgs/msg/_package_EngineerActionGoal.lisp, /home/abscissa/dx_final/devel/share/common-lisp/ros/rm_msgs/msg/_package_EngineerActionGoal.lisp)
Linked: (/home/abscissa/dx_final/devel/.private/rm_msgs/share/common-lisp/ros/rm_msgs/msg/_package_ShootData.lisp, /home/abscissa/dx_final/devel/share/common-lisp/ros/rm_msgs/msg/_package_ShootData.lisp)
Linked: (/home/abscissa/dx_final/devel/.private/rm_msgs/share/common-lisp/ros/rm_msgs/msg/VTKeyboardMouseData.lisp, /home/abscissa/dx_final/devel/share/common-lisp/ros/rm_msgs/msg/VTKeyboardMouseData.lisp)
Linked: (/home/abscissa/dx_final/devel/.private/rm_msgs/share/common-lisp/ros/rm_msgs/msg/CustomControllerData.lisp, /home/abscissa/dx_final/devel/share/common-lisp/ros/rm_msgs/msg/CustomControllerData.lisp)
Linked: (/home/abscissa/dx_final/devel/.private/rm_msgs/share/common-lisp/ros/rm_msgs/msg/GimbalCmd.lisp, /home/abscissa/dx_final/devel/share/common-lisp/ros/rm_msgs/msg/GimbalCmd.lisp)
Linked: (/home/abscissa/dx_final/devel/.private/rm_msgs/share/common-lisp/ros/rm_msgs/msg/_package_LocalHeatState.lisp, /home/abscissa/dx_final/devel/share/common-lisp/ros/rm_msgs/msg/_package_LocalHeatState.lisp)
Linked: (/home/abscissa/dx_final/devel/.private/rm_msgs/share/common-lisp/ros/rm_msgs/msg/_package_TrackData.lisp, /home/abscissa/dx_final/devel/share/common-lisp/ros/rm_msgs/msg/_package_TrackData.lisp)
Linked: (/home/abscissa/dx_final/devel/.private/rm_msgs/share/common-lisp/ros/rm_msgs/msg/_package_RadarInfo.lisp, /home/abscissa/dx_final/devel/share/common-lisp/ros/rm_msgs/msg/_package_RadarInfo.lisp)
Linked: (/home/abscissa/dx_final/devel/.private/rm_msgs/share/common-lisp/ros/rm_msgs/msg/PowerManagementProcessStackOverflowData.lisp, /home/abscissa/dx_final/devel/share/common-lisp/ros/rm_msgs/msg/PowerManagementProcessStackOverflowData.lisp)
Linked: (/home/abscissa/dx_final/devel/.private/rm_msgs/share/common-lisp/ros/rm_msgs/msg/SupplyProjectileAction.lisp, /home/abscissa/dx_final/devel/share/common-lisp/ros/rm_msgs/msg/SupplyProjectileAction.lisp)
Linked: (/home/abscissa/dx_final/devel/.private/rm_msgs/share/common-lisp/ros/rm_msgs/msg/Dart.lisp, /home/abscissa/dx_final/devel/share/common-lisp/ros/rm_msgs/msg/Dart.lisp)
Linked: (/home/abscissa/dx_final/devel/.private/rm_msgs/share/common-lisp/ros/rm_msgs/msg/_package_RobotHurt.lisp, /home/abscissa/dx_final/devel/share/common-lisp/ros/rm_msgs/msg/_package_RobotHurt.lisp)
Linked: (/home/abscissa/dx_final/devel/.private/rm_msgs/share/common-lisp/ros/rm_msgs/msg/_package_VTKeyboardMouseData.lisp, /home/abscissa/dx_final/devel/share/common-lisp/ros/rm_msgs/msg/_package_VTKeyboardMouseData.lisp)
Linked: (/home/abscissa/dx_final/devel/.private/rm_msgs/share/common-lisp/ros/rm_msgs/msg/_package_RfidStatus.lisp, /home/abscissa/dx_final/devel/share/common-lisp/ros/rm_msgs/msg/_package_RfidStatus.lisp)
Linked: (/home/abscissa/dx_final/devel/.private/rm_msgs/share/common-lisp/ros/rm_msgs/msg/_package_EngineerUi.lisp, /home/abscissa/dx_final/devel/share/common-lisp/ros/rm_msgs/msg/_package_EngineerUi.lisp)
Linked: (/home/abscissa/dx_final/devel/.private/rm_msgs/share/common-lisp/ros/rm_msgs/msg/_package_ShootCmd.lisp, /home/abscissa/dx_final/devel/share/common-lisp/ros/rm_msgs/msg/_package_ShootCmd.lisp)
Linked: (/home/abscissa/dx_final/devel/.private/rm_msgs/share/common-lisp/ros/rm_msgs/msg/_package_Dart.lisp, /home/abscissa/dx_final/devel/share/common-lisp/ros/rm_msgs/msg/_package_Dart.lisp)
Linked: (/home/abscissa/dx_final/devel/.private/rm_msgs/share/common-lisp/ros/rm_msgs/msg/_package_ShootState.lisp, /home/abscissa/dx_final/devel/share/common-lisp/ros/rm_msgs/msg/_package_ShootState.lisp)
Linked: (/home/abscissa/dx_final/devel/.private/rm_msgs/share/common-lisp/ros/rm_msgs/msg/_package_RadarMarkData.lisp, /home/abscissa/dx_final/devel/share/common-lisp/ros/rm_msgs/msg/_package_RadarMarkData.lisp)
Linked: (/home/abscissa/dx_final/devel/.private/rm_msgs/share/common-lisp/ros/rm_msgs/msg/_package_GameRobotPosData.lisp, /home/abscissa/dx_final/devel/share/common-lisp/ros/rm_msgs/msg/_package_GameRobotPosData.lisp)
Linked: (/home/abscissa/dx_final/devel/.private/rm_msgs/share/common-lisp/ros/rm_msgs/msg/ShootData.lisp, /home/abscissa/dx_final/devel/share/common-lisp/ros/rm_msgs/msg/ShootData.lisp)
Linked: (/home/abscissa/dx_final/devel/.private/rm_msgs/share/common-lisp/ros/rm_msgs/msg/SentryCmd.lisp, /home/abscissa/dx_final/devel/share/common-lisp/ros/rm_msgs/msg/SentryCmd.lisp)
Linked: (/home/abscissa/dx_final/devel/.private/rm_msgs/share/common-lisp/ros/rm_msgs/msg/GameRobotStatus.lisp, /home/abscissa/dx_final/devel/share/common-lisp/ros/rm_msgs/msg/GameRobotStatus.lisp)
Linked: (/home/abscissa/dx_final/devel/.private/rm_msgs/share/common-lisp/ros/rm_msgs/msg/SentryAttackingTarget.lisp, /home/abscissa/dx_final/devel/share/common-lisp/ros/rm_msgs/msg/SentryAttackingTarget.lisp)
Linked: (/home/abscissa/dx_final/devel/.private/rm_msgs/share/common-lisp/ros/rm_msgs/msg/_package_VTReceiverControlData.lisp, /home/abscissa/dx_final/devel/share/common-lisp/ros/rm_msgs/msg/_package_VTReceiverControlData.lisp)
Linked: (/home/abscissa/dx_final/devel/.private/rm_msgs/share/common-lisp/ros/rm_msgs/msg/_package_DartInfo.lisp, /home/abscissa/dx_final/devel/share/common-lisp/ros/rm_msgs/msg/_package_DartInfo.lisp)
Linked: (/home/abscissa/dx_final/devel/.private/rm_msgs/share/common-lisp/ros/rm_msgs/msg/_package_RobotsPositionData.lisp, /home/abscissa/dx_final/devel/share/common-lisp/ros/rm_msgs/msg/_package_RobotsPositionData.lisp)
Linked: (/home/abscissa/dx_final/devel/.private/rm_msgs/share/common-lisp/ros/rm_msgs/msg/_package_EngineerAction.lisp, /home/abscissa/dx_final/devel/share/common-lisp/ros/rm_msgs/msg/_package_EngineerAction.lisp)
Linked: (/home/abscissa/dx_final/devel/.private/rm_msgs/share/common-lisp/ros/rm_msgs/msg/VisualizeStateData.lisp, /home/abscissa/dx_final/devel/share/common-lisp/ros/rm_msgs/msg/VisualizeStateData.lisp)
Linked: (/home/abscissa/dx_final/devel/.private/rm_msgs/share/common-lisp/ros/rm_msgs/msg/GpioData.lisp, /home/abscissa/dx_final/devel/share/common-lisp/ros/rm_msgs/msg/GpioData.lisp)
Linked: (/home/abscissa/dx_final/devel/.private/rm_msgs/share/common-lisp/ros/rm_msgs/msg/PowerHeatData.lisp, /home/abscissa/dx_final/devel/share/common-lisp/ros/rm_msgs/msg/PowerHeatData.lisp)
Linked: (/home/abscissa/dx_final/devel/.private/rm_msgs/share/common-lisp/ros/rm_msgs/msg/_package_TargetDetection.lisp, /home/abscissa/dx_final/devel/share/common-lisp/ros/rm_msgs/msg/_package_TargetDetection.lisp)
Linked: (/home/abscissa/dx_final/devel/.private/rm_msgs/share/common-lisp/ros/rm_msgs/msg/PowerManagementInitializationExceptionData.lisp, /home/abscissa/dx_final/devel/share/common-lisp/ros/rm_msgs/msg/PowerManagementInitializationExceptionData.lisp)
Linked: (/home/abscissa/dx_final/devel/.private/rm_msgs/share/roseus/ros/rm_msgs/manifest.l, /home/abscissa/dx_final/devel/share/roseus/ros/rm_msgs/manifest.l)
Linked: (/home/abscissa/dx_final/devel/.private/rm_msgs/share/roseus/ros/rm_msgs/srv/CameraStatus.l, /home/abscissa/dx_final/devel/share/roseus/ros/rm_msgs/srv/CameraStatus.l)
Linked: (/home/abscissa/dx_final/devel/.private/rm_msgs/share/roseus/ros/rm_msgs/srv/EnableGyro.l, /home/abscissa/dx_final/devel/share/roseus/ros/rm_msgs/srv/EnableGyro.l)
Linked: (/home/abscissa/dx_final/devel/.private/rm_msgs/share/roseus/ros/rm_msgs/srv/StatusChange.l, /home/abscissa/dx_final/devel/share/roseus/ros/rm_msgs/srv/StatusChange.l)
Linked: (/home/abscissa/dx_final/devel/.private/rm_msgs/share/roseus/ros/rm_msgs/srv/EnableImuTrigger.l, /home/abscissa/dx_final/devel/share/roseus/ros/rm_msgs/srv/EnableImuTrigger.l)
Linked: (/home/abscissa/dx_final/devel/.private/rm_msgs/share/roseus/ros/rm_msgs/srv/ContinousDetectorSwitch.l, /home/abscissa/dx_final/devel/share/roseus/ros/rm_msgs/srv/ContinousDetectorSwitch.l)
Linked: (/home/abscissa/dx_final/devel/.private/rm_msgs/share/roseus/ros/rm_msgs/srv/SetLimitVel.l, /home/abscissa/dx_final/devel/share/roseus/ros/rm_msgs/srv/SetLimitVel.l)
Linked: (/home/abscissa/dx_final/devel/.private/rm_msgs/share/roseus/ros/rm_msgs/msg/EngineerAction.l, /home/abscissa/dx_final/devel/share/roseus/ros/rm_msgs/msg/EngineerAction.l)
Linked: (/home/abscissa/dx_final/devel/.private/rm_msgs/share/roseus/ros/rm_msgs/msg/DartClientCmd.l, /home/abscissa/dx_final/devel/share/roseus/ros/rm_msgs/msg/DartClientCmd.l)
Linked: (/home/abscissa/dx_final/devel/.private/rm_msgs/share/roseus/ros/rm_msgs/msg/BusState.l, /home/abscissa/dx_final/devel/share/roseus/ros/rm_msgs/msg/BusState.l)
Linked: (/home/abscissa/dx_final/devel/.private/rm_msgs/share/roseus/ros/rm_msgs/msg/ShootBeforehandCmd.l, /home/abscissa/dx_final/devel/share/roseus/ros/rm_msgs/msg/ShootBeforehandCmd.l)
Linked: (/home/abscissa/dx_final/devel/.private/rm_msgs/share/roseus/ros/rm_msgs/msg/VisualizeStateData.l, /home/abscissa/dx_final/devel/share/roseus/ros/rm_msgs/msg/VisualizeStateData.l)
Linked: (/home/abscissa/dx_final/devel/.private/rm_msgs/share/roseus/ros/rm_msgs/msg/GameRobotPosData.l, /home/abscissa/dx_final/devel/share/roseus/ros/rm_msgs/msg/GameRobotPosData.l)
Linked: (/home/abscissa/dx_final/devel/.private/rm_msgs/share/roseus/ros/rm_msgs/msg/StateCmd.l, /home/abscissa/dx_final/devel/share/roseus/ros/rm_msgs/msg/StateCmd.l)
Linked: (/home/abscissa/dx_final/devel/.private/rm_msgs/share/roseus/ros/rm_msgs/msg/SentryInfo.l, /home/abscissa/dx_final/devel/share/roseus/ros/rm_msgs/msg/SentryInfo.l)
Linked: (/home/abscissa/dx_final/devel/.private/rm_msgs/share/roseus/ros/rm_msgs/msg/MovingAverageData.l, /home/abscissa/dx_final/devel/share/roseus/ros/rm_msgs/msg/MovingAverageData.l)
Linked: (/home/abscissa/dx_final/devel/.private/rm_msgs/share/roseus/ros/rm_msgs/msg/GameStatus.l, /home/abscissa/dx_final/devel/share/roseus/ros/rm_msgs/msg/GameStatus.l)
Linked: (/home/abscissa/dx_final/devel/.private/rm_msgs/share/roseus/ros/rm_msgs/msg/BulletAllowance.l, /home/abscissa/dx_final/devel/share/roseus/ros/rm_msgs/msg/BulletAllowance.l)
Linked: (/home/abscissa/dx_final/devel/.private/rm_msgs/share/roseus/ros/rm_msgs/msg/IcraBuffDebuffZoneStatus.l, /home/abscissa/dx_final/devel/share/roseus/ros/rm_msgs/msg/IcraBuffDebuffZoneStatus.l)
Linked: (/home/abscissa/dx_final/devel/.private/rm_msgs/share/roseus/ros/rm_msgs/msg/SentryDeviate.l, /home/abscissa/dx_final/devel/share/roseus/ros/rm_msgs/msg/SentryDeviate.l)
Linked: (/home/abscissa/dx_final/devel/.private/rm_msgs/share/roseus/ros/rm_msgs/msg/ShootCmd.l, /home/abscissa/dx_final/devel/share/roseus/ros/rm_msgs/msg/ShootCmd.l)
Linked: (/home/abscissa/dx_final/devel/.private/rm_msgs/share/roseus/ros/rm_msgs/msg/TagMsg.l, /home/abscissa/dx_final/devel/share/roseus/ros/rm_msgs/msg/TagMsg.l)
Linked: (/home/abscissa/dx_final/devel/.private/rm_msgs/share/roseus/ros/rm_msgs/msg/ManualToReferee.l, /home/abscissa/dx_final/devel/share/roseus/ros/rm_msgs/msg/ManualToReferee.l)
Linked: (/home/abscissa/dx_final/devel/.private/rm_msgs/share/roseus/ros/rm_msgs/msg/LegCmd.l, /home/abscissa/dx_final/devel/share/roseus/ros/rm_msgs/msg/LegCmd.l)
Linked: (/home/abscissa/dx_final/devel/.private/rm_msgs/share/roseus/ros/rm_msgs/msg/GpioData.l, /home/abscissa/dx_final/devel/share/roseus/ros/rm_msgs/msg/GpioData.l)
Linked: (/home/abscissa/dx_final/devel/.private/rm_msgs/share/roseus/ros/rm_msgs/msg/ClientMapSendData.l, /home/abscissa/dx_final/devel/share/roseus/ros/rm_msgs/msg/ClientMapSendData.l)
Linked: (/home/abscissa/dx_final/devel/.private/rm_msgs/share/roseus/ros/rm_msgs/msg/VTKeyboardMouseData.l, /home/abscissa/dx_final/devel/share/roseus/ros/rm_msgs/msg/VTKeyboardMouseData.l)
Linked: (/home/abscissa/dx_final/devel/.private/rm_msgs/share/roseus/ros/rm_msgs/msg/TagMsgArray.l, /home/abscissa/dx_final/devel/share/roseus/ros/rm_msgs/msg/TagMsgArray.l)
Linked: (/home/abscissa/dx_final/devel/.private/rm_msgs/share/roseus/ros/rm_msgs/msg/EngineerGoal.l, /home/abscissa/dx_final/devel/share/roseus/ros/rm_msgs/msg/EngineerGoal.l)
Linked: (/home/abscissa/dx_final/devel/.private/rm_msgs/share/roseus/ros/rm_msgs/msg/BalanceState.l, /home/abscissa/dx_final/devel/share/roseus/ros/rm_msgs/msg/BalanceState.l)
Linked: (/home/abscissa/dx_final/devel/.private/rm_msgs/share/roseus/ros/rm_msgs/msg/Buff.l, /home/abscissa/dx_final/devel/share/roseus/ros/rm_msgs/msg/Buff.l)
Linked: (/home/abscissa/dx_final/devel/.private/rm_msgs/share/roseus/ros/rm_msgs/msg/PowerManagementInitializationExceptionData.l, /home/abscissa/dx_final/devel/share/roseus/ros/rm_msgs/msg/PowerManagementInitializationExceptionData.l)
Linked: (/home/abscissa/dx_final/devel/.private/rm_msgs/share/roseus/ros/rm_msgs/msg/EventData.l, /home/abscissa/dx_final/devel/share/roseus/ros/rm_msgs/msg/EventData.l)
Linked: (/home/abscissa/dx_final/devel/.private/rm_msgs/share/roseus/ros/rm_msgs/msg/SentryCmd.l, /home/abscissa/dx_final/devel/share/roseus/ros/rm_msgs/msg/SentryCmd.l)
Linked: (/home/abscissa/dx_final/devel/.private/rm_msgs/share/roseus/ros/rm_msgs/msg/TofRadarData.l, /home/abscissa/dx_final/devel/share/roseus/ros/rm_msgs/msg/TofRadarData.l)
Linked: (/home/abscissa/dx_final/devel/.private/rm_msgs/share/roseus/ros/rm_msgs/msg/SentryAttackingTarget.l, /home/abscissa/dx_final/devel/share/roseus/ros/rm_msgs/msg/SentryAttackingTarget.l)
Linked: (/home/abscissa/dx_final/devel/.private/rm_msgs/share/roseus/ros/rm_msgs/msg/DartInfo.l, /home/abscissa/dx_final/devel/share/roseus/ros/rm_msgs/msg/DartInfo.l)
Linked: (/home/abscissa/dx_final/devel/.private/rm_msgs/share/roseus/ros/rm_msgs/msg/CustomControllerData.l, /home/abscissa/dx_final/devel/share/roseus/ros/rm_msgs/msg/CustomControllerData.l)
Linked: (/home/abscissa/dx_final/devel/.private/rm_msgs/share/roseus/ros/rm_msgs/msg/EngineerFeedback.l, /home/abscissa/dx_final/devel/share/roseus/ros/rm_msgs/msg/EngineerFeedback.l)
Linked: (/home/abscissa/dx_final/devel/.private/rm_msgs/share/roseus/ros/rm_msgs/msg/GameRobotHp.l, /home/abscissa/dx_final/devel/share/roseus/ros/rm_msgs/msg/GameRobotHp.l)
Linked: (/home/abscissa/dx_final/devel/.private/rm_msgs/share/roseus/ros/rm_msgs/msg/RobotsPositionData.l, /home/abscissa/dx_final/devel/share/roseus/ros/rm_msgs/msg/RobotsPositionData.l)
Linked: (/home/abscissa/dx_final/devel/.private/rm_msgs/share/roseus/ros/rm_msgs/msg/ShootData.l, /home/abscissa/dx_final/devel/share/roseus/ros/rm_msgs/msg/ShootData.l)
Linked: (/home/abscissa/dx_final/devel/.private/rm_msgs/share/roseus/ros/rm_msgs/msg/MultiDofCmd.l, /home/abscissa/dx_final/devel/share/roseus/ros/rm_msgs/msg/MultiDofCmd.l)
Linked: (/home/abscissa/dx_final/devel/.private/rm_msgs/share/roseus/ros/rm_msgs/msg/CapacityData.l, /home/abscissa/dx_final/devel/share/roseus/ros/rm_msgs/msg/CapacityData.l)
Linked: (/home/abscissa/dx_final/devel/.private/rm_msgs/share/roseus/ros/rm_msgs/msg/PowerManagementSampleAndStatusData.l, /home/abscissa/dx_final/devel/share/roseus/ros/rm_msgs/msg/PowerManagementSampleAndStatusData.l)
Linked: (/home/abscissa/dx_final/devel/.private/rm_msgs/share/roseus/ros/rm_msgs/msg/TargetDetectionArray.l, /home/abscissa/dx_final/devel/share/roseus/ros/rm_msgs/msg/TargetDetectionArray.l)
Linked: (/home/abscissa/dx_final/devel/.private/rm_msgs/share/roseus/ros/rm_msgs/msg/DbusData.l, /home/abscissa/dx_final/devel/share/roseus/ros/rm_msgs/msg/DbusData.l)
Linked: (/home/abscissa/dx_final/devel/.private/rm_msgs/share/roseus/ros/rm_msgs/msg/ClientMapReceiveData.l, /home/abscissa/dx_final/devel/share/roseus/ros/rm_msgs/msg/ClientMapReceiveData.l)
Linked: (/home/abscissa/dx_final/devel/.private/rm_msgs/share/roseus/ros/rm_msgs/msg/EngineerResult.l, /home/abscissa/dx_final/devel/share/roseus/ros/rm_msgs/msg/EngineerResult.l)
Linked: (/home/abscissa/dx_final/devel/.private/rm_msgs/share/roseus/ros/rm_msgs/msg/Dart.l, /home/abscissa/dx_final/devel/share/roseus/ros/rm_msgs/msg/Dart.l)
Linked: (/home/abscissa/dx_final/devel/.private/rm_msgs/share/roseus/ros/rm_msgs/msg/MapSentryData.l, /home/abscissa/dx_final/devel/share/roseus/ros/rm_msgs/msg/MapSentryData.l)
Linked: (/home/abscissa/dx_final/devel/.private/rm_msgs/share/roseus/ros/rm_msgs/msg/GimbalPosState.l, /home/abscissa/dx_final/devel/share/roseus/ros/rm_msgs/msg/GimbalPosState.l)
Linked: (/home/abscissa/dx_final/devel/.private/rm_msgs/share/roseus/ros/rm_msgs/msg/ActuatorState.l, /home/abscissa/dx_final/devel/share/roseus/ros/rm_msgs/msg/ActuatorState.l)
Linked: (/home/abscissa/dx_final/devel/.private/rm_msgs/share/roseus/ros/rm_msgs/msg/GimbalCmd.l, /home/abscissa/dx_final/devel/share/roseus/ros/rm_msgs/msg/GimbalCmd.l)
Linked: (/home/abscissa/dx_final/devel/.private/rm_msgs/share/roseus/ros/rm_msgs/msg/EngineerActionResult.l, /home/abscissa/dx_final/devel/share/roseus/ros/rm_msgs/msg/EngineerActionResult.l)
Linked: (/home/abscissa/dx_final/devel/.private/rm_msgs/share/roseus/ros/rm_msgs/msg/RadarToSentry.l, /home/abscissa/dx_final/devel/share/roseus/ros/rm_msgs/msg/RadarToSentry.l)
Linked: (/home/abscissa/dx_final/devel/.private/rm_msgs/share/roseus/ros/rm_msgs/msg/ExchangerMsg.l, /home/abscissa/dx_final/devel/share/roseus/ros/rm_msgs/msg/ExchangerMsg.l)
Linked: (/home/abscissa/dx_final/devel/.private/rm_msgs/share/roseus/ros/rm_msgs/msg/LocalHeatState.l, /home/abscissa/dx_final/devel/share/roseus/ros/rm_msgs/msg/LocalHeatState.l)
Linked: (/home/abscissa/dx_final/devel/.private/rm_msgs/share/roseus/ros/rm_msgs/msg/RfidStatus.l, /home/abscissa/dx_final/devel/share/roseus/ros/rm_msgs/msg/RfidStatus.l)
Linked: (/home/abscissa/dx_final/devel/.private/rm_msgs/share/roseus/ros/rm_msgs/msg/EngineerUi.l, /home/abscissa/dx_final/devel/share/roseus/ros/rm_msgs/msg/EngineerUi.l)
Linked: (/home/abscissa/dx_final/devel/.private/rm_msgs/share/roseus/ros/rm_msgs/msg/RadarInfo.l, /home/abscissa/dx_final/devel/share/roseus/ros/rm_msgs/msg/RadarInfo.l)
Linked: (/home/abscissa/dx_final/devel/.private/rm_msgs/share/roseus/ros/rm_msgs/msg/RadarMarkData.l, /home/abscissa/dx_final/devel/share/roseus/ros/rm_msgs/msg/RadarMarkData.l)
Linked: (/home/abscissa/dx_final/devel/.private/rm_msgs/share/roseus/ros/rm_msgs/msg/PriorityArray.l, /home/abscissa/dx_final/devel/share/roseus/ros/rm_msgs/msg/PriorityArray.l)
Linked: (/home/abscissa/dx_final/devel/.private/rm_msgs/share/roseus/ros/rm_msgs/msg/LpData.l, /home/abscissa/dx_final/devel/share/roseus/ros/rm_msgs/msg/LpData.l)
Linked: (/home/abscissa/dx_final/devel/.private/rm_msgs/share/roseus/ros/rm_msgs/msg/EngineerActionGoal.l, /home/abscissa/dx_final/devel/share/roseus/ros/rm_msgs/msg/EngineerActionGoal.l)
Linked: (/home/abscissa/dx_final/devel/.private/rm_msgs/share/roseus/ros/rm_msgs/msg/PowerManagementUnknownExceptionData.l, /home/abscissa/dx_final/devel/share/roseus/ros/rm_msgs/msg/PowerManagementUnknownExceptionData.l)
Linked: (/home/abscissa/dx_final/devel/.private/rm_msgs/share/roseus/ros/rm_msgs/msg/RobotHurt.l, /home/abscissa/dx_final/devel/share/roseus/ros/rm_msgs/msg/RobotHurt.l)
Linked: (/home/abscissa/dx_final/devel/.private/rm_msgs/share/roseus/ros/rm_msgs/msg/PowerHeatData.l, /home/abscissa/dx_final/devel/share/roseus/ros/rm_msgs/msg/PowerHeatData.l)
Linked: (/home/abscissa/dx_final/devel/.private/rm_msgs/share/roseus/ros/rm_msgs/msg/GimbalDesError.l, /home/abscissa/dx_final/devel/share/roseus/ros/rm_msgs/msg/GimbalDesError.l)
Linked: (/home/abscissa/dx_final/devel/.private/rm_msgs/share/roseus/ros/rm_msgs/msg/RadarData.l, /home/abscissa/dx_final/devel/share/roseus/ros/rm_msgs/msg/RadarData.l)
Linked: (/home/abscissa/dx_final/devel/.private/rm_msgs/share/roseus/ros/rm_msgs/msg/KalmanData.l, /home/abscissa/dx_final/devel/share/roseus/ros/rm_msgs/msg/KalmanData.l)
Linked: (/home/abscissa/dx_final/devel/.private/rm_msgs/share/roseus/ros/rm_msgs/msg/TrackData.l, /home/abscissa/dx_final/devel/share/roseus/ros/rm_msgs/msg/TrackData.l)
Linked: (/home/abscissa/dx_final/devel/.private/rm_msgs/share/roseus/ros/rm_msgs/msg/VTReceiverControlData.l, /home/abscissa/dx_final/devel/share/roseus/ros/rm_msgs/msg/VTReceiverControlData.l)
Linked: (/home/abscissa/dx_final/devel/.private/rm_msgs/share/roseus/ros/rm_msgs/msg/DartStatus.l, /home/abscissa/dx_final/devel/share/roseus/ros/rm_msgs/msg/DartStatus.l)
Linked: (/home/abscissa/dx_final/devel/.private/rm_msgs/share/roseus/ros/rm_msgs/msg/SupplyProjectileAction.l, /home/abscissa/dx_final/devel/share/roseus/ros/rm_msgs/msg/SupplyProjectileAction.l)
Linked: (/home/abscissa/dx_final/devel/.private/rm_msgs/share/roseus/ros/rm_msgs/msg/ChassisCmd.l, /home/abscissa/dx_final/devel/share/roseus/ros/rm_msgs/msg/ChassisCmd.l)
Linked: (/home/abscissa/dx_final/devel/.private/rm_msgs/share/roseus/ros/rm_msgs/msg/TargetDetection.l, /home/abscissa/dx_final/devel/share/roseus/ros/rm_msgs/msg/TargetDetection.l)
Linked: (/home/abscissa/dx_final/devel/.private/rm_msgs/share/roseus/ros/rm_msgs/msg/EngineerActionFeedback.l, /home/abscissa/dx_final/devel/share/roseus/ros/rm_msgs/msg/EngineerActionFeedback.l)
Linked: (/home/abscissa/dx_final/devel/.private/rm_msgs/share/roseus/ros/rm_msgs/msg/PowerManagementProcessStackOverflowData.l, /home/abscissa/dx_final/devel/share/roseus/ros/rm_msgs/msg/PowerManagementProcessStackOverflowData.l)
Linked: (/home/abscissa/dx_final/devel/.private/rm_msgs/share/roseus/ros/rm_msgs/msg/PowerManagementSystemExceptionData.l, /home/abscissa/dx_final/devel/share/roseus/ros/rm_msgs/msg/PowerManagementSystemExceptionData.l)
Linked: (/home/abscissa/dx_final/devel/.private/rm_msgs/share/roseus/ros/rm_msgs/msg/GameRobotStatus.l, /home/abscissa/dx_final/devel/share/roseus/ros/rm_msgs/msg/GameRobotStatus.l)
Linked: (/home/abscissa/dx_final/devel/.private/rm_msgs/share/roseus/ros/rm_msgs/msg/ShootState.l, /home/abscissa/dx_final/devel/share/roseus/ros/rm_msgs/msg/ShootState.l)
Linked: (/home/abscissa/dx_final/devel/.private/rm_msgs/share/rm_msgs/cmake/rm_msgs-msg-extras.cmake, /home/abscissa/dx_final/devel/share/rm_msgs/cmake/rm_msgs-msg-extras.cmake)
Linked: (/home/abscissa/dx_final/devel/.private/rm_msgs/share/rm_msgs/cmake/rm_msgsConfig.cmake, /home/abscissa/dx_final/devel/share/rm_msgs/cmake/rm_msgsConfig.cmake)
Linked: (/home/abscissa/dx_final/devel/.private/rm_msgs/share/rm_msgs/cmake/rm_msgsConfig-version.cmake, /home/abscissa/dx_final/devel/share/rm_msgs/cmake/rm_msgsConfig-version.cmake)
Linked: (/home/abscissa/dx_final/devel/.private/rm_msgs/share/rm_msgs/cmake/rm_msgs-msg-paths.cmake, /home/abscissa/dx_final/devel/share/rm_msgs/cmake/rm_msgs-msg-paths.cmake)
Linked: (/home/abscissa/dx_final/devel/.private/rm_msgs/share/rm_msgs/msg/EngineerFeedback.msg, /home/abscissa/dx_final/devel/share/rm_msgs/msg/EngineerFeedback.msg)
Linked: (/home/abscissa/dx_final/devel/.private/rm_msgs/share/rm_msgs/msg/EngineerAction.msg, /home/abscissa/dx_final/devel/share/rm_msgs/msg/EngineerAction.msg)
Linked: (/home/abscissa/dx_final/devel/.private/rm_msgs/share/rm_msgs/msg/EngineerActionFeedback.msg, /home/abscissa/dx_final/devel/share/rm_msgs/msg/EngineerActionFeedback.msg)
Linked: (/home/abscissa/dx_final/devel/.private/rm_msgs/share/rm_msgs/msg/EngineerActionGoal.msg, /home/abscissa/dx_final/devel/share/rm_msgs/msg/EngineerActionGoal.msg)
Linked: (/home/abscissa/dx_final/devel/.private/rm_msgs/share/rm_msgs/msg/EngineerActionResult.msg, /home/abscissa/dx_final/devel/share/rm_msgs/msg/EngineerActionResult.msg)
Linked: (/home/abscissa/dx_final/devel/.private/rm_msgs/share/rm_msgs/msg/EngineerGoal.msg, /home/abscissa/dx_final/devel/share/rm_msgs/msg/EngineerGoal.msg)
Linked: (/home/abscissa/dx_final/devel/.private/rm_msgs/share/rm_msgs/msg/EngineerResult.msg, /home/abscissa/dx_final/devel/share/rm_msgs/msg/EngineerResult.msg)
Linked: (/home/abscissa/dx_final/devel/.private/rm_msgs/include/rm_msgs/DbusData.h, /home/abscissa/dx_final/devel/include/rm_msgs/DbusData.h)
Linked: (/home/abscissa/dx_final/devel/.private/rm_msgs/include/rm_msgs/ShootBeforehandCmd.h, /home/abscissa/dx_final/devel/include/rm_msgs/ShootBeforehandCmd.h)
Linked: (/home/abscissa/dx_final/devel/.private/rm_msgs/include/rm_msgs/PowerManagementSampleAndStatusData.h, /home/abscissa/dx_final/devel/include/rm_msgs/PowerManagementSampleAndStatusData.h)
Linked: (/home/abscissa/dx_final/devel/.private/rm_msgs/include/rm_msgs/MovingAverageData.h, /home/abscissa/dx_final/devel/include/rm_msgs/MovingAverageData.h)
Linked: (/home/abscissa/dx_final/devel/.private/rm_msgs/include/rm_msgs/PowerManagementProcessStackOverflowData.h, /home/abscissa/dx_final/devel/include/rm_msgs/PowerManagementProcessStackOverflowData.h)
Linked: (/home/abscissa/dx_final/devel/.private/rm_msgs/include/rm_msgs/SetLimitVel.h, /home/abscissa/dx_final/devel/include/rm_msgs/SetLimitVel.h)
Linked: (/home/abscissa/dx_final/devel/.private/rm_msgs/include/rm_msgs/BulletAllowance.h, /home/abscissa/dx_final/devel/include/rm_msgs/BulletAllowance.h)
Linked: (/home/abscissa/dx_final/devel/.private/rm_msgs/include/rm_msgs/GimbalPosState.h, /home/abscissa/dx_final/devel/include/rm_msgs/GimbalPosState.h)
Linked: (/home/abscissa/dx_final/devel/.private/rm_msgs/include/rm_msgs/ShootState.h, /home/abscissa/dx_final/devel/include/rm_msgs/ShootState.h)
Linked: (/home/abscissa/dx_final/devel/.private/rm_msgs/include/rm_msgs/EngineerActionResult.h, /home/abscissa/dx_final/devel/include/rm_msgs/EngineerActionResult.h)
Linked: (/home/abscissa/dx_final/devel/.private/rm_msgs/include/rm_msgs/CameraStatusResponse.h, /home/abscissa/dx_final/devel/include/rm_msgs/CameraStatusResponse.h)
Linked: (/home/abscissa/dx_final/devel/.private/rm_msgs/include/rm_msgs/ContinousDetectorSwitchResponse.h, /home/abscissa/dx_final/devel/include/rm_msgs/ContinousDetectorSwitchResponse.h)
Linked: (/home/abscissa/dx_final/devel/.private/rm_msgs/include/rm_msgs/Buff.h, /home/abscissa/dx_final/devel/include/rm_msgs/Buff.h)
Linked: (/home/abscissa/dx_final/devel/.private/rm_msgs/include/rm_msgs/ClientMapSendData.h, /home/abscissa/dx_final/devel/include/rm_msgs/ClientMapSendData.h)
Linked: (/home/abscissa/dx_final/devel/.private/rm_msgs/include/rm_msgs/LegCmd.h, /home/abscissa/dx_final/devel/include/rm_msgs/LegCmd.h)
Linked: (/home/abscissa/dx_final/devel/.private/rm_msgs/include/rm_msgs/EventData.h, /home/abscissa/dx_final/devel/include/rm_msgs/EventData.h)
Linked: (/home/abscissa/dx_final/devel/.private/rm_msgs/include/rm_msgs/VisualizeStateData.h, /home/abscissa/dx_final/devel/include/rm_msgs/VisualizeStateData.h)
Linked: (/home/abscissa/dx_final/devel/.private/rm_msgs/include/rm_msgs/PowerManagementUnknownExceptionData.h, /home/abscissa/dx_final/devel/include/rm_msgs/PowerManagementUnknownExceptionData.h)
Linked: (/home/abscissa/dx_final/devel/.private/rm_msgs/include/rm_msgs/StatusChangeResponse.h, /home/abscissa/dx_final/devel/include/rm_msgs/StatusChangeResponse.h)
Linked: (/home/abscissa/dx_final/devel/.private/rm_msgs/include/rm_msgs/RadarData.h, /home/abscissa/dx_final/devel/include/rm_msgs/RadarData.h)
Linked: (/home/abscissa/dx_final/devel/.private/rm_msgs/include/rm_msgs/SupplyProjectileAction.h, /home/abscissa/dx_final/devel/include/rm_msgs/SupplyProjectileAction.h)
Linked: (/home/abscissa/dx_final/devel/.private/rm_msgs/include/rm_msgs/ShootCmd.h, /home/abscissa/dx_final/devel/include/rm_msgs/ShootCmd.h)
Linked: (/home/abscissa/dx_final/devel/.private/rm_msgs/include/rm_msgs/CapacityData.h, /home/abscissa/dx_final/devel/include/rm_msgs/CapacityData.h)
Linked: (/home/abscissa/dx_final/devel/.private/rm_msgs/include/rm_msgs/BalanceState.h, /home/abscissa/dx_final/devel/include/rm_msgs/BalanceState.h)
Linked: (/home/abscissa/dx_final/devel/.private/rm_msgs/include/rm_msgs/MultiDofCmd.h, /home/abscissa/dx_final/devel/include/rm_msgs/MultiDofCmd.h)
Linked: (/home/abscissa/dx_final/devel/.private/rm_msgs/include/rm_msgs/PowerManagementInitializationExceptionData.h, /home/abscissa/dx_final/devel/include/rm_msgs/PowerManagementInitializationExceptionData.h)
Linked: (/home/abscissa/dx_final/devel/.private/rm_msgs/include/rm_msgs/VTReceiverControlData.h, /home/abscissa/dx_final/devel/include/rm_msgs/VTReceiverControlData.h)
Linked: (/home/abscissa/dx_final/devel/.private/rm_msgs/include/rm_msgs/ShootData.h, /home/abscissa/dx_final/devel/include/rm_msgs/ShootData.h)
Linked: (/home/abscissa/dx_final/devel/.private/rm_msgs/include/rm_msgs/TrackData.h, /home/abscissa/dx_final/devel/include/rm_msgs/TrackData.h)
Linked: (/home/abscissa/dx_final/devel/.private/rm_msgs/include/rm_msgs/RadarToSentry.h, /home/abscissa/dx_final/devel/include/rm_msgs/RadarToSentry.h)
Linked: (/home/abscissa/dx_final/devel/.private/rm_msgs/include/rm_msgs/ActuatorState.h, /home/abscissa/dx_final/devel/include/rm_msgs/ActuatorState.h)
Linked: (/home/abscissa/dx_final/devel/.private/rm_msgs/include/rm_msgs/ContinousDetectorSwitchRequest.h, /home/abscissa/dx_final/devel/include/rm_msgs/ContinousDetectorSwitchRequest.h)
Linked: (/home/abscissa/dx_final/devel/.private/rm_msgs/include/rm_msgs/DartClientCmd.h, /home/abscissa/dx_final/devel/include/rm_msgs/DartClientCmd.h)
Linked: (/home/abscissa/dx_final/devel/.private/rm_msgs/include/rm_msgs/EnableGyroRequest.h, /home/abscissa/dx_final/devel/include/rm_msgs/EnableGyroRequest.h)
Linked: (/home/abscissa/dx_final/devel/.private/rm_msgs/include/rm_msgs/RobotsPositionData.h, /home/abscissa/dx_final/devel/include/rm_msgs/RobotsPositionData.h)
Linked: (/home/abscissa/dx_final/devel/.private/rm_msgs/include/rm_msgs/SentryAttackingTarget.h, /home/abscissa/dx_final/devel/include/rm_msgs/SentryAttackingTarget.h)
Linked: (/home/abscissa/dx_final/devel/.private/rm_msgs/include/rm_msgs/GameRobotPosData.h, /home/abscissa/dx_final/devel/include/rm_msgs/GameRobotPosData.h)
Linked: (/home/abscissa/dx_final/devel/.private/rm_msgs/include/rm_msgs/BusState.h, /home/abscissa/dx_final/devel/include/rm_msgs/BusState.h)
Linked: (/home/abscissa/dx_final/devel/.private/rm_msgs/include/rm_msgs/EngineerActionGoal.h, /home/abscissa/dx_final/devel/include/rm_msgs/EngineerActionGoal.h)
Linked: (/home/abscissa/dx_final/devel/.private/rm_msgs/include/rm_msgs/ExchangerMsg.h, /home/abscissa/dx_final/devel/include/rm_msgs/ExchangerMsg.h)
Linked: (/home/abscissa/dx_final/devel/.private/rm_msgs/include/rm_msgs/DartStatus.h, /home/abscissa/dx_final/devel/include/rm_msgs/DartStatus.h)
Linked: (/home/abscissa/dx_final/devel/.private/rm_msgs/include/rm_msgs/EnableGyro.h, /home/abscissa/dx_final/devel/include/rm_msgs/EnableGyro.h)
Linked: (/home/abscissa/dx_final/devel/.private/rm_msgs/include/rm_msgs/IcraBuffDebuffZoneStatus.h, /home/abscissa/dx_final/devel/include/rm_msgs/IcraBuffDebuffZoneStatus.h)
Linked: (/home/abscissa/dx_final/devel/.private/rm_msgs/include/rm_msgs/DartInfo.h, /home/abscissa/dx_final/devel/include/rm_msgs/DartInfo.h)
Linked: (/home/abscissa/dx_final/devel/.private/rm_msgs/include/rm_msgs/SentryInfo.h, /home/abscissa/dx_final/devel/include/rm_msgs/SentryInfo.h)
Linked: (/home/abscissa/dx_final/devel/.private/rm_msgs/include/rm_msgs/GimbalDesError.h, /home/abscissa/dx_final/devel/include/rm_msgs/GimbalDesError.h)
Linked: (/home/abscissa/dx_final/devel/.private/rm_msgs/include/rm_msgs/ContinousDetectorSwitch.h, /home/abscissa/dx_final/devel/include/rm_msgs/ContinousDetectorSwitch.h)
Linked: (/home/abscissa/dx_final/devel/.private/rm_msgs/include/rm_msgs/TagMsgArray.h, /home/abscissa/dx_final/devel/include/rm_msgs/TagMsgArray.h)
Linked: (/home/abscissa/dx_final/devel/.private/rm_msgs/include/rm_msgs/VTKeyboardMouseData.h, /home/abscissa/dx_final/devel/include/rm_msgs/VTKeyboardMouseData.h)
Linked: (/home/abscissa/dx_final/devel/.private/rm_msgs/include/rm_msgs/EnableImuTriggerResponse.h, /home/abscissa/dx_final/devel/include/rm_msgs/EnableImuTriggerResponse.h)
Linked: (/home/abscissa/dx_final/devel/.private/rm_msgs/include/rm_msgs/EngineerActionFeedback.h, /home/abscissa/dx_final/devel/include/rm_msgs/EngineerActionFeedback.h)
Linked: (/home/abscissa/dx_final/devel/.private/rm_msgs/include/rm_msgs/RadarInfo.h, /home/abscissa/dx_final/devel/include/rm_msgs/RadarInfo.h)
Linked: (/home/abscissa/dx_final/devel/.private/rm_msgs/include/rm_msgs/SentryDeviate.h, /home/abscissa/dx_final/devel/include/rm_msgs/SentryDeviate.h)
Linked: (/home/abscissa/dx_final/devel/.private/rm_msgs/include/rm_msgs/PowerHeatData.h, /home/abscissa/dx_final/devel/include/rm_msgs/PowerHeatData.h)
Linked: (/home/abscissa/dx_final/devel/.private/rm_msgs/include/rm_msgs/RobotHurt.h, /home/abscissa/dx_final/devel/include/rm_msgs/RobotHurt.h)
Linked: (/home/abscissa/dx_final/devel/.private/rm_msgs/include/rm_msgs/RadarMarkData.h, /home/abscissa/dx_final/devel/include/rm_msgs/RadarMarkData.h)
Linked: (/home/abscissa/dx_final/devel/.private/rm_msgs/include/rm_msgs/RfidStatus.h, /home/abscissa/dx_final/devel/include/rm_msgs/RfidStatus.h)
Linked: (/home/abscissa/dx_final/devel/.private/rm_msgs/include/rm_msgs/GameRobotStatus.h, /home/abscissa/dx_final/devel/include/rm_msgs/GameRobotStatus.h)
Linked: (/home/abscissa/dx_final/devel/.private/rm_msgs/include/rm_msgs/EngineerUi.h, /home/abscissa/dx_final/devel/include/rm_msgs/EngineerUi.h)
Linked: (/home/abscissa/dx_final/devel/.private/rm_msgs/include/rm_msgs/MapSentryData.h, /home/abscissa/dx_final/devel/include/rm_msgs/MapSentryData.h)
Linked: (/home/abscissa/dx_final/devel/.private/rm_msgs/include/rm_msgs/TagMsg.h, /home/abscissa/dx_final/devel/include/rm_msgs/TagMsg.h)
Linked: (/home/abscissa/dx_final/devel/.private/rm_msgs/include/rm_msgs/SetLimitVelRequest.h, /home/abscissa/dx_final/devel/include/rm_msgs/SetLimitVelRequest.h)
Linked: (/home/abscissa/dx_final/devel/.private/rm_msgs/include/rm_msgs/EngineerGoal.h, /home/abscissa/dx_final/devel/include/rm_msgs/EngineerGoal.h)
Linked: (/home/abscissa/dx_final/devel/.private/rm_msgs/include/rm_msgs/GameRobotHp.h, /home/abscissa/dx_final/devel/include/rm_msgs/GameRobotHp.h)
Linked: (/home/abscissa/dx_final/devel/.private/rm_msgs/include/rm_msgs/StatusChangeRequest.h, /home/abscissa/dx_final/devel/include/rm_msgs/StatusChangeRequest.h)
Linked: (/home/abscissa/dx_final/devel/.private/rm_msgs/include/rm_msgs/LpData.h, /home/abscissa/dx_final/devel/include/rm_msgs/LpData.h)
Linked: (/home/abscissa/dx_final/devel/.private/rm_msgs/include/rm_msgs/StatusChange.h, /home/abscissa/dx_final/devel/include/rm_msgs/StatusChange.h)
Linked: (/home/abscissa/dx_final/devel/.private/rm_msgs/include/rm_msgs/EnableGyroResponse.h, /home/abscissa/dx_final/devel/include/rm_msgs/EnableGyroResponse.h)
Linked: (/home/abscissa/dx_final/devel/.private/rm_msgs/include/rm_msgs/SentryCmd.h, /home/abscissa/dx_final/devel/include/rm_msgs/SentryCmd.h)
Linked: (/home/abscissa/dx_final/devel/.private/rm_msgs/include/rm_msgs/TargetDetectionArray.h, /home/abscissa/dx_final/devel/include/rm_msgs/TargetDetectionArray.h)
Linked: (/home/abscissa/dx_final/devel/.private/rm_msgs/include/rm_msgs/EngineerAction.h, /home/abscissa/dx_final/devel/include/rm_msgs/EngineerAction.h)
Linked: (/home/abscissa/dx_final/devel/.private/rm_msgs/include/rm_msgs/EnableImuTriggerRequest.h, /home/abscissa/dx_final/devel/include/rm_msgs/EnableImuTriggerRequest.h)
Linked: (/home/abscissa/dx_final/devel/.private/rm_msgs/include/rm_msgs/StateCmd.h, /home/abscissa/dx_final/devel/include/rm_msgs/StateCmd.h)
Linked: (/home/abscissa/dx_final/devel/.private/rm_msgs/include/rm_msgs/CustomControllerData.h, /home/abscissa/dx_final/devel/include/rm_msgs/CustomControllerData.h)
Linked: (/home/abscissa/dx_final/devel/.private/rm_msgs/include/rm_msgs/SetLimitVelResponse.h, /home/abscissa/dx_final/devel/include/rm_msgs/SetLimitVelResponse.h)
Linked: (/home/abscissa/dx_final/devel/.private/rm_msgs/include/rm_msgs/EngineerFeedback.h, /home/abscissa/dx_final/devel/include/rm_msgs/EngineerFeedback.h)
Linked: (/home/abscissa/dx_final/devel/.private/rm_msgs/include/rm_msgs/GimbalCmd.h, /home/abscissa/dx_final/devel/include/rm_msgs/GimbalCmd.h)
Linked: (/home/abscissa/dx_final/devel/.private/rm_msgs/include/rm_msgs/ChassisCmd.h, /home/abscissa/dx_final/devel/include/rm_msgs/ChassisCmd.h)
Linked: (/home/abscissa/dx_final/devel/.private/rm_msgs/include/rm_msgs/GameStatus.h, /home/abscissa/dx_final/devel/include/rm_msgs/GameStatus.h)
Linked: (/home/abscissa/dx_final/devel/.private/rm_msgs/include/rm_msgs/PowerManagementSystemExceptionData.h, /home/abscissa/dx_final/devel/include/rm_msgs/PowerManagementSystemExceptionData.h)
Linked: (/home/abscissa/dx_final/devel/.private/rm_msgs/include/rm_msgs/LocalHeatState.h, /home/abscissa/dx_final/devel/include/rm_msgs/LocalHeatState.h)
Linked: (/home/abscissa/dx_final/devel/.private/rm_msgs/include/rm_msgs/CameraStatusRequest.h, /home/abscissa/dx_final/devel/include/rm_msgs/CameraStatusRequest.h)
Linked: (/home/abscissa/dx_final/devel/.private/rm_msgs/include/rm_msgs/TargetDetection.h, /home/abscissa/dx_final/devel/include/rm_msgs/TargetDetection.h)
Linked: (/home/abscissa/dx_final/devel/.private/rm_msgs/include/rm_msgs/CameraStatus.h, /home/abscissa/dx_final/devel/include/rm_msgs/CameraStatus.h)
Linked: (/home/abscissa/dx_final/devel/.private/rm_msgs/include/rm_msgs/PriorityArray.h, /home/abscissa/dx_final/devel/include/rm_msgs/PriorityArray.h)
Linked: (/home/abscissa/dx_final/devel/.private/rm_msgs/include/rm_msgs/ManualToReferee.h, /home/abscissa/dx_final/devel/include/rm_msgs/ManualToReferee.h)
Linked: (/home/abscissa/dx_final/devel/.private/rm_msgs/include/rm_msgs/ClientMapReceiveData.h, /home/abscissa/dx_final/devel/include/rm_msgs/ClientMapReceiveData.h)
Linked: (/home/abscissa/dx_final/devel/.private/rm_msgs/include/rm_msgs/KalmanData.h, /home/abscissa/dx_final/devel/include/rm_msgs/KalmanData.h)
Linked: (/home/abscissa/dx_final/devel/.private/rm_msgs/include/rm_msgs/Dart.h, /home/abscissa/dx_final/devel/include/rm_msgs/Dart.h)
Linked: (/home/abscissa/dx_final/devel/.private/rm_msgs/include/rm_msgs/GpioData.h, /home/abscissa/dx_final/devel/include/rm_msgs/GpioData.h)
Linked: (/home/abscissa/dx_final/devel/.private/rm_msgs/include/rm_msgs/EnableImuTrigger.h, /home/abscissa/dx_final/devel/include/rm_msgs/EnableImuTrigger.h)
Linked: (/home/abscissa/dx_final/devel/.private/rm_msgs/include/rm_msgs/EngineerResult.h, /home/abscissa/dx_final/devel/include/rm_msgs/EngineerResult.h)
Linked: (/home/abscissa/dx_final/devel/.private/rm_msgs/include/rm_msgs/TofRadarData.h, /home/abscissa/dx_final/devel/include/rm_msgs/TofRadarData.h)
