Performing C SOURCE FILE Test CMAKE_HAVE_LIBC_PTHREAD failed with the following output:
Change Dir: /home/abscissa/catkin_ws/src/build/CMakeFiles/CMakeTmp

Run Build Command(s):/usr/bin/make cmTC_3dd16/fast && /usr/bin/make -f CMakeFiles/cmTC_3dd16.dir/build.make CMakeFiles/cmTC_3dd16.dir/build
make[1]: 进入目录“/home/abscissa/catkin_ws/src/build/CMakeFiles/CMakeTmp”
Building C object CMakeFiles/cmTC_3dd16.dir/src.c.o
/usr/bin/cc   -DCMAKE_HAVE_LIBC_PTHREAD   -o CMakeFiles/cmTC_3dd16.dir/src.c.o   -c /home/abscissa/catkin_ws/src/build/CMakeFiles/CMakeTmp/src.c
Linking C executable cmTC_3dd16
/usr/bin/cmake -E cmake_link_script CMakeFiles/cmTC_3dd16.dir/link.txt --verbose=1
/usr/bin/cc  -DCMAKE_HAVE_LIBC_PTHREAD    -rdynamic CMakeFiles/cmTC_3dd16.dir/src.c.o  -o cmTC_3dd16 
/usr/bin/ld: CMakeFiles/cmTC_3dd16.dir/src.c.o: in function `main':
src.c:(.text+0x46): undefined reference to `pthread_create'
/usr/bin/ld: src.c:(.text+0x52): undefined reference to `pthread_detach'
/usr/bin/ld: src.c:(.text+0x63): undefined reference to `pthread_join'
collect2: error: ld returned 1 exit status
make[1]: *** [CMakeFiles/cmTC_3dd16.dir/build.make:87：cmTC_3dd16] 错误 1
make[1]: 离开目录“/home/abscissa/catkin_ws/src/build/CMakeFiles/CMakeTmp”
make: *** [Makefile:121：cmTC_3dd16/fast] 错误 2


Source file was:
#include <pthread.h>

void* test_func(void* data)
{
  return data;
}

int main(void)
{
  pthread_t thread;
  pthread_create(&thread, NULL, test_func, NULL);
  pthread_detach(thread);
  pthread_join(thread, NULL);
  pthread_atfork(NULL, NULL, NULL);
  pthread_exit(NULL);

  return 0;
}

Determining if the function pthread_create exists in the pthreads failed with the following output:
Change Dir: /home/abscissa/catkin_ws/src/build/CMakeFiles/CMakeTmp

Run Build Command(s):/usr/bin/make cmTC_7b5ea/fast && /usr/bin/make -f CMakeFiles/cmTC_7b5ea.dir/build.make CMakeFiles/cmTC_7b5ea.dir/build
make[1]: 进入目录“/home/abscissa/catkin_ws/src/build/CMakeFiles/CMakeTmp”
Building C object CMakeFiles/cmTC_7b5ea.dir/CheckFunctionExists.c.o
/usr/bin/cc   -DCHECK_FUNCTION_EXISTS=pthread_create   -o CMakeFiles/cmTC_7b5ea.dir/CheckFunctionExists.c.o   -c /usr/share/cmake-3.16/Modules/CheckFunctionExists.c
Linking C executable cmTC_7b5ea
/usr/bin/cmake -E cmake_link_script CMakeFiles/cmTC_7b5ea.dir/link.txt --verbose=1
/usr/bin/cc  -DCHECK_FUNCTION_EXISTS=pthread_create    -rdynamic CMakeFiles/cmTC_7b5ea.dir/CheckFunctionExists.c.o  -o cmTC_7b5ea  -lpthreads 
/usr/bin/ld: 找不到 -lpthreads
collect2: error: ld returned 1 exit status
make[1]: *** [CMakeFiles/cmTC_7b5ea.dir/build.make:87：cmTC_7b5ea] 错误 1
make[1]: 离开目录“/home/abscissa/catkin_ws/src/build/CMakeFiles/CMakeTmp”
make: *** [Makefile:121：cmTC_7b5ea/fast] 错误 2



Performing C SOURCE FILE Test CMAKE_HAVE_LIBC_PTHREAD failed with the following output:
Change Dir: /home/abscissa/catkin_ws/src/build/CMakeFiles/CMakeTmp

Run Build Command(s):/usr/bin/make cmTC_00cad/fast && /usr/bin/make -f CMakeFiles/cmTC_00cad.dir/build.make CMakeFiles/cmTC_00cad.dir/build
make[1]: 进入目录“/home/abscissa/catkin_ws/src/build/CMakeFiles/CMakeTmp”
Building C object CMakeFiles/cmTC_00cad.dir/src.c.o
/usr/bin/cc   -DCMAKE_HAVE_LIBC_PTHREAD   -o CMakeFiles/cmTC_00cad.dir/src.c.o   -c /home/abscissa/catkin_ws/src/build/CMakeFiles/CMakeTmp/src.c
Linking C executable cmTC_00cad
/usr/bin/cmake -E cmake_link_script CMakeFiles/cmTC_00cad.dir/link.txt --verbose=1
/usr/bin/cc  -DCMAKE_HAVE_LIBC_PTHREAD    -rdynamic CMakeFiles/cmTC_00cad.dir/src.c.o  -o cmTC_00cad 
/usr/bin/ld: CMakeFiles/cmTC_00cad.dir/src.c.o: in function `main':
src.c:(.text+0x46): undefined reference to `pthread_create'
/usr/bin/ld: src.c:(.text+0x52): undefined reference to `pthread_detach'
/usr/bin/ld: src.c:(.text+0x63): undefined reference to `pthread_join'
collect2: error: ld returned 1 exit status
make[1]: *** [CMakeFiles/cmTC_00cad.dir/build.make:87：cmTC_00cad] 错误 1
make[1]: 离开目录“/home/abscissa/catkin_ws/src/build/CMakeFiles/CMakeTmp”
make: *** [Makefile:121：cmTC_00cad/fast] 错误 2


Source file was:
#include <pthread.h>

void* test_func(void* data)
{
  return data;
}

int main(void)
{
  pthread_t thread;
  pthread_create(&thread, NULL, test_func, NULL);
  pthread_detach(thread);
  pthread_join(thread, NULL);
  pthread_atfork(NULL, NULL, NULL);
  pthread_exit(NULL);

  return 0;
}

Determining if the function pthread_create exists in the pthreads failed with the following output:
Change Dir: /home/abscissa/catkin_ws/src/build/CMakeFiles/CMakeTmp

Run Build Command(s):/usr/bin/make cmTC_2368e/fast && /usr/bin/make -f CMakeFiles/cmTC_2368e.dir/build.make CMakeFiles/cmTC_2368e.dir/build
make[1]: 进入目录“/home/abscissa/catkin_ws/src/build/CMakeFiles/CMakeTmp”
Building C object CMakeFiles/cmTC_2368e.dir/CheckFunctionExists.c.o
/usr/bin/cc   -DCHECK_FUNCTION_EXISTS=pthread_create   -o CMakeFiles/cmTC_2368e.dir/CheckFunctionExists.c.o   -c /usr/share/cmake-3.16/Modules/CheckFunctionExists.c
Linking C executable cmTC_2368e
/usr/bin/cmake -E cmake_link_script CMakeFiles/cmTC_2368e.dir/link.txt --verbose=1
/usr/bin/cc  -DCHECK_FUNCTION_EXISTS=pthread_create    -rdynamic CMakeFiles/cmTC_2368e.dir/CheckFunctionExists.c.o  -o cmTC_2368e  -lpthreads 
/usr/bin/ld: 找不到 -lpthreads
collect2: error: ld returned 1 exit status
make[1]: *** [CMakeFiles/cmTC_2368e.dir/build.make:87：cmTC_2368e] 错误 1
make[1]: 离开目录“/home/abscissa/catkin_ws/src/build/CMakeFiles/CMakeTmp”
make: *** [Makefile:121：cmTC_2368e/fast] 错误 2



Performing C SOURCE FILE Test CMAKE_HAVE_LIBC_PTHREAD failed with the following output:
Change Dir: /home/abscissa/catkin_ws/src/build/CMakeFiles/CMakeTmp

Run Build Command(s):/usr/bin/make cmTC_6b6e9/fast && /usr/bin/make -f CMakeFiles/cmTC_6b6e9.dir/build.make CMakeFiles/cmTC_6b6e9.dir/build
make[1]: 进入目录“/home/abscissa/catkin_ws/src/build/CMakeFiles/CMakeTmp”
Building C object CMakeFiles/cmTC_6b6e9.dir/src.c.o
/usr/bin/cc   -DCMAKE_HAVE_LIBC_PTHREAD   -o CMakeFiles/cmTC_6b6e9.dir/src.c.o   -c /home/abscissa/catkin_ws/src/build/CMakeFiles/CMakeTmp/src.c
Linking C executable cmTC_6b6e9
/usr/bin/cmake -E cmake_link_script CMakeFiles/cmTC_6b6e9.dir/link.txt --verbose=1
/usr/bin/cc  -DCMAKE_HAVE_LIBC_PTHREAD    -rdynamic CMakeFiles/cmTC_6b6e9.dir/src.c.o  -o cmTC_6b6e9 
/usr/bin/ld: CMakeFiles/cmTC_6b6e9.dir/src.c.o: in function `main':
src.c:(.text+0x46): undefined reference to `pthread_create'
/usr/bin/ld: src.c:(.text+0x52): undefined reference to `pthread_detach'
/usr/bin/ld: src.c:(.text+0x63): undefined reference to `pthread_join'
collect2: error: ld returned 1 exit status
make[1]: *** [CMakeFiles/cmTC_6b6e9.dir/build.make:87：cmTC_6b6e9] 错误 1
make[1]: 离开目录“/home/abscissa/catkin_ws/src/build/CMakeFiles/CMakeTmp”
make: *** [Makefile:121：cmTC_6b6e9/fast] 错误 2


Source file was:
#include <pthread.h>

void* test_func(void* data)
{
  return data;
}

int main(void)
{
  pthread_t thread;
  pthread_create(&thread, NULL, test_func, NULL);
  pthread_detach(thread);
  pthread_join(thread, NULL);
  pthread_atfork(NULL, NULL, NULL);
  pthread_exit(NULL);

  return 0;
}

Determining if the function pthread_create exists in the pthreads failed with the following output:
Change Dir: /home/abscissa/catkin_ws/src/build/CMakeFiles/CMakeTmp

Run Build Command(s):/usr/bin/make cmTC_ad0e4/fast && /usr/bin/make -f CMakeFiles/cmTC_ad0e4.dir/build.make CMakeFiles/cmTC_ad0e4.dir/build
make[1]: 进入目录“/home/abscissa/catkin_ws/src/build/CMakeFiles/CMakeTmp”
Building C object CMakeFiles/cmTC_ad0e4.dir/CheckFunctionExists.c.o
/usr/bin/cc   -DCHECK_FUNCTION_EXISTS=pthread_create   -o CMakeFiles/cmTC_ad0e4.dir/CheckFunctionExists.c.o   -c /usr/share/cmake-3.16/Modules/CheckFunctionExists.c
Linking C executable cmTC_ad0e4
/usr/bin/cmake -E cmake_link_script CMakeFiles/cmTC_ad0e4.dir/link.txt --verbose=1
/usr/bin/cc  -DCHECK_FUNCTION_EXISTS=pthread_create    -rdynamic CMakeFiles/cmTC_ad0e4.dir/CheckFunctionExists.c.o  -o cmTC_ad0e4  -lpthreads 
/usr/bin/ld: 找不到 -lpthreads
collect2: error: ld returned 1 exit status
make[1]: *** [CMakeFiles/cmTC_ad0e4.dir/build.make:87：cmTC_ad0e4] 错误 1
make[1]: 离开目录“/home/abscissa/catkin_ws/src/build/CMakeFiles/CMakeTmp”
make: *** [Makefile:121：cmTC_ad0e4/fast] 错误 2



Performing C SOURCE FILE Test CMAKE_HAVE_LIBC_PTHREAD failed with the following output:
Change Dir: /home/abscissa/catkin_ws/src/build/CMakeFiles/CMakeTmp

Run Build Command(s):/usr/bin/make cmTC_e8c15/fast && /usr/bin/make -f CMakeFiles/cmTC_e8c15.dir/build.make CMakeFiles/cmTC_e8c15.dir/build
make[1]: 进入目录“/home/abscissa/catkin_ws/src/build/CMakeFiles/CMakeTmp”
Building C object CMakeFiles/cmTC_e8c15.dir/src.c.o
/usr/bin/cc   -DCMAKE_HAVE_LIBC_PTHREAD   -o CMakeFiles/cmTC_e8c15.dir/src.c.o   -c /home/abscissa/catkin_ws/src/build/CMakeFiles/CMakeTmp/src.c
Linking C executable cmTC_e8c15
/usr/bin/cmake -E cmake_link_script CMakeFiles/cmTC_e8c15.dir/link.txt --verbose=1
/usr/bin/cc  -DCMAKE_HAVE_LIBC_PTHREAD    -rdynamic CMakeFiles/cmTC_e8c15.dir/src.c.o  -o cmTC_e8c15 
/usr/bin/ld: CMakeFiles/cmTC_e8c15.dir/src.c.o: in function `main':
src.c:(.text+0x46): undefined reference to `pthread_create'
/usr/bin/ld: src.c:(.text+0x52): undefined reference to `pthread_detach'
/usr/bin/ld: src.c:(.text+0x63): undefined reference to `pthread_join'
collect2: error: ld returned 1 exit status
make[1]: *** [CMakeFiles/cmTC_e8c15.dir/build.make:87：cmTC_e8c15] 错误 1
make[1]: 离开目录“/home/abscissa/catkin_ws/src/build/CMakeFiles/CMakeTmp”
make: *** [Makefile:121：cmTC_e8c15/fast] 错误 2


Source file was:
#include <pthread.h>

void* test_func(void* data)
{
  return data;
}

int main(void)
{
  pthread_t thread;
  pthread_create(&thread, NULL, test_func, NULL);
  pthread_detach(thread);
  pthread_join(thread, NULL);
  pthread_atfork(NULL, NULL, NULL);
  pthread_exit(NULL);

  return 0;
}

Determining if the function pthread_create exists in the pthreads failed with the following output:
Change Dir: /home/abscissa/catkin_ws/src/build/CMakeFiles/CMakeTmp

Run Build Command(s):/usr/bin/make cmTC_038f0/fast && /usr/bin/make -f CMakeFiles/cmTC_038f0.dir/build.make CMakeFiles/cmTC_038f0.dir/build
make[1]: 进入目录“/home/abscissa/catkin_ws/src/build/CMakeFiles/CMakeTmp”
Building C object CMakeFiles/cmTC_038f0.dir/CheckFunctionExists.c.o
/usr/bin/cc   -DCHECK_FUNCTION_EXISTS=pthread_create   -o CMakeFiles/cmTC_038f0.dir/CheckFunctionExists.c.o   -c /usr/share/cmake-3.16/Modules/CheckFunctionExists.c
Linking C executable cmTC_038f0
/usr/bin/cmake -E cmake_link_script CMakeFiles/cmTC_038f0.dir/link.txt --verbose=1
/usr/bin/cc  -DCHECK_FUNCTION_EXISTS=pthread_create    -rdynamic CMakeFiles/cmTC_038f0.dir/CheckFunctionExists.c.o  -o cmTC_038f0  -lpthreads 
/usr/bin/ld: 找不到 -lpthreads
collect2: error: ld returned 1 exit status
make[1]: *** [CMakeFiles/cmTC_038f0.dir/build.make:87：cmTC_038f0] 错误 1
make[1]: 离开目录“/home/abscissa/catkin_ws/src/build/CMakeFiles/CMakeTmp”
make: *** [Makefile:121：cmTC_038f0/fast] 错误 2



Performing C SOURCE FILE Test CMAKE_HAVE_LIBC_PTHREAD failed with the following output:
Change Dir: /home/abscissa/catkin_ws/src/build/CMakeFiles/CMakeTmp

Run Build Command(s):/usr/bin/make cmTC_39736/fast && /usr/bin/make -f CMakeFiles/cmTC_39736.dir/build.make CMakeFiles/cmTC_39736.dir/build
make[1]: 进入目录“/home/abscissa/catkin_ws/src/build/CMakeFiles/CMakeTmp”
Building C object CMakeFiles/cmTC_39736.dir/src.c.o
/usr/bin/cc   -DCMAKE_HAVE_LIBC_PTHREAD   -o CMakeFiles/cmTC_39736.dir/src.c.o   -c /home/abscissa/catkin_ws/src/build/CMakeFiles/CMakeTmp/src.c
Linking C executable cmTC_39736
/usr/bin/cmake -E cmake_link_script CMakeFiles/cmTC_39736.dir/link.txt --verbose=1
/usr/bin/cc  -DCMAKE_HAVE_LIBC_PTHREAD    -rdynamic CMakeFiles/cmTC_39736.dir/src.c.o  -o cmTC_39736 
/usr/bin/ld: CMakeFiles/cmTC_39736.dir/src.c.o: in function `main':
src.c:(.text+0x46): undefined reference to `pthread_create'
/usr/bin/ld: src.c:(.text+0x52): undefined reference to `pthread_detach'
/usr/bin/ld: src.c:(.text+0x63): undefined reference to `pthread_join'
collect2: error: ld returned 1 exit status
make[1]: *** [CMakeFiles/cmTC_39736.dir/build.make:87：cmTC_39736] 错误 1
make[1]: 离开目录“/home/abscissa/catkin_ws/src/build/CMakeFiles/CMakeTmp”
make: *** [Makefile:121：cmTC_39736/fast] 错误 2


Source file was:
#include <pthread.h>

void* test_func(void* data)
{
  return data;
}

int main(void)
{
  pthread_t thread;
  pthread_create(&thread, NULL, test_func, NULL);
  pthread_detach(thread);
  pthread_join(thread, NULL);
  pthread_atfork(NULL, NULL, NULL);
  pthread_exit(NULL);

  return 0;
}

Determining if the function pthread_create exists in the pthreads failed with the following output:
Change Dir: /home/abscissa/catkin_ws/src/build/CMakeFiles/CMakeTmp

Run Build Command(s):/usr/bin/make cmTC_38552/fast && /usr/bin/make -f CMakeFiles/cmTC_38552.dir/build.make CMakeFiles/cmTC_38552.dir/build
make[1]: 进入目录“/home/abscissa/catkin_ws/src/build/CMakeFiles/CMakeTmp”
Building C object CMakeFiles/cmTC_38552.dir/CheckFunctionExists.c.o
/usr/bin/cc   -DCHECK_FUNCTION_EXISTS=pthread_create   -o CMakeFiles/cmTC_38552.dir/CheckFunctionExists.c.o   -c /usr/share/cmake-3.16/Modules/CheckFunctionExists.c
Linking C executable cmTC_38552
/usr/bin/cmake -E cmake_link_script CMakeFiles/cmTC_38552.dir/link.txt --verbose=1
/usr/bin/cc  -DCHECK_FUNCTION_EXISTS=pthread_create    -rdynamic CMakeFiles/cmTC_38552.dir/CheckFunctionExists.c.o  -o cmTC_38552  -lpthreads 
/usr/bin/ld: 找不到 -lpthreads
collect2: error: ld returned 1 exit status
make[1]: *** [CMakeFiles/cmTC_38552.dir/build.make:87：cmTC_38552] 错误 1
make[1]: 离开目录“/home/abscissa/catkin_ws/src/build/CMakeFiles/CMakeTmp”
make: *** [Makefile:121：cmTC_38552/fast] 错误 2



Performing C SOURCE FILE Test CMAKE_HAVE_LIBC_PTHREAD failed with the following output:
Change Dir: /home/abscissa/catkin_ws/src/build/CMakeFiles/CMakeTmp

Run Build Command(s):/usr/bin/make cmTC_8f580/fast && /usr/bin/make -f CMakeFiles/cmTC_8f580.dir/build.make CMakeFiles/cmTC_8f580.dir/build
make[1]: 进入目录“/home/abscissa/catkin_ws/src/build/CMakeFiles/CMakeTmp”
Building C object CMakeFiles/cmTC_8f580.dir/src.c.o
/usr/bin/cc   -DCMAKE_HAVE_LIBC_PTHREAD   -o CMakeFiles/cmTC_8f580.dir/src.c.o   -c /home/abscissa/catkin_ws/src/build/CMakeFiles/CMakeTmp/src.c
Linking C executable cmTC_8f580
/usr/bin/cmake -E cmake_link_script CMakeFiles/cmTC_8f580.dir/link.txt --verbose=1
/usr/bin/cc  -DCMAKE_HAVE_LIBC_PTHREAD    -rdynamic CMakeFiles/cmTC_8f580.dir/src.c.o  -o cmTC_8f580 
/usr/bin/ld: CMakeFiles/cmTC_8f580.dir/src.c.o: in function `main':
src.c:(.text+0x46): undefined reference to `pthread_create'
/usr/bin/ld: src.c:(.text+0x52): undefined reference to `pthread_detach'
/usr/bin/ld: src.c:(.text+0x63): undefined reference to `pthread_join'
collect2: error: ld returned 1 exit status
make[1]: *** [CMakeFiles/cmTC_8f580.dir/build.make:87：cmTC_8f580] 错误 1
make[1]: 离开目录“/home/abscissa/catkin_ws/src/build/CMakeFiles/CMakeTmp”
make: *** [Makefile:121：cmTC_8f580/fast] 错误 2


Source file was:
#include <pthread.h>

void* test_func(void* data)
{
  return data;
}

int main(void)
{
  pthread_t thread;
  pthread_create(&thread, NULL, test_func, NULL);
  pthread_detach(thread);
  pthread_join(thread, NULL);
  pthread_atfork(NULL, NULL, NULL);
  pthread_exit(NULL);

  return 0;
}

Determining if the function pthread_create exists in the pthreads failed with the following output:
Change Dir: /home/abscissa/catkin_ws/src/build/CMakeFiles/CMakeTmp

Run Build Command(s):/usr/bin/make cmTC_3378a/fast && /usr/bin/make -f CMakeFiles/cmTC_3378a.dir/build.make CMakeFiles/cmTC_3378a.dir/build
make[1]: 进入目录“/home/abscissa/catkin_ws/src/build/CMakeFiles/CMakeTmp”
Building C object CMakeFiles/cmTC_3378a.dir/CheckFunctionExists.c.o
/usr/bin/cc   -DCHECK_FUNCTION_EXISTS=pthread_create   -o CMakeFiles/cmTC_3378a.dir/CheckFunctionExists.c.o   -c /usr/share/cmake-3.16/Modules/CheckFunctionExists.c
Linking C executable cmTC_3378a
/usr/bin/cmake -E cmake_link_script CMakeFiles/cmTC_3378a.dir/link.txt --verbose=1
/usr/bin/cc  -DCHECK_FUNCTION_EXISTS=pthread_create    -rdynamic CMakeFiles/cmTC_3378a.dir/CheckFunctionExists.c.o  -o cmTC_3378a  -lpthreads 
/usr/bin/ld: 找不到 -lpthreads
collect2: error: ld returned 1 exit status
make[1]: *** [CMakeFiles/cmTC_3378a.dir/build.make:87：cmTC_3378a] 错误 1
make[1]: 离开目录“/home/abscissa/catkin_ws/src/build/CMakeFiles/CMakeTmp”
make: *** [Makefile:121：cmTC_3378a/fast] 错误 2



Performing C SOURCE FILE Test CMAKE_HAVE_LIBC_PTHREAD failed with the following output:
Change Dir: /home/abscissa/catkin_ws/src/build/CMakeFiles/CMakeTmp

Run Build Command(s):/usr/bin/make cmTC_3ca84/fast && /usr/bin/make -f CMakeFiles/cmTC_3ca84.dir/build.make CMakeFiles/cmTC_3ca84.dir/build
make[1]: 进入目录“/home/abscissa/catkin_ws/src/build/CMakeFiles/CMakeTmp”
Building C object CMakeFiles/cmTC_3ca84.dir/src.c.o
/usr/bin/cc   -DCMAKE_HAVE_LIBC_PTHREAD   -o CMakeFiles/cmTC_3ca84.dir/src.c.o   -c /home/abscissa/catkin_ws/src/build/CMakeFiles/CMakeTmp/src.c
Linking C executable cmTC_3ca84
/usr/bin/cmake -E cmake_link_script CMakeFiles/cmTC_3ca84.dir/link.txt --verbose=1
/usr/bin/cc  -DCMAKE_HAVE_LIBC_PTHREAD    -rdynamic CMakeFiles/cmTC_3ca84.dir/src.c.o  -o cmTC_3ca84 
/usr/bin/ld: CMakeFiles/cmTC_3ca84.dir/src.c.o: in function `main':
src.c:(.text+0x46): undefined reference to `pthread_create'
/usr/bin/ld: src.c:(.text+0x52): undefined reference to `pthread_detach'
/usr/bin/ld: src.c:(.text+0x63): undefined reference to `pthread_join'
collect2: error: ld returned 1 exit status
make[1]: *** [CMakeFiles/cmTC_3ca84.dir/build.make:87：cmTC_3ca84] 错误 1
make[1]: 离开目录“/home/abscissa/catkin_ws/src/build/CMakeFiles/CMakeTmp”
make: *** [Makefile:121：cmTC_3ca84/fast] 错误 2


Source file was:
#include <pthread.h>

void* test_func(void* data)
{
  return data;
}

int main(void)
{
  pthread_t thread;
  pthread_create(&thread, NULL, test_func, NULL);
  pthread_detach(thread);
  pthread_join(thread, NULL);
  pthread_atfork(NULL, NULL, NULL);
  pthread_exit(NULL);

  return 0;
}

Determining if the function pthread_create exists in the pthreads failed with the following output:
Change Dir: /home/abscissa/catkin_ws/src/build/CMakeFiles/CMakeTmp

Run Build Command(s):/usr/bin/make cmTC_f7c20/fast && /usr/bin/make -f CMakeFiles/cmTC_f7c20.dir/build.make CMakeFiles/cmTC_f7c20.dir/build
make[1]: 进入目录“/home/abscissa/catkin_ws/src/build/CMakeFiles/CMakeTmp”
Building C object CMakeFiles/cmTC_f7c20.dir/CheckFunctionExists.c.o
/usr/bin/cc   -DCHECK_FUNCTION_EXISTS=pthread_create   -o CMakeFiles/cmTC_f7c20.dir/CheckFunctionExists.c.o   -c /usr/share/cmake-3.16/Modules/CheckFunctionExists.c
Linking C executable cmTC_f7c20
/usr/bin/cmake -E cmake_link_script CMakeFiles/cmTC_f7c20.dir/link.txt --verbose=1
/usr/bin/cc  -DCHECK_FUNCTION_EXISTS=pthread_create    -rdynamic CMakeFiles/cmTC_f7c20.dir/CheckFunctionExists.c.o  -o cmTC_f7c20  -lpthreads 
/usr/bin/ld: 找不到 -lpthreads
collect2: error: ld returned 1 exit status
make[1]: *** [CMakeFiles/cmTC_f7c20.dir/build.make:87：cmTC_f7c20] 错误 1
make[1]: 离开目录“/home/abscissa/catkin_ws/src/build/CMakeFiles/CMakeTmp”
make: *** [Makefile:121：cmTC_f7c20/fast] 错误 2



Performing C SOURCE FILE Test CMAKE_HAVE_LIBC_PTHREAD failed with the following output:
Change Dir: /home/abscissa/catkin_ws/src/build/CMakeFiles/CMakeTmp

Run Build Command(s):/usr/bin/make cmTC_ae0ef/fast && /usr/bin/make -f CMakeFiles/cmTC_ae0ef.dir/build.make CMakeFiles/cmTC_ae0ef.dir/build
make[1]: 进入目录“/home/abscissa/catkin_ws/src/build/CMakeFiles/CMakeTmp”
Building C object CMakeFiles/cmTC_ae0ef.dir/src.c.o
/usr/bin/cc   -DCMAKE_HAVE_LIBC_PTHREAD   -o CMakeFiles/cmTC_ae0ef.dir/src.c.o   -c /home/abscissa/catkin_ws/src/build/CMakeFiles/CMakeTmp/src.c
Linking C executable cmTC_ae0ef
/usr/bin/cmake -E cmake_link_script CMakeFiles/cmTC_ae0ef.dir/link.txt --verbose=1
/usr/bin/cc  -DCMAKE_HAVE_LIBC_PTHREAD    -rdynamic CMakeFiles/cmTC_ae0ef.dir/src.c.o  -o cmTC_ae0ef 
/usr/bin/ld: CMakeFiles/cmTC_ae0ef.dir/src.c.o: in function `main':
src.c:(.text+0x46): undefined reference to `pthread_create'
/usr/bin/ld: src.c:(.text+0x52): undefined reference to `pthread_detach'
/usr/bin/ld: src.c:(.text+0x63): undefined reference to `pthread_join'
collect2: error: ld returned 1 exit status
make[1]: *** [CMakeFiles/cmTC_ae0ef.dir/build.make:87：cmTC_ae0ef] 错误 1
make[1]: 离开目录“/home/abscissa/catkin_ws/src/build/CMakeFiles/CMakeTmp”
make: *** [Makefile:121：cmTC_ae0ef/fast] 错误 2


Source file was:
#include <pthread.h>

void* test_func(void* data)
{
  return data;
}

int main(void)
{
  pthread_t thread;
  pthread_create(&thread, NULL, test_func, NULL);
  pthread_detach(thread);
  pthread_join(thread, NULL);
  pthread_atfork(NULL, NULL, NULL);
  pthread_exit(NULL);

  return 0;
}

Determining if the function pthread_create exists in the pthreads failed with the following output:
Change Dir: /home/abscissa/catkin_ws/src/build/CMakeFiles/CMakeTmp

Run Build Command(s):/usr/bin/make cmTC_222a5/fast && /usr/bin/make -f CMakeFiles/cmTC_222a5.dir/build.make CMakeFiles/cmTC_222a5.dir/build
make[1]: 进入目录“/home/abscissa/catkin_ws/src/build/CMakeFiles/CMakeTmp”
Building C object CMakeFiles/cmTC_222a5.dir/CheckFunctionExists.c.o
/usr/bin/cc   -DCHECK_FUNCTION_EXISTS=pthread_create   -o CMakeFiles/cmTC_222a5.dir/CheckFunctionExists.c.o   -c /usr/share/cmake-3.16/Modules/CheckFunctionExists.c
Linking C executable cmTC_222a5
/usr/bin/cmake -E cmake_link_script CMakeFiles/cmTC_222a5.dir/link.txt --verbose=1
/usr/bin/cc  -DCHECK_FUNCTION_EXISTS=pthread_create    -rdynamic CMakeFiles/cmTC_222a5.dir/CheckFunctionExists.c.o  -o cmTC_222a5  -lpthreads 
/usr/bin/ld: 找不到 -lpthreads
collect2: error: ld returned 1 exit status
make[1]: *** [CMakeFiles/cmTC_222a5.dir/build.make:87：cmTC_222a5] 错误 1
make[1]: 离开目录“/home/abscissa/catkin_ws/src/build/CMakeFiles/CMakeTmp”
make: *** [Makefile:121：cmTC_222a5/fast] 错误 2



