[01m[K/home/abscissa/dx_final/src/sentry_chassis_controller/src/sentry_chassis_controller.cpp:[m[K In member function ‘[01m[Kvirtual void sentry_chassis_controller::SentryChassisController::update(const ros::Time&, const ros::Duration&)[m[K’:
[01m[K/home/abscissa/dx_final/src/sentry_chassis_controller/src/sentry_chassis_controller.cpp:405:44:[m[K [01;31m[Kerror: [m[Kqualified-id in declaration before ‘[01m[K([m[K’ token
  405 | void SentryChassisController::calculateOdom[01;31m[K([m[Kconst ros::Time& now) {
      |                                            [01;31m[K^[m[K
[01m[K/home/abscissa/dx_final/src/sentry_chassis_controller/src/sentry_chassis_controller.cpp:513:46:[m[K [01;31m[Kerror: [m[Kqualified-id in declaration before ‘[01m[K([m[K’ token
  513 | void SentryChassisController::ChassisStopMode[01;31m[K([m[K) {
      |                                              [01;31m[K^[m[K
[01m[K/home/abscissa/dx_final/src/sentry_chassis_controller/src/sentry_chassis_controller.cpp:530:48:[m[K [01;31m[Kerror: [m[Kqualified-id in declaration before ‘[01m[K([m[K’ token
  530 | void SentryChassisController::calculateRoundCnt[01;31m[K([m[K) {
      |                                                [01;31m[K^[m[K
[01m[K/home/abscissa/dx_final/src/sentry_chassis_controller/src/sentry_chassis_controller.cpp:540:54:[m[K [01;31m[Kerror: [m[Kqualified-id in declaration before ‘[01m[K([m[K’ token
  540 | void SentryChassisController::calculateTargetRoundCnt[01;31m[K([m[K) {
      |                                                      [01;31m[K^[m[K
In file included from [01m[K/opt/ros/noetic/include/class_loader/class_loader.hpp:47[m[K,
                 from [01m[K/opt/ros/noetic/include/pluginlib/./class_list_macros.hpp:40[m[K,
                 from [01m[K/opt/ros/noetic/include/pluginlib/class_list_macros.h:35[m[K,
                 from [01m[K/home/abscissa/dx_final/src/sentry_chassis_controller/src/sentry_chassis_controller.cpp:3[m[K:
[01m[K/home/abscissa/dx_final/src/sentry_chassis_controller/src/sentry_chassis_controller.cpp:[m[K At global scope:
[01m[K/opt/ros/noetic/include/class_loader/register_macro.hpp:53:3:[m[K [01;31m[Kerror: [m[Kexpected ‘[01m[K}[m[K’ at end of input
   53 |   [01;31m[K}[m[K  // namespace
      |   [01;31m[K^[m[K
[01m[K/opt/ros/noetic/include/class_loader/register_macro.hpp:56:3:[m[K [01;36m[Knote: [m[Kin expansion of macro ‘[01m[KCLASS_LOADER_REGISTER_CLASS_INTERNAL_WITH_MESSAGE[m[K’
   56 |   [01;36m[KCLASS_LOADER_REGISTER_CLASS_INTERNAL_WITH_MESSAGE[m[K(Derived, Base, UniqueID, Message)
      |   [01;36m[K^~~~~~~~~~~~~~~~~~~~~~~~~~~~~~~~~~~~~~~~~~~~~~~~~[m[K
[01m[K/opt/ros/noetic/include/class_loader/register_macro.hpp:63:3:[m[K [01;36m[Knote: [m[Kin expansion of macro ‘[01m[KCLASS_LOADER_REGISTER_CLASS_INTERNAL_HOP1_WITH_MESSAGE[m[K’
   63 |   [01;36m[KCLASS_LOADER_REGISTER_CLASS_INTERNAL_HOP1_WITH_MESSAGE[m[K(Derived, Base, __COUNTER__, Message)
      |   [01;36m[K^~~~~~~~~~~~~~~~~~~~~~~~~~~~~~~~~~~~~~~~~~~~~~~~~~~~~~[m[K
[01m[K/opt/ros/noetic/include/class_loader/register_macro.hpp:70:3:[m[K [01;36m[Knote: [m[Kin expansion of macro ‘[01m[KCLASS_LOADER_REGISTER_CLASS_WITH_MESSAGE[m[K’
   70 |   [01;36m[KCLASS_LOADER_REGISTER_CLASS_WITH_MESSAGE[m[K(Derived, Base, "")
      |   [01;36m[K^~~~~~~~~~~~~~~~~~~~~~~~~~~~~~~~~~~~~~~~[m[K
[01m[K/opt/ros/noetic/include/pluginlib/./class_list_macros.hpp:49:3:[m[K [01;36m[Knote: [m[Kin expansion of macro ‘[01m[KCLASS_LOADER_REGISTER_CLASS[m[K’
   49 |   [01;36m[KCLASS_LOADER_REGISTER_CLASS[m[K(class_type, base_class_type)
      |   [01;36m[K^~~~~~~~~~~~~~~~~~~~~~~~~~~[m[K
[01m[K/home/abscissa/dx_final/src/sentry_chassis_controller/src/sentry_chassis_controller.cpp:551:1:[m[K [01;36m[Knote: [m[Kin expansion of macro ‘[01m[KPLUGINLIB_EXPORT_CLASS[m[K’
  551 | [01;36m[KPLUGINLIB_EXPORT_CLASS[m[K(sentry_chassis_controller::SentryChassisController, controller_interface::ControllerBase)
      | [01;36m[K^~~~~~~~~~~~~~~~~~~~~~[m[K
[01m[K/home/abscissa/dx_final/src/sentry_chassis_controller/src/sentry_chassis_controller.cpp:6:37:[m[K [01;36m[Knote: [m[Kto match this ‘[01m[K{[m[K’
    6 | namespace sentry_chassis_controller [01;36m[K{[m[K
      |                                     [01;36m[K^[m[K
make[2]: *** [CMakeFiles/sentry_chassis_controller.dir/build.make:63：CMakeFiles/sentry_chassis_controller.dir/src/sentry_chassis_controller.cpp.o] 错误 1
make[1]: *** [CMakeFiles/Makefile2:216：CMakeFiles/sentry_chassis_controller.dir/all] 错误 2
make: *** [Makefile:141：all] 错误 2
