[01m[K/home/abscissa/dx_final/src/sentry_chassis_controller/src/sentry_chassis_controller.cpp:1:7:[m[K [01;31m[Kerror: [m[Kstray ‘[01m[K#[m[K’ in program
    1 | ntroll[01;31m[K#[m[Kinclude "sentry_chassis_controller/sentry_chassis_controller.h"
      |       [01;31m[K^[m[K
[01m[K/home/abscissa/dx_final/src/sentry_chassis_controller/src/sentry_chassis_controller.cpp:1:1:[m[K [01;31m[Kerror: [m[K‘[01m[Kntroll[m[K’ does not name a type
    1 | [01;31m[Kntroll[m[K#include "sentry_chassis_controller/sentry_chassis_controller.h"
      | [01;31m[K^~~~~~[m[K
In file included from [01m[K/usr/include/c++/9/bits/move.h:55[m[K,
                 from [01m[K/usr/include/c++/9/bits/stl_pair.h:59[m[K,
                 from [01m[K/usr/include/c++/9/utility:70[m[K,
                 from [01m[K/usr/include/c++/9/algorithm:60[m[K,
                 from [01m[K/home/abscissa/dx_final/src/sentry_chassis_controller/src/sentry_chassis_controller.cpp:2[m[K:
[01m[K/usr/include/c++/9/type_traits:361:31:[m[K [01;31m[Kerror: [m[K‘[01m[Kstd::size_t[m[K’ has not been declared
  361 |   template<typename _Tp, std::[01;31m[Ksize_t[m[K _Size>
      |                               [01;31m[K^~~~~~[m[K
[01m[K/usr/include/c++/9/type_traits:362:25:[m[K [01;31m[Kerror: [m[K‘[01m[K_Size[m[K’ was not declared in this scope
  362 |     struct is_array<_Tp[[01;31m[K_Size[m[K]>
      |                         [01;31m[K^~~~~[m[K
[01m[K/usr/include/c++/9/type_traits:362:31:[m[K [01;31m[Kerror: [m[Ktemplate argument 1 is invalid
  362 |     struct is_array<_Tp[_Size][01;31m[K>[m[K
      |                               [01;31m[K^[m[K
[01m[K/usr/include/c++/9/type_traits:560:42:[m[K [01;31m[Kerror: [m[K‘[01m[Knullptr_t[m[K’ is not a member of ‘[01m[Kstd[m[K’
  560 |     struct __is_null_pointer_helper<std::[01;31m[Knullptr_t[m[K>
      |                                          [01;31m[K^~~~~~~~~[m[K
[01m[K/usr/include/c++/9/type_traits:560:42:[m[K [01;31m[Kerror: [m[K‘[01m[Knullptr_t[m[K’ is not a member of ‘[01m[Kstd[m[K’
[01m[K/usr/include/c++/9/type_traits:560:51:[m[K [01;31m[Kerror: [m[Ktemplate argument 1 is invalid
  560 |     struct __is_null_pointer_helper<std::nullptr_t[01;31m[K>[m[K
      |                                                   [01;31m[K^[m[K
[01m[K/usr/include/c++/9/type_traits:949:26:[m[K [01;31m[Kerror: [m[K‘[01m[Ksize_t[m[K’ has not been declared
  949 |   template<typename _Tp, [01;31m[Ksize_t[m[K _Num>
      |                          [01;31m[K^~~~~~[m[K
[01m[K/usr/include/c++/9/type_traits:950:49:[m[K [01;31m[Kerror: [m[K‘[01m[K_Num[m[K’ was not declared in this scope
  950 |     struct __is_nt_constructible_impl<true, _Tp[[01;31m[K_Num[m[K]>
      |                                                 [01;31m[K^~~~[m[K
[01m[K/usr/include/c++/9/type_traits:950:54:[m[K [01;31m[Kerror: [m[Ktemplate argument 2 is invalid
  950 |     struct __is_nt_constructible_impl<true, _Tp[_Num][01;31m[K>[m[K
      |                                                      [01;31m[K^[m[K
[01m[K/usr/include/c++/9/type_traits:1246:37:[m[K [01;31m[Kerror: [m[K‘[01m[Ksize_t[m[K’ is not a member of ‘[01m[Kstd[m[K’
 1246 |     : public integral_constant<std::[01;31m[Ksize_t[m[K, alignof(_Tp)> { };
      |                                     [01;31m[K^~~~~~[m[K
[01m[K/usr/include/c++/9/type_traits:1246:37:[m[K [01;31m[Kerror: [m[K‘[01m[Ksize_t[m[K’ is not a member of ‘[01m[Kstd[m[K’
[01m[K/usr/include/c++/9/type_traits:1246:57:[m[K [01;31m[Kerror: [m[Ktemplate argument 1 is invalid
 1246 |     : public integral_constant<std::size_t, alignof(_Tp)[01;31m[K>[m[K { };
      |                                                         [01;31m[K^[m[K
[01m[K/usr/include/c++/9/type_traits:1246:57:[m[K [01;36m[Knote: [m[Kinvalid template non-type parameter
[01m[K/usr/include/c++/9/type_traits:1251:37:[m[K [01;31m[Kerror: [m[K‘[01m[Ksize_t[m[K’ is not a member of ‘[01m[Kstd[m[K’
 1251 |     : public integral_constant<std::[01;31m[Ksize_t[m[K, 0> { };
      |                                     [01;31m[K^~~~~~[m[K
[01m[K/usr/include/c++/9/type_traits:1251:37:[m[K [01;31m[Kerror: [m[K‘[01m[Ksize_t[m[K’ is not a member of ‘[01m[Kstd[m[K’
[01m[K/usr/include/c++/9/type_traits:1251:46:[m[K [01;31m[Kerror: [m[Ktemplate argument 1 is invalid
 1251 |     : public integral_constant<std::size_t, 0[01;31m[K>[m[K { };
      |                                              [01;31m[K^[m[K
[01m[K/usr/include/c++/9/type_traits:1251:46:[m[K [01;36m[Knote: [m[Kinvalid template non-type parameter
[01m[K/usr/include/c++/9/type_traits:1253:31:[m[K [01;31m[Kerror: [m[K‘[01m[Kstd::size_t[m[K’ has not been declared
 1253 |   template<typename _Tp, std::[01;31m[Ksize_t[m[K _Size>
      |                               [01;31m[K^~~~~~[m[K
[01m[K/usr/include/c++/9/type_traits:1254:21:[m[K [01;31m[Kerror: [m[K‘[01m[K_Size[m[K’ was not declared in this scope
 1254 |     struct rank<_Tp[[01;31m[K_Size[m[K]>
      |                     [01;31m[K^~~~~[m[K
[01m[K/usr/include/c++/9/type_traits:1254:27:[m[K [01;31m[Kerror: [m[Ktemplate argument 1 is invalid
 1254 |     struct rank<_Tp[_Size][01;31m[K>[m[K
      |                           [01;31m[K^[m[K
[01m[K/usr/include/c++/9/type_traits:1255:37:[m[K [01;31m[Kerror: [m[K‘[01m[Ksize_t[m[K’ is not a member of ‘[01m[Kstd[m[K’
 1255 |     : public integral_constant<std::[01;31m[Ksize_t[m[K, 1 + rank<_Tp>::value> { };
      |                                     [01;31m[K^~~~~~[m[K
[01m[K/usr/include/c++/9/type_traits:1255:37:[m[K [01;31m[Kerror: [m[K‘[01m[Ksize_t[m[K’ is not a member of ‘[01m[Kstd[m[K’
[01m[K/usr/include/c++/9/type_traits:1255:65:[m[K [01;31m[Kerror: [m[Ktemplate argument 1 is invalid
 1255 |     : public integral_constant<std::size_t, 1 + rank<_Tp>::value[01;31m[K>[m[K { };
      |                                                                 [01;31m[K^[m[K
[01m[K/usr/include/c++/9/type_traits:1255:65:[m[K [01;36m[Knote: [m[Kinvalid template non-type parameter
[01m[K/usr/include/c++/9/type_traits:1259:37:[m[K [01;31m[Kerror: [m[K‘[01m[Ksize_t[m[K’ is not a member of ‘[01m[Kstd[m[K’
 1259 |     : public integral_constant<std::[01;31m[Ksize_t[m[K, 1 + rank<_Tp>::value> { };
      |                                     [01;31m[K^~~~~~[m[K
[01m[K/usr/include/c++/9/type_traits:1259:37:[m[K [01;31m[Kerror: [m[K‘[01m[Ksize_t[m[K’ is not a member of ‘[01m[Kstd[m[K’
[01m[K/usr/include/c++/9/type_traits:1259:65:[m[K [01;31m[Kerror: [m[Ktemplate argument 1 is invalid
 1259 |     : public integral_constant<std::size_t, 1 + rank<_Tp>::value[01;31m[K>[m[K { };
      |                                                                 [01;31m[K^[m[K
[01m[K/usr/include/c++/9/type_traits:1259:65:[m[K [01;36m[Knote: [m[Kinvalid template non-type parameter
[01m[K/usr/include/c++/9/type_traits:1264:37:[m[K [01;31m[Kerror: [m[K‘[01m[Ksize_t[m[K’ is not a member of ‘[01m[Kstd[m[K’
 1264 |     : public integral_constant<std::[01;31m[Ksize_t[m[K, 0> { };
      |                                     [01;31m[K^~~~~~[m[K
[01m[K/usr/include/c++/9/type_traits:1264:37:[m[K [01;31m[Kerror: [m[K‘[01m[Ksize_t[m[K’ is not a member of ‘[01m[Kstd[m[K’
[01m[K/usr/include/c++/9/type_traits:1264:46:[m[K [01;31m[Kerror: [m[Ktemplate argument 1 is invalid
 1264 |     : public integral_constant<std::size_t, 0[01;31m[K>[m[K { };
      |                                              [01;31m[K^[m[K
[01m[K/usr/include/c++/9/type_traits:1264:46:[m[K [01;36m[Knote: [m[Kinvalid template non-type parameter
[01m[K/usr/include/c++/9/type_traits:1266:47:[m[K [01;31m[Kerror: [m[K‘[01m[Kstd::size_t[m[K’ has not been declared
 1266 |   template<typename _Tp, unsigned _Uint, std::[01;31m[Ksize_t[m[K _Size>
      |                                               [01;31m[K^~~~~~[m[K
[01m[K/usr/include/c++/9/type_traits:1267:23:[m[K [01;31m[Kerror: [m[K‘[01m[K_Size[m[K’ was not declared in this scope
 1267 |     struct extent<_Tp[[01;31m[K_Size[m[K], _Uint>
      |                       [01;31m[K^~~~~[m[K
[01m[K/usr/include/c++/9/type_traits:1267:36:[m[K [01;31m[Kerror: [m[Ktemplate argument 1 is invalid
 1267 |     struct extent<_Tp[_Size], _Uint[01;31m[K>[m[K
      |                                    [01;31m[K^[m[K
[01m[K/usr/include/c++/9/type_traits:1268:37:[m[K [01;31m[Kerror: [m[K‘[01m[Ksize_t[m[K’ is not a member of ‘[01m[Kstd[m[K’
 1268 |     : public integral_constant<std::[01;31m[Ksize_t[m[K,
      |                                     [01;31m[K^~~~~~[m[K
[01m[K/usr/include/c++/9/type_traits:1268:37:[m[K [01;31m[Kerror: [m[K‘[01m[Ksize_t[m[K’ is not a member of ‘[01m[Kstd[m[K’
[01m[K/usr/include/c++/9/type_traits:1269:24:[m[K [01;31m[Kerror: [m[K‘[01m[K_Size[m[K’ was not declared in this scope
 1269 |           _Uint == 0 ? [01;31m[K_Size[m[K : extent<_Tp,
      |                        [01;31m[K^~~~~[m[K
[01m[K/usr/include/c++/9/type_traits:1270:28:[m[K [01;31m[Kerror: [m[Ktemplate argument 1 is invalid
 1270 |           _Uint - 1>::value[01;31m[K>[m[K
      |                            [01;31m[K^[m[K
[01m[K/usr/include/c++/9/type_traits:1270:28:[m[K [01;36m[Knote: [m[Kinvalid template non-type parameter
[01m[K/usr/include/c++/9/type_traits:1275:37:[m[K [01;31m[Kerror: [m[K‘[01m[Ksize_t[m[K’ is not a member of ‘[01m[Kstd[m[K’
 1275 |     : public integral_constant<std::[01;31m[Ksize_t[m[K,
      |                                     [01;31m[K^~~~~~[m[K
[01m[K/usr/include/c++/9/type_traits:1275:37:[m[K [01;31m[Kerror: [m[K‘[01m[Ksize_t[m[K’ is not a member of ‘[01m[Kstd[m[K’
[01m[K/usr/include/c++/9/type_traits:1277:31:[m[K [01;31m[Kerror: [m[Ktemplate argument 1 is invalid
 1277 |              _Uint - 1>::value[01;31m[K>[m[K
      |                               [01;31m[K^[m[K
[01m[K/usr/include/c++/9/type_traits:1277:31:[m[K [01;36m[Knote: [m[Kinvalid template non-type parameter
[01m[K/usr/include/c++/9/type_traits:1610:26:[m[K [01;31m[Kerror: [m[K‘[01m[Ksize_t[m[K’ does not name a type
 1610 |       { static constexpr [01;31m[Ksize_t[m[K __size = sizeof(_Tp); };
      |                          [01;31m[K^~~~~~[m[K
In file included from [01m[K/usr/include/c++/9/bits/move.h:55[m[K,
                 from [01m[K/usr/include/c++/9/bits/stl_pair.h:59[m[K,
                 from [01m[K/usr/include/c++/9/utility:70[m[K,
                 from [01m[K/usr/include/c++/9/algorithm:60[m[K,
                 from [01m[K/home/abscissa/dx_final/src/sentry_chassis_controller/src/sentry_chassis_controller.cpp:2[m[K:
[01m[K/usr/include/c++/9/type_traits:1:1:[m[K [01;36m[Knote: [m[K‘[01m[Ksize_t[m[K’ is defined in header ‘[01m[K<cstddef>[m[K’; did you forget to ‘[01m[K#include <cstddef>[m[K’?
  +++ |+[32m[K#include <cstddef>[m[K
    1 | // C++11 <type_traits> -*- C++ -*-
In file included from [01m[K/usr/include/c++/9/bits/move.h:55[m[K,
                 from [01m[K/usr/include/c++/9/bits/stl_pair.h:59[m[K,
                 from [01m[K/usr/include/c++/9/utility:70[m[K,
                 from [01m[K/usr/include/c++/9/algorithm:60[m[K,
                 from [01m[K/home/abscissa/dx_final/src/sentry_chassis_controller/src/sentry_chassis_controller.cpp:2[m[K:
[01m[K/usr/include/c++/9/type_traits:1612:14:[m[K [01;31m[Kerror: [m[K‘[01m[Ksize_t[m[K’ has not been declared
 1612 |     template<[01;31m[Ksize_t[m[K _Sz, typename _Tp, bool = (_Sz <= _Tp::__size)>
      |              [01;31m[K^~~~~~[m[K
[01m[K/usr/include/c++/9/type_traits:1612:48:[m[K [01;31m[Kerror: [m[K‘[01m[K_Sz[m[K’ was not declared in this scope
 1612 |     template<size_t _Sz, typename _Tp, bool = ([01;31m[K_Sz[m[K <= _Tp::__size)>
      |                                                [01;31m[K^~~[m[K
[01m[K/usr/include/c++/9/type_traits:1613:14:[m[K [01;31m[Kerror: [m[Kno default argument for ‘[01m[K_Tp[m[K’
 1613 |       struct [01;31m[K__select[m[K;
      |              [01;31m[K^~~~~~~~[m[K
[01m[K/usr/include/c++/9/type_traits:1615:14:[m[K [01;31m[Kerror: [m[K‘[01m[Ksize_t[m[K’ has not been declared
 1615 |     template<[01;31m[Ksize_t[m[K _Sz, typename _Uint, typename... _UInts>
      |              [01;31m[K^~~~~~[m[K
[01m[K/usr/include/c++/9/type_traits:1616:23:[m[K [01;31m[Kerror: [m[K‘[01m[K_Sz[m[K’ was not declared in this scope
 1616 |       struct __select<[01;31m[K_Sz[m[K, _List<_Uint, _UInts...>, true>
      |                       [01;31m[K^~~[m[K
[01m[K/usr/include/c++/9/type_traits:1616:57:[m[K [01;31m[Kerror: [m[Ktemplate argument 1 is invalid
 1616 |       struct __select<_Sz, _List<_Uint, _UInts...>, true[01;31m[K>[m[K
      |                                                         [01;31m[K^[m[K
[01m[K/usr/include/c++/9/type_traits:1619:14:[m[K [01;31m[Kerror: [m[K‘[01m[Ksize_t[m[K’ has not been declared
 1619 |     template<[01;31m[Ksize_t[m[K _Sz, typename _Uint, typename... _UInts>
      |              [01;31m[K^~~~~~[m[K
[01m[K/usr/include/c++/9/type_traits:1620:23:[m[K [01;31m[Kerror: [m[K‘[01m[K_Sz[m[K’ was not declared in this scope
 1620 |       struct __select<[01;31m[K_Sz[m[K, _List<_Uint, _UInts...>, false>
      |                       [01;31m[K^~~[m[K
[01m[K/usr/include/c++/9/type_traits:1620:58:[m[K [01;31m[Kerror: [m[Ktemplate argument 1 is invalid
 1620 |       struct __select<_Sz, _List<_Uint, _UInts...>, false[01;31m[K>[m[K
      |                                                          [01;31m[K^[m[K
[01m[K/usr/include/c++/9/type_traits:1621:18:[m[K [01;31m[Kerror: [m[K‘[01m[K_Sz[m[K’ was not declared in this scope
 1621 |       : __select<[01;31m[K_Sz[m[K, _List<_UInts...>>
      |                  [01;31m[K^~~[m[K
[01m[K/usr/include/c++/9/type_traits:1621:38:[m[K [01;31m[Kerror: [m[Ktemplate argument 1 is invalid
 1621 |       : __select<_Sz, _List<_UInts...[01;31m[K>>[m[K
      |                                      [01;31m[K^~[m[K
[01m[K/usr/include/c++/9/type_traits:1612:52:[m[K [01;31m[Kerror: [m[K‘[01m[K__size[m[K’ is not a member of ‘[01m[Kstd::__make_unsigned_selector_base::_List<unsigned char, short unsigned int, unsigned int, long unsigned int, long long unsigned int>[m[K’
 1612 |     template<size_t _Sz, typename _Tp, bool = [01;31m[K(_Sz <= _Tp::__size)[m[K>
      |                                               [01;31m[K~~~~~^~~~~~~~~~~~~~~[m[K
[01m[K/usr/include/c++/9/type_traits:1634:68:[m[K [01;31m[Kerror: [m[Ktemplate argument 3 is invalid
 1634 |       using __unsigned_type = typename __select<sizeof(_Tp), _UInts[01;31m[K>[m[K::__type;
      |                                                                    [01;31m[K^[m[K
[01m[K/usr/include/c++/9/type_traits:1638:40:[m[K [01;31m[Kerror: [m[K‘[01m[K__unsigned_type[m[K’ was not declared in this scope
 1638 |  = typename __match_cv_qualifiers<_Tp, [01;31m[K__unsigned_type[m[K>::__type;
      |                                        [01;31m[K^~~~~~~~~~~~~~~[m[K
[01m[K/usr/include/c++/9/type_traits:1638:55:[m[K [01;31m[Kerror: [m[Ktemplate argument 2 is invalid
 1638 |  = typename __match_cv_qualifiers<_Tp, __unsigned_type[01;31m[K>[m[K::__type;
      |                                                       [01;31m[K^[m[K
[01m[K/usr/include/c++/9/type_traits:1650:61:[m[K [01;31m[Kerror: [m[K‘[01m[K__type[m[K’ in ‘[01m[Kclass std::__make_unsigned_selector<wchar_t, false, true>[m[K’ does not name a type
 1650 |  = typename __make_unsigned_selector<wchar_t, false, true>::[01;31m[K__type[m[K;
      |                                                             [01;31m[K^~~~~~[m[K
[01m[K/usr/include/c++/9/type_traits:1667:62:[m[K [01;31m[Kerror: [m[K‘[01m[K__type[m[K’ in ‘[01m[Kclass std::__make_unsigned_selector<char16_t, false, true>[m[K’ does not name a type
 1667 |  = typename __make_unsigned_selector<char16_t, false, true>::[01;31m[K__type[m[K;
      |                                                              [01;31m[K^~~~~~[m[K
[01m[K/usr/include/c++/9/type_traits:1674:62:[m[K [01;31m[Kerror: [m[K‘[01m[K__type[m[K’ in ‘[01m[Kclass std::__make_unsigned_selector<char32_t, false, true>[m[K’ does not name a type
 1674 |  = typename __make_unsigned_selector<char32_t, false, true>::[01;31m[K__type[m[K;
      |                                                              [01;31m[K^~~~~~[m[K
/usr/include/c++/9/type_traits: In instantiation of ‘[01m[Kclass std::__make_unsigned_selector<wchar_t, true, false>[m[K’:
[01m[K/usr/include/c++/9/type_traits:1761:62:[m[K   required from ‘[01m[Kclass std::__make_signed_selector<wchar_t, false, true>[m[K’
[01m[K/usr/include/c++/9/type_traits:1776:57:[m[K   required from here
[01m[K/usr/include/c++/9/type_traits:1595:13:[m[K [01;31m[Kerror: [m[Kno type named ‘[01m[K__type[m[K’ in ‘[01m[Kstruct std::__make_unsigned<wchar_t>[m[K’
 1595 |       using [01;31m[K__unsigned_type[m[K
      |             [01;31m[K^~~~~~~~~~~~~~~[m[K
[01m[K/usr/include/c++/9/type_traits:1599:13:[m[K [01;31m[Kerror: [m[Kno type named ‘[01m[K__type[m[K’ in ‘[01m[Kstruct std::__make_unsigned<wchar_t>[m[K’
 1599 |       using [01;31m[K__type[m[K
      |             [01;31m[K^~~~~~[m[K
[01m[K/usr/include/c++/9/type_traits:1776:59:[m[K [01;31m[Kerror: [m[Kinvalid combination of multiple type-specifiers
 1776 |  = typename __make_signed_selector<wchar_t, false, true>::[01;31m[K__type[m[K;
      |                                                           [01;31m[K^~~~~~[m[K
/usr/include/c++/9/type_traits: In instantiation of ‘[01m[Kclass std::__make_unsigned_selector<char16_t, true, false>[m[K’:
[01m[K/usr/include/c++/9/type_traits:1761:62:[m[K   required from ‘[01m[Kclass std::__make_signed_selector<char16_t, false, true>[m[K’
[01m[K/usr/include/c++/9/type_traits:1793:58:[m[K   required from here
[01m[K/usr/include/c++/9/type_traits:1595:13:[m[K [01;31m[Kerror: [m[Kno type named ‘[01m[K__type[m[K’ in ‘[01m[Kstruct std::__make_unsigned<char16_t>[m[K’
 1595 |       using [01;31m[K__unsigned_type[m[K
      |             [01;31m[K^~~~~~~~~~~~~~~[m[K
[01m[K/usr/include/c++/9/type_traits:1599:13:[m[K [01;31m[Kerror: [m[Kno type named ‘[01m[K__type[m[K’ in ‘[01m[Kstruct std::__make_unsigned<char16_t>[m[K’
 1599 |       using [01;31m[K__type[m[K
      |             [01;31m[K^~~~~~[m[K
[01m[K/usr/include/c++/9/type_traits:1793:60:[m[K [01;31m[Kerror: [m[Kinvalid combination of multiple type-specifiers
 1793 |  = typename __make_signed_selector<char16_t, false, true>::[01;31m[K__type[m[K;
      |                                                            [01;31m[K^~~~~~[m[K
/usr/include/c++/9/type_traits: In instantiation of ‘[01m[Kclass std::__make_unsigned_selector<char32_t, true, false>[m[K’:
[01m[K/usr/include/c++/9/type_traits:1761:62:[m[K   required from ‘[01m[Kclass std::__make_signed_selector<char32_t, false, true>[m[K’
[01m[K/usr/include/c++/9/type_traits:1800:58:[m[K   required from here
[01m[K/usr/include/c++/9/type_traits:1595:13:[m[K [01;31m[Kerror: [m[Kno type named ‘[01m[K__type[m[K’ in ‘[01m[Kstruct std::__make_unsigned<char32_t>[m[K’
 1595 |       using [01;31m[K__unsigned_type[m[K
      |             [01;31m[K^~~~~~~~~~~~~~~[m[K
[01m[K/usr/include/c++/9/type_traits:1599:13:[m[K [01;31m[Kerror: [m[Kno type named ‘[01m[K__type[m[K’ in ‘[01m[Kstruct std::__make_unsigned<char32_t>[m[K’
 1599 |       using [01;31m[K__type[m[K
      |             [01;31m[K^~~~~~[m[K
[01m[K/usr/include/c++/9/type_traits:1800:60:[m[K [01;31m[Kerror: [m[Kinvalid combination of multiple type-specifiers
 1800 |  = typename __make_signed_selector<char32_t, false, true>::[01;31m[K__type[m[K;
      |                                                            [01;31m[K^~~~~~[m[K
[01m[K/usr/include/c++/9/type_traits:1832:31:[m[K [01;31m[Kerror: [m[K‘[01m[Kstd::size_t[m[K’ has not been declared
 1832 |   template<typename _Tp, std::[01;31m[Ksize_t[m[K _Size>
      |                               [01;31m[K^~~~~~[m[K
[01m[K/usr/include/c++/9/type_traits:1833:30:[m[K [01;31m[Kerror: [m[K‘[01m[K_Size[m[K’ was not declared in this scope
 1833 |     struct remove_extent<_Tp[[01;31m[K_Size[m[K]>
      |                              [01;31m[K^~~~~[m[K
[01m[K/usr/include/c++/9/type_traits:1833:36:[m[K [01;31m[Kerror: [m[Ktemplate argument 1 is invalid
 1833 |     struct remove_extent<_Tp[_Size][01;31m[K>[m[K
      |                                    [01;31m[K^[m[K
[01m[K/usr/include/c++/9/type_traits:1845:31:[m[K [01;31m[Kerror: [m[K‘[01m[Kstd::size_t[m[K’ has not been declared
 1845 |   template<typename _Tp, std::[01;31m[Ksize_t[m[K _Size>
      |                               [01;31m[K^~~~~~[m[K
[01m[K/usr/include/c++/9/type_traits:1846:35:[m[K [01;31m[Kerror: [m[K‘[01m[K_Size[m[K’ was not declared in this scope
 1846 |     struct remove_all_extents<_Tp[[01;31m[K_Size[m[K]>
      |                                   [01;31m[K^~~~~[m[K
[01m[K/usr/include/c++/9/type_traits:1846:41:[m[K [01;31m[Kerror: [m[Ktemplate argument 1 is invalid
 1846 |     struct remove_all_extents<_Tp[_Size][01;31m[K>[m[K
      |                                         [01;31m[K^[m[K
[01m[K/usr/include/c++/9/type_traits:1904:17:[m[K [01;31m[Kerror: [m[K‘[01m[Kstd::size_t[m[K’ has not been declared
 1904 |   template<std::[01;31m[Ksize_t[m[K _Len>
      |                 [01;31m[K^~~~~~[m[K
[01m[K/usr/include/c++/9/type_traits:1909:23:[m[K [01;31m[Kerror: [m[K‘[01m[K_Len[m[K’ was not declared in this scope
 1909 |  unsigned char __data[[01;31m[K_Len[m[K];
      |                       [01;31m[K^~~~[m[K
[01m[K/usr/include/c++/9/type_traits:1924:17:[m[K [01;31m[Kerror: [m[K‘[01m[Kstd::size_t[m[K’ has not been declared
 1924 |   template<std::[01;31m[Ksize_t[m[K _Len, std::size_t _Align =
      |                 [01;31m[K^~~~~~[m[K
[01m[K/usr/include/c++/9/type_traits:1924:35:[m[K [01;31m[Kerror: [m[K‘[01m[Kstd::size_t[m[K’ has not been declared
 1924 |   template<std::size_t _Len, std::[01;31m[Ksize_t[m[K _Align =
      |                                   [01;31m[K^~~~~~[m[K
[01m[K/usr/include/c++/9/type_traits:1925:48:[m[K [01;31m[Kerror: [m[K‘[01m[K_Len[m[K’ was not declared in this scope
 1925 |     __alignof__(typename __aligned_storage_msa<[01;31m[K_Len[m[K>::__type)>
      |                                                [01;31m[K^~~~[m[K
[01m[K/usr/include/c++/9/type_traits:1925:52:[m[K [01;31m[Kerror: [m[Ktemplate argument 1 is invalid
 1925 |     __alignof__(typename __aligned_storage_msa<_Len[01;31m[K>[m[K::__type)>
      |                                                    [01;31m[K^[m[K
[01m[K/usr/include/c++/9/type_traits:1930:23:[m[K [01;31m[Kerror: [m[K‘[01m[K_Len[m[K’ was not declared in this scope
 1930 |  unsigned char __data[[01;31m[K_Len[m[K];
      |                       [01;31m[K^~~~[m[K
[01m[K/usr/include/c++/9/type_traits:1931:37:[m[K [01;31m[Kerror: [m[K‘[01m[K_Align[m[K’ was not declared in this scope
 1931 |  struct __attribute__((__aligned__(([01;31m[K_Align[m[K)))) { } __align;
      |                                     [01;31m[K^~~~~~[m[K
[01m[K/usr/include/c++/9/type_traits:1938:20:[m[K [01;31m[Kerror: [m[K‘[01m[Ksize_t[m[K’ does not name a type
 1938 |       static const [01;31m[Ksize_t[m[K _S_alignment = 0;
      |                    [01;31m[K^~~~~~[m[K
[01m[K/usr/include/c++/9/type_traits:1938:20:[m[K [01;36m[Knote: [m[K‘[01m[Ksize_t[m[K’ is defined in header ‘[01m[K<cstddef>[m[K’; did you forget to ‘[01m[K#include <cstddef>[m[K’?
[01m[K/usr/include/c++/9/type_traits:1939:20:[m[K [01;31m[Kerror: [m[K‘[01m[Ksize_t[m[K’ does not name a type
 1939 |       static const [01;31m[Ksize_t[m[K _S_size = 0;
      |                    [01;31m[K^~~~~~[m[K
[01m[K/usr/include/c++/9/type_traits:1939:20:[m[K [01;36m[Knote: [m[K‘[01m[Ksize_t[m[K’ is defined in header ‘[01m[K<cstddef>[m[K’; did you forget to ‘[01m[K#include <cstddef>[m[K’?
[01m[K/usr/include/c++/9/type_traits:1945:20:[m[K [01;31m[Kerror: [m[K‘[01m[Ksize_t[m[K’ does not name a type
 1945 |       static const [01;31m[Ksize_t[m[K _S_alignment =
      |                    [01;31m[K^~~~~~[m[K
[01m[K/usr/include/c++/9/type_traits:1945:20:[m[K [01;36m[Knote: [m[K‘[01m[Ksize_t[m[K’ is defined in header ‘[01m[K<cstddef>[m[K’; did you forget to ‘[01m[K#include <cstddef>[m[K’?
[01m[K/usr/include/c++/9/type_traits:1948:20:[m[K [01;31m[Kerror: [m[K‘[01m[Ksize_t[m[K’ does not name a type
 1948 |       static const [01;31m[Ksize_t[m[K _S_size =
      |                    [01;31m[K^~~~~~[m[K
[01m[K/usr/include/c++/9/type_traits:1948:20:[m[K [01;36m[Knote: [m[K‘[01m[Ksize_t[m[K’ is defined in header ‘[01m[K<cstddef>[m[K’; did you forget to ‘[01m[K#include <cstddef>[m[K’?
[01m[K/usr/include/c++/9/type_traits:1963:13:[m[K [01;31m[Kerror: [m[K‘[01m[Ksize_t[m[K’ has not been declared
 1963 |   template <[01;31m[Ksize_t[m[K _Len, typename... _Types>
      |             [01;31m[K^~~~~~[m[K
[01m[K/usr/include/c++/9/type_traits:1970:20:[m[K [01;31m[Kerror: [m[K‘[01m[Ksize_t[m[K’ does not name a type
 1970 |       static const [01;31m[Ksize_t[m[K _S_len = _Len > __strictest::_S_size
      |                    [01;31m[K^~~~~~[m[K
[01m[K/usr/include/c++/9/type_traits:1970:20:[m[K [01;36m[Knote: [m[K‘[01m[Ksize_t[m[K’ is defined in header ‘[01m[K<cstddef>[m[K’; did you forget to ‘[01m[K#include <cstddef>[m[K’?
[01m[K/usr/include/c++/9/type_traits:1974:20:[m[K [01;31m[Kerror: [m[K‘[01m[Ksize_t[m[K’ does not name a type
 1974 |       static const [01;31m[Ksize_t[m[K alignment_value = __strictest::_S_alignment;
      |                    [01;31m[K^~~~~~[m[K
[01m[K/usr/include/c++/9/type_traits:1974:20:[m[K [01;36m[Knote: [m[K‘[01m[Ksize_t[m[K’ is defined in header ‘[01m[K<cstddef>[m[K’; did you forget to ‘[01m[K#include <cstddef>[m[K’?
[01m[K/usr/include/c++/9/type_traits:1976:40:[m[K [01;31m[Kerror: [m[K‘[01m[K_S_len[m[K’ was not declared in this scope
 1976 |       typedef typename aligned_storage<[01;31m[K_S_len[m[K, alignment_value>::type type;
      |                                        [01;31m[K^~~~~~[m[K
[01m[K/usr/include/c++/9/type_traits:1976:48:[m[K [01;31m[Kerror: [m[K‘[01m[Kalignment_value[m[K’ was not declared in this scope; did you mean ‘[01m[Kalignment_of[m[K’?
 1976 |       typedef typename aligned_storage<_S_len, [01;31m[Kalignment_value[m[K>::type type;
      |                                                [01;31m[K^~~~~~~~~~~~~~~[m[K
      |                                                [32m[Kalignment_of[m[K
[01m[K/usr/include/c++/9/type_traits:1976:63:[m[K [01;31m[Kerror: [m[Ktemplate argument 1 is invalid
 1976 |       typedef typename aligned_storage<_S_len, alignment_value[01;31m[K>[m[K::type type;
      |                                                               [01;31m[K^[m[K
[01m[K/usr/include/c++/9/type_traits:1976:63:[m[K [01;31m[Kerror: [m[Ktemplate argument 2 is invalid
[01m[K/usr/include/c++/9/type_traits:1979:13:[m[K [01;31m[Kerror: [m[K‘[01m[Ksize_t[m[K’ has not been declared
 1979 |   template <[01;31m[Ksize_t[m[K _Len, typename... _Types>
      |             [01;31m[K^~~~~~[m[K
[01m[K/usr/include/c++/9/type_traits:1980:11:[m[K [01;31m[Kerror: [m[K‘[01m[Ksize_t[m[K’ does not name a type
 1980 |     const [01;31m[Ksize_t[m[K aligned_union<_Len, _Types...>::alignment_value;
      |           [01;31m[K^~~~~~[m[K
[01m[K/usr/include/c++/9/type_traits:1980:11:[m[K [01;36m[Knote: [m[K‘[01m[Ksize_t[m[K’ is defined in header ‘[01m[K<cstddef>[m[K’; did you forget to ‘[01m[K#include <cstddef>[m[K’?
[01m[K/usr/include/c++/9/type_traits:2487:26:[m[K [01;31m[Kerror: [m[K‘[01m[Ksize_t[m[K’ has not been declared
 2487 |   template<typename _Tp, [01;31m[Ksize_t[m[K _Nm>
      |                          [01;31m[K^~~~~~[m[K
[01m[K/usr/include/c++/9/type_traits:2490:21:[m[K [01;31m[Kerror: [m[K‘[01m[K_Nm[m[K’ was not declared in this scope
 2490 |     swap(_Tp (&__a)[[01;31m[K_Nm[m[K], _Tp (&__b)[_Nm])
      |                     [01;31m[K^~~[m[K
[01m[K/usr/include/c++/9/type_traits:2490:24:[m[K [01;31m[Kerror: [m[K‘[01m[Ktemplate<class _Tp, <declaration error> > typename std::enable_if<std::__is_swappable<_Tp>::value>::type std::swap[m[K’ conflicts with a previous declaration
 2490 |     swap(_Tp (&__a)[_Nm[01;31m[K][m[K, _Tp (&__b)[_Nm])
      |                        [01;31m[K^[m[K
[01m[K/usr/include/c++/9/type_traits:2483:5:[m[K [01;36m[Knote: [m[Kprevious declaration ‘[01m[Ktypename std::enable_if<std::__and_<std::__not_<std::__is_tuple_like<_Tp> >, std::is_move_constructible<_Tp>, std::is_move_assignable<_Tp> >::value>::type std::swap(_Tp&, _Tp&)[m[K’
 2483 |     [01;36m[Kswap[m[K(_Tp&, _Tp&)
      |     [01;36m[K^~~~[m[K
[01m[K/usr/include/c++/9/type_traits:2490:16:[m[K [01;31m[Kerror: [m[K‘[01m[K__a[m[K’ was not declared in this scope
 2490 |     swap(_Tp (&[01;31m[K__a[m[K)[_Nm], _Tp (&__b)[_Nm])
      |                [01;31m[K^~~[m[K
[01m[K/usr/include/c++/9/type_traits:2490:21:[m[K [01;31m[Kerror: [m[K‘[01m[K_Nm[m[K’ was not declared in this scope
 2490 |     swap(_Tp (&__a)[[01;31m[K_Nm[m[K], _Tp (&__b)[_Nm])
      |                     [01;31m[K^~~[m[K
[01m[K/usr/include/c++/9/type_traits:2490:33:[m[K [01;31m[Kerror: [m[K‘[01m[K__b[m[K’ was not declared in this scope
 2490 |     swap(_Tp (&__a)[_Nm], _Tp (&[01;31m[K__b[m[K)[_Nm])
      |                                 [01;31m[K^~~[m[K
[01m[K/usr/include/c++/9/type_traits:2490:38:[m[K [01;31m[Kerror: [m[K‘[01m[K_Nm[m[K’ was not declared in this scope
 2490 |     swap(_Tp (&__a)[_Nm], _Tp (&__b)[[01;31m[K_Nm[m[K])
      |                                      [01;31m[K^~~[m[K
[01m[K/usr/include/c++/9/type_traits:2490:43:[m[K [01;31m[Kerror: [m[Kexpected ‘[01m[K;[m[K’ before ‘[01m[Knoexcept[m[K’
 2490 |     swap(_Tp (&__a)[_Nm], _Tp (&__b)[_Nm])
      |                                           [01;31m[K^[m[K
      |                                           [32m[K;[m[K
 2491 |     [32m[Knoexcept[m[K(__is_nothrow_swappable<_Tp>::value);
      |     [32m[K~~~~~~~~[m[K                               
In file included from [01m[K/usr/include/c++/9/bits/stl_pair.h:59[m[K,
                 from [01m[K/usr/include/c++/9/utility:70[m[K,
                 from [01m[K/usr/include/c++/9/algorithm:60[m[K,
                 from [01m[K/home/abscissa/dx_final/src/sentry_chassis_controller/src/sentry_chassis_controller.cpp:2[m[K:
[01m[K/usr/include/c++/9/bits/move.h:201:26:[m[K [01;31m[Kerror: [m[K‘[01m[Ksize_t[m[K’ has not been declared
  201 |   template<typename _Tp, [01;31m[Ksize_t[m[K _Nm>
      |                          [01;31m[K^~~~~~[m[K
[01m[K/usr/include/c++/9/bits/move.h:205:21:[m[K [01;31m[Kerror: [m[K‘[01m[K_Nm[m[K’ was not declared in this scope
  205 |     swap(_Tp (&__a)[[01;31m[K_Nm[m[K], _Tp (&__b)[_Nm])
      |                     [01;31m[K^~~[m[K
[01m[K/usr/include/c++/9/bits/move.h:205:24:[m[K [01;31m[Kerror: [m[K‘[01m[Ktemplate<class _Tp, <declaration error> > typename std::enable_if<std::__is_swappable<_Tp>::value>::type std::swap[m[K’ conflicts with a previous declaration
  205 |     swap(_Tp (&__a)[_Nm[01;31m[K][m[K, _Tp (&__b)[_Nm])
      |                        [01;31m[K^[m[K
[01m[K/usr/include/c++/9/bits/move.h:182:5:[m[K [01;36m[Knote: [m[Kprevious declaration ‘[01m[Ktypename std::enable_if<std::__and_<std::__not_<std::__is_tuple_like<_Tp> >, std::is_move_constructible<_Tp>, std::is_move_assignable<_Tp> >::value>::type std::swap(_Tp&, _Tp&)[m[K’
  182 |     [01;36m[Kswap[m[K(_Tp& __a, _Tp& __b)
      |     [01;36m[K^~~~[m[K
[01m[K/usr/include/c++/9/bits/move.h:205:16:[m[K [01;31m[Kerror: [m[K‘[01m[K__a[m[K’ was not declared in this scope
  205 |     swap(_Tp (&[01;31m[K__a[m[K)[_Nm], _Tp (&__b)[_Nm])
      |                [01;31m[K^~~[m[K
[01m[K/usr/include/c++/9/bits/move.h:205:21:[m[K [01;31m[Kerror: [m[K‘[01m[K_Nm[m[K’ was not declared in this scope
  205 |     swap(_Tp (&__a)[[01;31m[K_Nm[m[K], _Tp (&__b)[_Nm])
      |                     [01;31m[K^~~[m[K
[01m[K/usr/include/c++/9/bits/move.h:205:33:[m[K [01;31m[Kerror: [m[K‘[01m[K__b[m[K’ was not declared in this scope
  205 |     swap(_Tp (&__a)[_Nm], _Tp (&[01;31m[K__b[m[K)[_Nm])
      |                                 [01;31m[K^~~[m[K
[01m[K/usr/include/c++/9/bits/move.h:205:38:[m[K [01;31m[Kerror: [m[K‘[01m[K_Nm[m[K’ was not declared in this scope
  205 |     swap(_Tp (&__a)[_Nm], _Tp (&__b)[[01;31m[K_Nm[m[K])
      |                                      [01;31m[K^~~[m[K
[01m[K/usr/include/c++/9/bits/move.h:205:43:[m[K [01;31m[Kerror: [m[Kexpected ‘[01m[K;[m[K’ before ‘[01m[Knoexcept[m[K’
  205 |     swap(_Tp (&__a)[_Nm], _Tp (&__b)[_Nm])
      |                                           [01;31m[K^[m[K
      |                                           [32m[K;[m[K
  206 |     [32m[Knoexcept[m[K(__is_nothrow_swappable<_Tp>::value)
      |     [32m[K~~~~~~~~[m[K                               
In file included from [01m[K/usr/include/c++/9/utility:70[m[K,
                 from [01m[K/usr/include/c++/9/algorithm:60[m[K,
                 from [01m[K/home/abscissa/dx_final/src/sentry_chassis_controller/src/sentry_chassis_controller.cpp:2[m[K:
[01m[K/usr/include/c++/9/bits/stl_pair.h:86:17:[m[K [01;31m[Kerror: [m[K‘[01m[Kstd::size_t[m[K’ has not been declared
   86 |   template<std::[01;31m[Ksize_t[m[K...>
      |                 [01;31m[K^~~~~~[m[K
[01m[K/usr/include/c++/9/bits/stl_pair.h:434:41:[m[K [01;31m[Kerror: [m[K‘[01m[Kstd::size_t[m[K’ has not been declared
  434 |       template<typename... _Args1, std::[01;31m[Ksize_t[m[K... _Indexes1,
      |                                         [01;31m[K^~~~~~[m[K
[01m[K/usr/include/c++/9/bits/stl_pair.h:435:41:[m[K [01;31m[Kerror: [m[K‘[01m[Kstd::size_t[m[K’ has not been declared
  435 |                typename... _Args2, std::[01;31m[Ksize_t[m[K... _Indexes2>
      |                                         [01;31m[K^~~~~~[m[K
[01m[K/usr/include/c++/9/bits/stl_pair.h:437:27:[m[K [01;31m[Kerror: [m[K‘[01m[K_Indexes1[m[K’ was not declared in this scope
  437 |              _Index_tuple<[01;31m[K_Indexes1[m[K...>, _Index_tuple<_Indexes2...>);
      |                           [01;31m[K^~~~~~~~~[m[K
[01m[K/usr/include/c++/9/bits/stl_pair.h:437:36:[m[K [01;31m[Kerror: [m[Kexpected parameter pack before ‘[01m[K...[m[K’
  437 |              _Index_tuple<_Indexes1[01;31m[K...[m[K>, _Index_tuple<_Indexes2...>);
      |                                    [01;31m[K^~~[m[K
[01m[K/usr/include/c++/9/bits/stl_pair.h:437:39:[m[K [01;31m[Kerror: [m[Ktemplate argument 1 is invalid
  437 |              _Index_tuple<_Indexes1...[01;31m[K>[m[K, _Index_tuple<_Indexes2...>);
      |                                       [01;31m[K^[m[K
[01m[K/usr/include/c++/9/bits/stl_pair.h:437:55:[m[K [01;31m[Kerror: [m[K‘[01m[K_Indexes2[m[K’ was not declared in this scope
  437 |              _Index_tuple<_Indexes1...>, _Index_tuple<[01;31m[K_Indexes2[m[K...>);
      |                                                       [01;31m[K^~~~~~~~~[m[K
[01m[K/usr/include/c++/9/bits/stl_pair.h:437:64:[m[K [01;31m[Kerror: [m[Kexpected parameter pack before ‘[01m[K...[m[K’
  437 |              _Index_tuple<_Indexes1...>, _Index_tuple<_Indexes2[01;31m[K...[m[K>);
      |                                                                [01;31m[K^~~[m[K
[01m[K/usr/include/c++/9/bits/stl_pair.h:437:67:[m[K [01;31m[Kerror: [m[Ktemplate argument 1 is invalid
  437 |              _Index_tuple<_Indexes1...>, _Index_tuple<_Indexes2...[01;31m[K>[m[K);
      |                                                                   [01;31m[K^[m[K
In file included from [01m[K/usr/include/c++/9/utility:76[m[K,
                 from [01m[K/usr/include/c++/9/algorithm:60[m[K,
                 from [01m[K/home/abscissa/dx_final/src/sentry_chassis_controller/src/sentry_chassis_controller.cpp:2[m[K:
[01m[K/usr/include/c++/9/initializer_list:53:15:[m[K [01;31m[Kerror: [m[K‘[01m[Ksize_t[m[K’ does not name a type
   53 |       typedef [01;31m[Ksize_t[m[K   size_type;
      |               [01;31m[K^~~~~~[m[K
In file included from [01m[K/usr/include/c++/9/utility:76[m[K,
                 from [01m[K/usr/include/c++/9/algorithm:60[m[K,
                 from [01m[K/home/abscissa/dx_final/src/sentry_chassis_controller/src/sentry_chassis_controller.cpp:2[m[K:
[01m[K/usr/include/c++/9/initializer_list:1:1:[m[K [01;36m[Knote: [m[K‘[01m[Ksize_t[m[K’ is defined in header ‘[01m[K<cstddef>[m[K’; did you forget to ‘[01m[K#include <cstddef>[m[K’?
  +++ |+[32m[K#include <cstddef>[m[K
    1 | // std::initializer_list support -*- C++ -*-
In file included from [01m[K/usr/include/c++/9/utility:76[m[K,
                 from [01m[K/usr/include/c++/9/algorithm:60[m[K,
                 from [01m[K/home/abscissa/dx_final/src/sentry_chassis_controller/src/sentry_chassis_controller.cpp:2[m[K:
[01m[K/usr/include/c++/9/initializer_list:59:7:[m[K [01;31m[Kerror: [m[K‘[01m[Ksize_type[m[K’ does not name a type; did you mean ‘[01m[Ktrue_type[m[K’?
   59 |       [01;31m[Ksize_type[m[K   _M_len;
      |       [01;31m[K^~~~~~~~~[m[K
      |       [32m[Ktrue_type[m[K
[01m[K/usr/include/c++/9/initializer_list:62:54:[m[K [01;31m[Kerror: [m[K‘[01m[Ksize_type[m[K’ has not been declared
   62 |       constexpr initializer_list(const_iterator __a, [01;31m[Ksize_type[m[K __l)
      |                                                      [01;31m[K^~~~~~~~~[m[K
[01m[K/usr/include/c++/9/initializer_list:70:17:[m[K [01;31m[Kerror: [m[K‘[01m[Ksize_type[m[K’ does not name a type; did you mean ‘[01m[Ktrue_type[m[K’?
   70 |       constexpr [01;31m[Ksize_type[m[K
      |                 [01;31m[K^~~~~~~~~[m[K
      |                 [32m[Ktrue_type[m[K
[01m[K/usr/include/c++/9/initializer_list:47:11:[m[K [01;31m[Kfatal error: [m[Kdefinition of ‘[01m[Kclass std::initializer_list<_E>[m[K’ does not match ‘[01m[K#include <initializer_list>[m[K’
   47 |     class [01;31m[Kinitializer_list[m[K
      |           [01;31m[K^~~~~~~~~~~~~~~~[m[K
compilation terminated.
make[2]: *** [CMakeFiles/sentry_chassis_controller.dir/build.make:63：CMakeFiles/sentry_chassis_controller.dir/src/sentry_chassis_controller.cpp.o] 错误 1
make[1]: *** [CMakeFiles/Makefile2:214：CMakeFiles/sentry_chassis_controller.dir/all] 错误 2
make: *** [Makefile:141：all] 错误 2
