[01m[K/home/abscissa/dx_final/src/sentry_chassis_controller/src/sentry_chassis_controller.cpp:100:1:[m[K [01;31m[Kerror: [m[K‘[01m[Ks_[m[K’ does not name a type
  100 | [01;31m[Ks_[m[K[i].setCommand(0.0);
      | [01;31m[K^~[m[K
[01m[K/home/abscissa/dx_final/src/sentry_chassis_controller/src/sentry_chassis_controller.cpp:101:9:[m[K [01;31m[Kerror: [m[K‘[01m[Kwheel_joints_[m[K’ does not name a type
  101 |         [01;31m[Kwheel_joints_[m[K[i].setCommand(0.0);
      |         [01;31m[K^~~~~~~~~~~~~[m[K
[01m[K/home/abscissa/dx_final/src/sentry_chassis_controller/src/sentry_chassis_controller.cpp:103:5:[m[K [01;31m[Kerror: [m[K‘[01m[Kramped_vel_[m[K’ does not name a type
  103 |     [01;31m[Kramped_vel_[m[K = geometry_msgs::Twist();
      |     [01;31m[K^~~~~~~~~~~[m[K
[01m[K/home/abscissa/dx_final/src/sentry_chassis_controller/src/sentry_chassis_controller.cpp:104:1:[m[K [01;31m[Kerror: [m[Kexpected declaration before ‘[01m[K}[m[K’ token
  104 | [01;31m[K}[m[K
      | [01;31m[K^[m[K
[01m[K/home/abscissa/dx_final/src/sentry_chassis_controller/src/sentry_chassis_controller.cpp:106:6:[m[K [01;31m[Kerror: [m[K‘[01m[KSentryChassisController[m[K’ has not been declared
  106 | void [01;31m[KSentryChassisController[m[K::stopping(const ros::Time& time) {
      |      [01;31m[K^~~~~~~~~~~~~~~~~~~~~~~[m[K
[01m[K/home/abscissa/dx_final/src/sentry_chassis_controller/src/sentry_chassis_controller.cpp:[m[K In function ‘[01m[Kvoid stopping(const ros::Time&)[m[K’:
[01m[K/home/abscissa/dx_final/src/sentry_chassis_controller/src/sentry_chassis_controller.cpp:108:9:[m[K [01;31m[Kerror: [m[K‘[01m[Kpivot_joints_[m[K’ was not declared in this scope
  108 |         [01;31m[Kpivot_joints_[m[K[i].setCommand(0.0);
      |         [01;31m[K^~~~~~~~~~~~~[m[K
[01m[K/home/abscissa/dx_final/src/sentry_chassis_controller/src/sentry_chassis_controller.cpp:109:9:[m[K [01;31m[Kerror: [m[K‘[01m[Kwheel_joints_[m[K’ was not declared in this scope
  109 |         [01;31m[Kwheel_joints_[m[K[i].setCommand(0.0);
      |         [01;31m[K^~~~~~~~~~~~~[m[K
[01m[K/home/abscissa/dx_final/src/sentry_chassis_controller/src/sentry_chassis_controller.cpp:[m[K At global scope:
[01m[K/home/abscissa/dx_final/src/sentry_chassis_controller/src/sentry_chassis_controller.cpp:113:6:[m[K [01;31m[Kerror: [m[K‘[01m[KSentryChassisController[m[K’ has not been declared
  113 | void [01;31m[KSentryChassisController[m[K::keyCallback(const std_msgs::String::ConstPtr& msg) {
      |      [01;31m[K^~~~~~~~~~~~~~~~~~~~~~~[m[K
[01m[K/home/abscissa/dx_final/src/sentry_chassis_controller/src/sentry_chassis_controller.cpp:[m[K In function ‘[01m[Kvoid keyCallback(const ConstPtr&)[m[K’:
[01m[K/home/abscissa/dx_final/src/sentry_chassis_controller/src/sentry_chassis_controller.cpp:114:25:[m[K [01;31m[Kerror: [m[K‘[01m[Kctrl_mode_[m[K’ was not declared in this scope
  114 |   if (msg->data == "g") [01;31m[Kctrl_mode_[m[K = (ctrl_mode_ == CHASSIS_SPIN) ? CHASSIS_SEPARATE_GIMBAL : CHASSIS_SPIN;
      |                         [01;31m[K^~~~~~~~~~[m[K
[01m[K/home/abscissa/dx_final/src/sentry_chassis_controller/src/sentry_chassis_controller.cpp:114:53:[m[K [01;31m[Kerror: [m[K‘[01m[KCHASSIS_SPIN[m[K’ was not declared in this scope; did you mean ‘[01m[Ksentry_chassis_controller::CHASSIS_SPIN[m[K’?
  114 |   if (msg->data == "g") ctrl_mode_ = (ctrl_mode_ == [01;31m[KCHASSIS_SPIN[m[K) ? CHASSIS_SEPARATE_GIMBAL : CHASSIS_SPIN;
      |                                                     [01;31m[K^~~~~~~~~~~~[m[K
      |                                                     [32m[Ksentry_chassis_controller::CHASSIS_SPIN[m[K
In file included from [01m[K/home/abscissa/dx_final/src/sentry_chassis_controller/src/sentry_chassis_controller.cpp:1[m[K:
[01m[K/home/abscissa/dx_final/src/sentry_chassis_controller/include/sentry_chassis_controller/sentry_chassis_controller.h:25:3:[m[K [01;36m[Knote: [m[K‘[01m[Ksentry_chassis_controller::CHASSIS_SPIN[m[K’ declared here
   25 |   [01;36m[KCHASSIS_SPIN[m[K,
      |   [01;36m[K^~~~~~~~~~~~[m[K
[01m[K/home/abscissa/dx_final/src/sentry_chassis_controller/src/sentry_chassis_controller.cpp:114:69:[m[K [01;31m[Kerror: [m[K‘[01m[KCHASSIS_SEPARATE_GIMBAL[m[K’ was not declared in this scope; did you mean ‘[01m[Ksentry_chassis_controller::CHASSIS_SEPARATE_GIMBAL[m[K’?
  114 |   if (msg->data == "g") ctrl_mode_ = (ctrl_mode_ == CHASSIS_SPIN) ? [01;31m[KCHASSIS_SEPARATE_GIMBAL[m[K : CHASSIS_SPIN;
      |                                                                     [01;31m[K^~~~~~~~~~~~~~~~~~~~~~~[m[K
      |                                                                     [32m[Ksentry_chassis_controller::CHASSIS_SEPARATE_GIMBAL[m[K
In file included from [01m[K/home/abscissa/dx_final/src/sentry_chassis_controller/src/sentry_chassis_controller.cpp:1[m[K:
[01m[K/home/abscissa/dx_final/src/sentry_chassis_controller/include/sentry_chassis_controller/sentry_chassis_controller.h:24:3:[m[K [01;36m[Knote: [m[K‘[01m[Ksentry_chassis_controller::CHASSIS_SEPARATE_GIMBAL[m[K’ declared here
   24 |   [01;36m[KCHASSIS_SEPARATE_GIMBAL[m[K,
      |   [01;36m[K^~~~~~~~~~~~~~~~~~~~~~~[m[K
[01m[K/home/abscissa/dx_final/src/sentry_chassis_controller/src/sentry_chassis_controller.cpp:[m[K At global scope:
[01m[K/home/abscissa/dx_final/src/sentry_chassis_controller/src/sentry_chassis_controller.cpp:117:6:[m[K [01;31m[Kerror: [m[K‘[01m[KSentryChassisController[m[K’ has not been declared
  117 | void [01;31m[KSentryChassisController[m[K::cmdVelCallback(const geometry_msgs::Twist::ConstPtr& msg) {
      |      [01;31m[K^~~~~~~~~~~~~~~~~~~~~~~[m[K
[01m[K/home/abscissa/dx_final/src/sentry_chassis_controller/src/sentry_chassis_controller.cpp:[m[K In function ‘[01m[Kvoid cmdVelCallback(const ConstPtr&)[m[K’:
[01m[K/home/abscissa/dx_final/src/sentry_chassis_controller/src/sentry_chassis_controller.cpp:118:3:[m[K [01;31m[Kerror: [m[K‘[01m[Kcmd_vel_[m[K’ was not declared in this scope
  118 |   [01;31m[Kcmd_vel_[m[K = *msg;
      |   [01;31m[K^~~~~~~~[m[K
[01m[K/home/abscissa/dx_final/src/sentry_chassis_controller/src/sentry_chassis_controller.cpp:[m[K At global scope:
[01m[K/home/abscissa/dx_final/src/sentry_chassis_controller/src/sentry_chassis_controller.cpp:121:6:[m[K [01;31m[Kerror: [m[K‘[01m[KSentryChassisController[m[K’ has not been declared
  121 | void [01;31m[KSentryChassisController[m[K::transformVelocity(double& vx, double& vy) {
      |      [01;31m[K^~~~~~~~~~~~~~~~~~~~~~~[m[K
[01m[K/home/abscissa/dx_final/src/sentry_chassis_controller/src/sentry_chassis_controller.cpp:[m[K In function ‘[01m[Kvoid transformVelocity(double&, double&)[m[K’:
[01m[K/home/abscissa/dx_final/src/sentry_chassis_controller/src/sentry_chassis_controller.cpp:122:7:[m[K [01;31m[Kerror: [m[K‘[01m[Kuse_world_frame_[m[K’ was not declared in this scope
  122 |   if ([01;31m[Kuse_world_frame_[m[K) {
      |       [01;31m[K^~~~~~~~~~~~~~~~[m[K
[01m[K/home/abscissa/dx_final/src/sentry_chassis_controller/src/sentry_chassis_controller.cpp:125:7:[m[K [01;31m[Kerror: [m[K‘[01m[Ktf_listener_[m[K’ was not declared in this scope
  125 |       [01;31m[Ktf_listener_[m[K.lookupTransform("base_link", "odom", ros::Time(0), transform);
      |       [01;31m[K^~~~~~~~~~~~[m[K
[01m[K/home/abscissa/dx_final/src/sentry_chassis_controller/src/sentry_chassis_controller.cpp:[m[K At global scope:
[01m[K/home/abscissa/dx_final/src/sentry_chassis_controller/src/sentry_chassis_controller.cpp:136:6:[m[K [01;31m[Kerror: [m[K‘[01m[KSentryChassisController[m[K’ has not been declared
  136 | void [01;31m[KSentryChassisController[m[K::snapInput(double& vx, double& vy, double& vw) {
      |      [01;31m[K^~~~~~~~~~~~~~~~~~~~~~~[m[K
[01m[K/home/abscissa/dx_final/src/sentry_chassis_controller/src/sentry_chassis_controller.cpp:147:6:[m[K [01;31m[Kerror: [m[K‘[01m[KSentryChassisController[m[K’ has not been declared
  147 | void [01;31m[KSentryChassisController[m[K::calculateWheelStates(double vx, double vy, double vw) {
      |      [01;31m[K^~~~~~~~~~~~~~~~~~~~~~~[m[K
[01m[K/home/abscissa/dx_final/src/sentry_chassis_controller/src/sentry_chassis_controller.cpp:[m[K In function ‘[01m[Kvoid calculateWheelStates(double, double, double)[m[K’:
[01m[K/home/abscissa/dx_final/src/sentry_chassis_controller/src/sentry_chassis_controller.cpp:157:31:[m[K [01;31m[Kerror: [m[K‘[01m[KWHEEL_PERIMETER_[m[K’ was not declared in this scope
  157 |     double rpm_ratio = 60.0 / [01;31m[KWHEEL_PERIMETER_[m[K; // 无减速比
      |                               [01;31m[K^~~~~~~~~~~~~~~~[m[K
[01m[K/home/abscissa/dx_final/src/sentry_chassis_controller/src/sentry_chassis_controller.cpp:169:38:[m[K [01;31m[Kerror: [m[K‘[01m[Klast_steer_angles_[m[K’ was not declared in this scope
  169 |             double last_phys_angle = [01;31m[Klast_steer_angles_[m[K[i] - steer_offset_rad_[i];
      |                                      [01;31m[K^~~~~~~~~~~~~~~~~~[m[K
[01m[K/home/abscissa/dx_final/src/sentry_chassis_controller/src/sentry_chassis_controller.cpp:169:62:[m[K [01;31m[Kerror: [m[K‘[01m[Ksteer_offset_rad_[m[K’ was not declared in this scope
  169 |             double last_phys_angle = last_steer_angles_[i] - [01;31m[Ksteer_offset_rad_[m[K[i];
      |                                                              [01;31m[K^~~~~~~~~~~~~~~~~[m[K
[01m[K/home/abscissa/dx_final/src/sentry_chassis_controller/src/sentry_chassis_controller.cpp:187:13:[m[K [01;31m[Kerror: [m[K‘[01m[Ktarget_angles_[m[K’ was not declared in this scope
  187 |             [01;31m[Ktarget_angles_[m[K[i] = last_phys_angle + diff + steer_offset_rad_[i];
      |             [01;31m[K^~~~~~~~~~~~~~[m[K
[01m[K/home/abscissa/dx_final/src/sentry_chassis_controller/src/sentry_chassis_controller.cpp:196:28:[m[K [01;31m[Kerror: [m[K‘[01m[Kwheel_direction_[m[K’ was not declared in this scope
  196 |             final_speed *= [01;31m[Kwheel_direction_[m[K[i]; // 物理配置
      |                            [01;31m[K^~~~~~~~~~~~~~~~[m[K
[01m[K/home/abscissa/dx_final/src/sentry_chassis_controller/src/sentry_chassis_controller.cpp:201:13:[m[K [01;31m[Kerror: [m[K‘[01m[Ktarget_velocities_[m[K’ was not declared in this scope
  201 |             [01;31m[Ktarget_velocities_[m[K[i] = final_speed;
      |             [01;31m[K^~~~~~~~~~~~~~~~~~[m[K
[01m[K/home/abscissa/dx_final/src/sentry_chassis_controller/src/sentry_chassis_controller.cpp:210:16:[m[K [01;31m[Kerror: [m[K‘[01m[Kwheel_track_[m[K’ was not declared in this scope
  210 |     double a = [01;31m[Kwheel_track_[m[K / 2.0;
      |                [01;31m[K^~~~~~~~~~~~[m[K
[01m[K/home/abscissa/dx_final/src/sentry_chassis_controller/src/sentry_chassis_controller.cpp:211:16:[m[K [01;31m[Kerror: [m[K‘[01m[Kwheel_base_[m[K’ was not declared in this scope
  211 |     double b = [01;31m[Kwheel_base_[m[K / 2.0;
      |                [01;31m[K^~~~~~~~~~~[m[K
[01m[K/home/abscissa/dx_final/src/sentry_chassis_controller/src/sentry_chassis_controller.cpp:233:13:[m[K [01;31m[Kerror: [m[K‘[01m[Ktarget_velocities_[m[K’ was not declared in this scope
  233 |             [01;31m[Ktarget_velocities_[m[K[i] = 0.0;
      |             [01;31m[K^~~~~~~~~~~~~~~~~~[m[K
[01m[K/home/abscissa/dx_final/src/sentry_chassis_controller/src/sentry_chassis_controller.cpp:237:34:[m[K [01;31m[Kerror: [m[K‘[01m[Klast_steer_angles_[m[K’ was not declared in this scope
  237 |         double last_phys_angle = [01;31m[Klast_steer_angles_[m[K[i] - steer_offset_rad_[i];
      |                                  [01;31m[K^~~~~~~~~~~~~~~~~~[m[K
[01m[K/home/abscissa/dx_final/src/sentry_chassis_controller/src/sentry_chassis_controller.cpp:237:58:[m[K [01;31m[Kerror: [m[K‘[01m[Ksteer_offset_rad_[m[K’ was not declared in this scope
  237 |         double last_phys_angle = last_steer_angles_[i] - [01;31m[Ksteer_offset_rad_[m[K[i];
      |                                                          [01;31m[K^~~~~~~~~~~~~~~~~[m[K
[01m[K/home/abscissa/dx_final/src/sentry_chassis_controller/src/sentry_chassis_controller.cpp:252:9:[m[K [01;31m[Kerror: [m[K‘[01m[Ktarget_angles_[m[K’ was not declared in this scope
  252 |         [01;31m[Ktarget_angles_[m[K[i] = last_phys_angle + diff + steer_offset_rad_[i];
      |         [01;31m[K^~~~~~~~~~~~~~[m[K
[01m[K/home/abscissa/dx_final/src/sentry_chassis_controller/src/sentry_chassis_controller.cpp:260:24:[m[K [01;31m[Kerror: [m[K‘[01m[Kwheel_direction_[m[K’ was not declared in this scope
  260 |         final_speed *= [01;31m[Kwheel_direction_[m[K[i];
      |                        [01;31m[K^~~~~~~~~~~~~~~~[m[K
[01m[K/home/abscissa/dx_final/src/sentry_chassis_controller/src/sentry_chassis_controller.cpp:265:9:[m[K [01;31m[Kerror: [m[K‘[01m[Ktarget_velocities_[m[K’ was not declared in this scope
  265 |         [01;31m[Ktarget_velocities_[m[K[i] = final_speed;
      |         [01;31m[K^~~~~~~~~~~~~~~~~~[m[K
[01m[K/home/abscissa/dx_final/src/sentry_chassis_controller/src/sentry_chassis_controller.cpp:[m[K At global scope:
[01m[K/home/abscissa/dx_final/src/sentry_chassis_controller/src/sentry_chassis_controller.cpp:268:6:[m[K [01;31m[Kerror: [m[K‘[01m[KSentryChassisController[m[K’ has not been declared
  268 | void [01;31m[KSentryChassisController[m[K::keyCallback(const std_msgs::String::ConstPtr& msg) {
      |      [01;31m[K^~~~~~~~~~~~~~~~~~~~~~~[m[K
[01m[K/home/abscissa/dx_final/src/sentry_chassis_controller/src/sentry_chassis_controller.cpp:268:6:[m[K [01;31m[Kerror: [m[Kredefinition of ‘[01m[Kvoid keyCallback(const ConstPtr&)[m[K’
[01m[K/home/abscissa/dx_final/src/sentry_chassis_controller/src/sentry_chassis_controller.cpp:113:6:[m[K [01;36m[Knote: [m[K‘[01m[Kvoid keyCallback(const ConstPtr&)[m[K’ previously defined here
  113 | void [01;36m[KSentryChassisController[m[K::keyCallback(const std_msgs::String::ConstPtr& msg) {
      |      [01;36m[K^~~~~~~~~~~~~~~~~~~~~~~[m[K
[01m[K/home/abscissa/dx_final/src/sentry_chassis_controller/src/sentry_chassis_controller.cpp:[m[K In function ‘[01m[Kvoid keyCallback(const ConstPtr&)[m[K’:
[01m[K/home/abscissa/dx_final/src/sentry_chassis_controller/src/sentry_chassis_controller.cpp:269:25:[m[K [01;31m[Kerror: [m[K‘[01m[Kctrl_mode_[m[K’ was not declared in this scope
  269 |   if (msg->data == "g") [01;31m[Kctrl_mode_[m[K = (ctrl_mode_ == CHASSIS_SPIN) ? CHASSIS_SEPARATE_GIMBAL : CHASSIS_SPIN;
      |                         [01;31m[K^~~~~~~~~~[m[K
[01m[K/home/abscissa/dx_final/src/sentry_chassis_controller/src/sentry_chassis_controller.cpp:269:53:[m[K [01;31m[Kerror: [m[K‘[01m[KCHASSIS_SPIN[m[K’ was not declared in this scope; did you mean ‘[01m[Ksentry_chassis_controller::CHASSIS_SPIN[m[K’?
  269 |   if (msg->data == "g") ctrl_mode_ = (ctrl_mode_ == [01;31m[KCHASSIS_SPIN[m[K) ? CHASSIS_SEPARATE_GIMBAL : CHASSIS_SPIN;
      |                                                     [01;31m[K^~~~~~~~~~~~[m[K
      |                                                     [32m[Ksentry_chassis_controller::CHASSIS_SPIN[m[K
In file included from [01m[K/home/abscissa/dx_final/src/sentry_chassis_controller/src/sentry_chassis_controller.cpp:1[m[K:
[01m[K/home/abscissa/dx_final/src/sentry_chassis_controller/include/sentry_chassis_controller/sentry_chassis_controller.h:25:3:[m[K [01;36m[Knote: [m[K‘[01m[Ksentry_chassis_controller::CHASSIS_SPIN[m[K’ declared here
   25 |   [01;36m[KCHASSIS_SPIN[m[K,
      |   [01;36m[K^~~~~~~~~~~~[m[K
[01m[K/home/abscissa/dx_final/src/sentry_chassis_controller/src/sentry_chassis_controller.cpp:269:69:[m[K [01;31m[Kerror: [m[K‘[01m[KCHASSIS_SEPARATE_GIMBAL[m[K’ was not declared in this scope; did you mean ‘[01m[Ksentry_chassis_controller::CHASSIS_SEPARATE_GIMBAL[m[K’?
  269 |   if (msg->data == "g") ctrl_mode_ = (ctrl_mode_ == CHASSIS_SPIN) ? [01;31m[KCHASSIS_SEPARATE_GIMBAL[m[K : CHASSIS_SPIN;
      |                                                                     [01;31m[K^~~~~~~~~~~~~~~~~~~~~~~[m[K
      |                                                                     [32m[Ksentry_chassis_controller::CHASSIS_SEPARATE_GIMBAL[m[K
In file included from [01m[K/home/abscissa/dx_final/src/sentry_chassis_controller/src/sentry_chassis_controller.cpp:1[m[K:
[01m[K/home/abscissa/dx_final/src/sentry_chassis_controller/include/sentry_chassis_controller/sentry_chassis_controller.h:24:3:[m[K [01;36m[Knote: [m[K‘[01m[Ksentry_chassis_controller::CHASSIS_SEPARATE_GIMBAL[m[K’ declared here
   24 |   [01;36m[KCHASSIS_SEPARATE_GIMBAL[m[K,
      |   [01;36m[K^~~~~~~~~~~~~~~~~~~~~~~[m[K
[01m[K/home/abscissa/dx_final/src/sentry_chassis_controller/src/sentry_chassis_controller.cpp:[m[K At global scope:
[01m[K/home/abscissa/dx_final/src/sentry_chassis_controller/src/sentry_chassis_controller.cpp:272:6:[m[K [01;31m[Kerror: [m[K‘[01m[KSentryChassisController[m[K’ has not been declared
  272 | void [01;31m[KSentryChassisController[m[K::cmdVelCallback(const geometry_msgs::Twist::ConstPtr& msg) {
      |      [01;31m[K^~~~~~~~~~~~~~~~~~~~~~~[m[K
[01m[K/home/abscissa/dx_final/src/sentry_chassis_controller/src/sentry_chassis_controller.cpp:272:6:[m[K [01;31m[Kerror: [m[Kredefinition of ‘[01m[Kvoid cmdVelCallback(const ConstPtr&)[m[K’
[01m[K/home/abscissa/dx_final/src/sentry_chassis_controller/src/sentry_chassis_controller.cpp:117:6:[m[K [01;36m[Knote: [m[K‘[01m[Kvoid cmdVelCallback(const ConstPtr&)[m[K’ previously defined here
  117 | void [01;36m[KSentryChassisController[m[K::cmdVelCallback(const geometry_msgs::Twist::ConstPtr& msg) {
      |      [01;36m[K^~~~~~~~~~~~~~~~~~~~~~~[m[K
[01m[K/home/abscissa/dx_final/src/sentry_chassis_controller/src/sentry_chassis_controller.cpp:[m[K In function ‘[01m[Kvoid cmdVelCallback(const ConstPtr&)[m[K’:
[01m[K/home/abscissa/dx_final/src/sentry_chassis_controller/src/sentry_chassis_controller.cpp:273:3:[m[K [01;31m[Kerror: [m[K‘[01m[Kcmd_vel_[m[K’ was not declared in this scope
  273 |   [01;31m[Kcmd_vel_[m[K = *msg;
      |   [01;31m[K^~~~~~~~[m[K
[01m[K/home/abscissa/dx_final/src/sentry_chassis_controller/src/sentry_chassis_controller.cpp:[m[K At global scope:
[01m[K/home/abscissa/dx_final/src/sentry_chassis_controller/src/sentry_chassis_controller.cpp:276:6:[m[K [01;31m[Kerror: [m[K‘[01m[KSentryChassisController[m[K’ has not been declared
  276 | void [01;31m[KSentryChassisController[m[K::transformVelocity(double& vx, double& vy) {
      |      [01;31m[K^~~~~~~~~~~~~~~~~~~~~~~[m[K
[01m[K/home/abscissa/dx_final/src/sentry_chassis_controller/src/sentry_chassis_controller.cpp:276:6:[m[K [01;31m[Kerror: [m[Kredefinition of ‘[01m[Kvoid transformVelocity(double&, double&)[m[K’
[01m[K/home/abscissa/dx_final/src/sentry_chassis_controller/src/sentry_chassis_controller.cpp:121:6:[m[K [01;36m[Knote: [m[K‘[01m[Kvoid transformVelocity(double&, double&)[m[K’ previously defined here
  121 | void [01;36m[KSentryChassisController[m[K::transformVelocity(double& vx, double& vy) {
      |      [01;36m[K^~~~~~~~~~~~~~~~~~~~~~~[m[K
[01m[K/home/abscissa/dx_final/src/sentry_chassis_controller/src/sentry_chassis_controller.cpp:[m[K In function ‘[01m[Kvoid transformVelocity(double&, double&)[m[K’:
[01m[K/home/abscissa/dx_final/src/sentry_chassis_controller/src/sentry_chassis_controller.cpp:277:7:[m[K [01;31m[Kerror: [m[K‘[01m[Kuse_world_frame_[m[K’ was not declared in this scope
  277 |   if ([01;31m[Kuse_world_frame_[m[K) {
      |       [01;31m[K^~~~~~~~~~~~~~~~[m[K
[01m[K/home/abscissa/dx_final/src/sentry_chassis_controller/src/sentry_chassis_controller.cpp:280:7:[m[K [01;31m[Kerror: [m[K‘[01m[Ktf_listener_[m[K’ was not declared in this scope
  280 |       [01;31m[Ktf_listener_[m[K.lookupTransform("base_link", "odom", ros::Time(0), transform);
      |       [01;31m[K^~~~~~~~~~~~[m[K
[01m[K/home/abscissa/dx_final/src/sentry_chassis_controller/src/sentry_chassis_controller.cpp:[m[K At global scope:
[01m[K/home/abscissa/dx_final/src/sentry_chassis_controller/src/sentry_chassis_controller.cpp:291:6:[m[K [01;31m[Kerror: [m[K‘[01m[KSentryChassisController[m[K’ has not been declared
  291 | void [01;31m[KSentryChassisController[m[K::snapInput(double& vx, double& vy, double& vw) {
      |      [01;31m[K^~~~~~~~~~~~~~~~~~~~~~~[m[K
[01m[K/home/abscissa/dx_final/src/sentry_chassis_controller/src/sentry_chassis_controller.cpp:291:6:[m[K [01;31m[Kerror: [m[Kredefinition of ‘[01m[Kvoid snapInput(double&, double&, double&)[m[K’
[01m[K/home/abscissa/dx_final/src/sentry_chassis_controller/src/sentry_chassis_controller.cpp:136:6:[m[K [01;36m[Knote: [m[K‘[01m[Kvoid snapInput(double&, double&, double&)[m[K’ previously defined here
  136 | void [01;36m[KSentryChassisController[m[K::snapInput(double& vx, double& vy, double& vw) {
      |      [01;36m[K^~~~~~~~~~~~~~~~~~~~~~~[m[K
[01m[K/home/abscissa/dx_final/src/sentry_chassis_controller/src/sentry_chassis_controller.cpp:302:6:[m[K [01;31m[Kerror: [m[K‘[01m[KSentryChassisController[m[K’ has not been declared
  302 | void [01;31m[KSentryChassisController[m[K::calculateWheelStates(double vx, double vy, double vw) {
      |      [01;31m[K^~~~~~~~~~~~~~~~~~~~~~~[m[K
[01m[K/home/abscissa/dx_final/src/sentry_chassis_controller/src/sentry_chassis_controller.cpp:302:6:[m[K [01;31m[Kerror: [m[Kredefinition of ‘[01m[Kvoid calculateWheelStates(double, double, double)[m[K’
[01m[K/home/abscissa/dx_final/src/sentry_chassis_controller/src/sentry_chassis_controller.cpp:147:6:[m[K [01;36m[Knote: [m[K‘[01m[Kvoid calculateWheelStates(double, double, double)[m[K’ previously defined here
  147 | void [01;36m[KSentryChassisController[m[K::calculateWheelStates(double vx, double vy, double vw) {
      |      [01;36m[K^~~~~~~~~~~~~~~~~~~~~~~[m[K
[01m[K/home/abscissa/dx_final/src/sentry_chassis_controller/src/sentry_chassis_controller.cpp:[m[K In function ‘[01m[Kvoid calculateWheelStates(double, double, double)[m[K’:
[01m[K/home/abscissa/dx_final/src/sentry_chassis_controller/src/sentry_chassis_controller.cpp:309:24:[m[K [01;31m[Kerror: [m[K‘[01m[Ktarget_velocities_[m[K’ was not declared in this scope
  309 | for(int i=0; i<4; i++) [01;31m[Ktarget_velocities_[m[K[i] = 0.0;
      |                        [01;31m[K^~~~~~~~~~~~~~~~~~[m[K
[01m[K/home/abscissa/dx_final/src/sentry_chassis_controller/src/sentry_chassis_controller.cpp:317:12:[m[K [01;31m[Kerror: [m[K‘[01m[Kwheel_track_[m[K’ was not declared in this scope
  317 | double a = [01;31m[Kwheel_track_[m[K / 2.0;
      |            [01;31m[K^~~~~~~~~~~~[m[K
[01m[K/home/abscissa/dx_final/src/sentry_chassis_controller/src/sentry_chassis_controller.cpp:319:12:[m[K [01;31m[Kerror: [m[K‘[01m[Kwheel_base_[m[K’ was not declared in this scope
  319 | double b = [01;31m[Kwheel_base_[m[K / 2.0;
      |            [01;31m[K^~~~~~~~~~~[m[K
[01m[K/home/abscissa/dx_final/src/sentry_chassis_controller/src/sentry_chassis_controller.cpp:321:27:[m[K [01;31m[Kerror: [m[K‘[01m[KWHEEL_PERIMETER_[m[K’ was not declared in this scope
  321 | double rpm_ratio = 60.0 / [01;31m[KWHEEL_PERIMETER_[m[K; // 去除了减速比
      |                           [01;31m[K^~~~~~~~~~~~~~~~[m[K
[01m[K/home/abscissa/dx_final/src/sentry_chassis_controller/src/sentry_chassis_controller.cpp:363:1:[m[K [01;31m[Kerror: [m[K‘[01m[Ktarget_velocities_[m[K’ was not declared in this scope
  363 | [01;31m[Ktarget_velocities_[m[K[i] = 0.0;
      | [01;31m[K^~~~~~~~~~~~~~~~~~[m[K
[01m[K/home/abscissa/dx_final/src/sentry_chassis_controller/src/sentry_chassis_controller.cpp:371:26:[m[K [01;31m[Kerror: [m[K‘[01m[Klast_steer_angles_[m[K’ was not declared in this scope
  371 | double last_phys_angle = [01;31m[Klast_steer_angles_[m[K[i] - steer_offset_rad_[i];
      |                          [01;31m[K^~~~~~~~~~~~~~~~~~[m[K
[01m[K/home/abscissa/dx_final/src/sentry_chassis_controller/src/sentry_chassis_controller.cpp:371:50:[m[K [01;31m[Kerror: [m[K‘[01m[Ksteer_offset_rad_[m[K’ was not declared in this scope
  371 | double last_phys_angle = last_steer_angles_[i] - [01;31m[Ksteer_offset_rad_[m[K[i];
      |                                                  [01;31m[K^~~~~~~~~~~~~~~~~[m[K
[01m[K/home/abscissa/dx_final/src/sentry_chassis_controller/src/sentry_chassis_controller.cpp:410:1:[m[K [01;31m[Kerror: [m[K‘[01m[Ktarget_angles_[m[K’ was not declared in this scope
  410 | [01;31m[Ktarget_angles_[m[K[i] = last_phys_angle + diff + steer_offset_rad_[i];
      | [01;31m[K^~~~~~~~~~~~~~[m[K
[01m[K/home/abscissa/dx_final/src/sentry_chassis_controller/src/sentry_chassis_controller.cpp:424:16:[m[K [01;31m[Kerror: [m[K‘[01m[Kwheel_direction_[m[K’ was not declared in this scope
  424 | final_speed *= [01;31m[Kwheel_direction_[m[K[i]; // 物理系数
      |                [01;31m[K^~~~~~~~~~~~~~~~[m[K
[01m[K/home/abscissa/dx_final/src/sentry_chassis_controller/src/sentry_chassis_controller.cpp:436:1:[m[K [01;31m[Kerror: [m[K‘[01m[Ktarget_velocities_[m[K’ was not declared in this scope
  436 | [01;31m[Ktarget_velocities_[m[K[i] = final_speed;
      | [01;31m[K^~~~~~~~~~~~~~~~~~[m[K
[01m[K/home/abscissa/dx_final/src/sentry_chassis_controller/src/sentry_chassis_controller.cpp:441:6:[m[K [01;31m[Kerror: [m[K‘[01m[KSentryChassisController[m[K’ has not been declared
  441 | void [01;31m[KSentryChassisController[m[K::Steer_angle_change(double vx, double vy, double vw) { calculateWheelStates(vx, vy, vw); }
      |      [01;31m[K^~~~~~~~~~~~~~~~~~~~~~~[m[K
[01m[K/home/abscissa/dx_final/src/sentry_chassis_controller/src/sentry_chassis_controller.cpp:441:49:[m[K [01;31m[Kerror: [m[Kqualified-id in declaration before ‘[01m[K([m[K’ token
  441 | void SentryChassisController::Steer_angle_change[01;31m[K([m[Kdouble vx, double vy, double vw) { calculateWheelStates(vx, vy, vw); }
      |                                                 [01;31m[K^[m[K
[01m[K/home/abscissa/dx_final/src/sentry_chassis_controller/src/sentry_chassis_controller.cpp:442:6:[m[K [01;31m[Kerror: [m[K‘[01m[KSentryChassisController[m[K’ has not been declared
  442 | void [01;31m[KSentryChassisController[m[K::Steer_Speed_Calculate(double vx, double vy, double vw) {}
      |      [01;31m[K^~~~~~~~~~~~~~~~~~~~~~~[m[K
[01m[K/home/abscissa/dx_final/src/sentry_chassis_controller/src/sentry_chassis_controller.cpp:442:52:[m[K [01;31m[Kerror: [m[Kqualified-id in declaration before ‘[01m[K([m[K’ token
  442 | void SentryChassisController::Steer_Speed_Calculate[01;31m[K([m[Kdouble vx, double vy, double vw) {}
      |                                                    [01;31m[K^[m[K
[01m[K/home/abscissa/dx_final/src/sentry_chassis_controller/src/sentry_chassis_controller.cpp:444:6:[m[K [01;31m[Kerror: [m[K‘[01m[KSentryChassisController[m[K’ has not been declared
  444 | void [01;31m[KSentryChassisController[m[K::ChassisSeparateGimbalMode() {
      |      [01;31m[K^~~~~~~~~~~~~~~~~~~~~~~[m[K
[01m[K/home/abscissa/dx_final/src/sentry_chassis_controller/src/sentry_chassis_controller.cpp:444:56:[m[K [01;31m[Kerror: [m[Kqualified-id in declaration before ‘[01m[K([m[K’ token
  444 | void SentryChassisController::ChassisSeparateGimbalMode[01;31m[K([m[K) {
      |                                                        [01;31m[K^[m[K
[01m[K/home/abscissa/dx_final/src/sentry_chassis_controller/src/sentry_chassis_controller.cpp:452:6:[m[K [01;31m[Kerror: [m[K‘[01m[KSentryChassisController[m[K’ has not been declared
  452 | void [01;31m[KSentryChassisController[m[K::ChassisSpinMode() {
      |      [01;31m[K^~~~~~~~~~~~~~~~~~~~~~~[m[K
[01m[K/home/abscissa/dx_final/src/sentry_chassis_controller/src/sentry_chassis_controller.cpp:452:46:[m[K [01;31m[Kerror: [m[Kqualified-id in declaration before ‘[01m[K([m[K’ token
  452 | void SentryChassisController::ChassisSpinMode[01;31m[K([m[K) {
      |                                              [01;31m[K^[m[K
[01m[K/home/abscissa/dx_final/src/sentry_chassis_controller/src/sentry_chassis_controller.cpp:461:6:[m[K [01;31m[Kerror: [m[K‘[01m[KSentryChassisController[m[K’ has not been declared
  461 | void [01;31m[KSentryChassisController[m[K::rampVelocity(const ros::Duration& period) {
      |      [01;31m[K^~~~~~~~~~~~~~~~~~~~~~~[m[K
[01m[K/home/abscissa/dx_final/src/sentry_chassis_controller/src/sentry_chassis_controller.cpp:461:43:[m[K [01;31m[Kerror: [m[Kqualified-id in declaration before ‘[01m[K([m[K’ token
  461 | void SentryChassisController::rampVelocity[01;31m[K([m[Kconst ros::Duration& period) {
      |                                           [01;31m[K^[m[K
[01m[K/home/abscissa/dx_final/src/sentry_chassis_controller/src/sentry_chassis_controller.cpp:467:6:[m[K [01;31m[Kerror: [m[K‘[01m[KSentryChassisController[m[K’ has not been declared
  467 | void [01;31m[KSentryChassisController[m[K::update(const ros::Time& time, const ros::Duration& period) {
      |      [01;31m[K^~~~~~~~~~~~~~~~~~~~~~~[m[K
[01m[K/home/abscissa/dx_final/src/sentry_chassis_controller/src/sentry_chassis_controller.cpp:467:37:[m[K [01;31m[Kerror: [m[Kqualified-id in declaration before ‘[01m[K([m[K’ token
  467 | void SentryChassisController::update[01;31m[K([m[Kconst ros::Time& time, const ros::Duration& period) {
      |                                     [01;31m[K^[m[K
[01m[K/home/abscissa/dx_final/src/sentry_chassis_controller/src/sentry_chassis_controller.cpp:525:6:[m[K [01;31m[Kerror: [m[K‘[01m[KSentryChassisController[m[K’ has not been declared
  525 | void [01;31m[KSentryChassisController[m[K::calculateOdom(const ros::Time& now) {
      |      [01;31m[K^~~~~~~~~~~~~~~~~~~~~~~[m[K
[01m[K/home/abscissa/dx_final/src/sentry_chassis_controller/src/sentry_chassis_controller.cpp:525:44:[m[K [01;31m[Kerror: [m[Kqualified-id in declaration before ‘[01m[K([m[K’ token
  525 | void SentryChassisController::calculateOdom[01;31m[K([m[Kconst ros::Time& now) {
      |                                            [01;31m[K^[m[K
[01m[K/home/abscissa/dx_final/src/sentry_chassis_controller/src/sentry_chassis_controller.cpp:575:6:[m[K [01;31m[Kerror: [m[K‘[01m[KSentryChassisController[m[K’ has not been declared
  575 | void [01;31m[KSentryChassisController[m[K::ChassisStopMode() {
      |      [01;31m[K^~~~~~~~~~~~~~~~~~~~~~~[m[K
[01m[K/home/abscissa/dx_final/src/sentry_chassis_controller/src/sentry_chassis_controller.cpp:575:46:[m[K [01;31m[Kerror: [m[Kqualified-id in declaration before ‘[01m[K([m[K’ token
  575 | void SentryChassisController::ChassisStopMode[01;31m[K([m[K) {
      |                                              [01;31m[K^[m[K
[01m[K/home/abscissa/dx_final/src/sentry_chassis_controller/src/sentry_chassis_controller.cpp:592:6:[m[K [01;31m[Kerror: [m[K‘[01m[KSentryChassisController[m[K’ has not been declared
  592 | void [01;31m[KSentryChassisController[m[K::calculateRoundCnt() {
      |      [01;31m[K^~~~~~~~~~~~~~~~~~~~~~~[m[K
[01m[K/home/abscissa/dx_final/src/sentry_chassis_controller/src/sentry_chassis_controller.cpp:592:48:[m[K [01;31m[Kerror: [m[Kqualified-id in declaration before ‘[01m[K([m[K’ token
  592 | void SentryChassisController::calculateRoundCnt[01;31m[K([m[K) {
      |                                                [01;31m[K^[m[K
[01m[K/home/abscissa/dx_final/src/sentry_chassis_controller/src/sentry_chassis_controller.cpp:602:6:[m[K [01;31m[Kerror: [m[K‘[01m[KSentryChassisController[m[K’ has not been declared
  602 | void [01;31m[KSentryChassisController[m[K::calculateTargetRoundCnt() {
      |      [01;31m[K^~~~~~~~~~~~~~~~~~~~~~~[m[K
[01m[K/home/abscissa/dx_final/src/sentry_chassis_controller/src/sentry_chassis_controller.cpp:602:54:[m[K [01;31m[Kerror: [m[Kqualified-id in declaration before ‘[01m[K([m[K’ token
  602 | void SentryChassisController::calculateTargetRoundCnt[01;31m[K([m[K) {
      |                                                      [01;31m[K^[m[K
make[2]: *** [CMakeFiles/sentry_chassis_controller.dir/build.make:63：CMakeFiles/sentry_chassis_controller.dir/src/sentry_chassis_controller.cpp.o] 错误 1
make[1]: *** [CMakeFiles/Makefile2:214：CMakeFiles/sentry_chassis_controller.dir/all] 错误 2
make: *** [Makefile:141：all] 错误 2
